
> crewspace@0.0.0 test
> vitest run


[1m[46m RUN [49m[22m [36mv4.1.2 [39m[90mC:/Users/aferdman/OneDrive - Microsoft/Desktop/Meirson/ProjectX2-Product[39m

 [31mΓ¥»[39m packages/core/tests/unit/jsdoc-coverage.test.ts [2m([22m[2m41 tests[22m[2m | [22m[31m2 failed[39m[2m)[22m[32m 236[2mms[22m[39m
[31m     [31m├ù[31m usage/usage-errors.ts ΓÇö all exports should have JSDoc[39m[32m 33[2mms[22m[39m
[31m     [31m├ù[31m workflow/workflow-errors.ts ΓÇö all exports should have JSDoc[39m[32m 3[2mms[22m[39m
     [32mΓ£ô[39m should have checked at least 30 source files[32m 1[2mms[22m[39m
     [32mΓ£ô[39m llm/base-provider.ts ΓÇö generateText() should have JSDoc[32m 2[2mms[22m[39m
     [32mΓ£ô[39m llm/base-provider.ts ΓÇö generateStream() should have JSDoc[32m 1[2mms[22m[39m
     [32mΓ£ô[39m llm/stream-response.ts ΓÇö toResponse() should have JSDoc[32m 1[2mms[22m[39m
     [32mΓ£ô[39m memory/memory-manager.ts ΓÇö on() should have JSDoc[32m 2[2mms[22m[39m
     [32mΓ£ô[39m memory/memory-manager.ts ΓÇö off() should have JSDoc[32m 1[2mms[22m[39m
     [32mΓ£ô[39m memory/memory-manager.ts ΓÇö add() should have JSDoc[32m 2[2mms[22m[39m
     [32mΓ£ô[39m memory/memory-manager.ts ΓÇö get() should have JSDoc[32m 1[2mms[22m[39m
     [32mΓ£ô[39m memory/memory-manager.ts ΓÇö query() should have JSDoc[32m 1[2mms[22m[39m
     [32mΓ£ô[39m memory/memory-manager.ts ΓÇö search() should have JSDoc[32m 1[2mms[22m[39m
     [32mΓ£ô[39m memory/memory-manager.ts ΓÇö delete() should have JSDoc[32m 1[2mms[22m[39m
     [32mΓ£ô[39m memory/memory-manager.ts ΓÇö clear() should have JSDoc[32m 1[2mms[22m[39m
     [32mΓ£ô[39m memory/memory-manager.ts ΓÇö count() should have JSDoc[32m 1[2mms[22m[39m
     [32mΓ£ô[39m memory/short-term-memory.ts ΓÇö on() should have JSDoc[32m 0[2mms[22m[39m
     [32mΓ£ô[39m memory/short-term-memory.ts ΓÇö off() should have JSDoc[32m 0[2mms[22m[39m
     [32mΓ£ô[39m memory/short-term-memory.ts ΓÇö add() should have JSDoc[32m 0[2mms[22m[39m
     [32mΓ£ô[39m memory/short-term-memory.ts ΓÇö get() should have JSDoc[32m 0[2mms[22m[39m
     [32mΓ£ô[39m memory/short-term-memory.ts ΓÇö query() should have JSDoc[32m 0[2mms[22m[39m
     [32mΓ£ô[39m memory/short-term-memory.ts ΓÇö search() should have JSDoc[32m 0[2mms[22m[39m
     [32mΓ£ô[39m memory/short-term-memory.ts ΓÇö delete() should have JSDoc[32m 0[2mms[22m[39m
     [32mΓ£ô[39m memory/short-term-memory.ts ΓÇö clear() should have JSDoc[32m 0[2mms[22m[39m
     [32mΓ£ô[39m memory/short-term-memory.ts ΓÇö count() should have JSDoc[32m 0[2mms[22m[39m
     [32mΓ£ô[39m memory/sqlite-memory.ts ΓÇö on() should have JSDoc[32m 0[2mms[22m[39m
     [32mΓ£ô[39m memory/sqlite-memory.ts ΓÇö off() should have JSDoc[32m 0[2mms[22m[39m
     [32mΓ£ô[39m memory/sqlite-memory.ts ΓÇö add() should have JSDoc[32m 0[2mms[22m[39m
     [32mΓ£ô[39m memory/sqlite-memory.ts ΓÇö get() should have JSDoc[32m 0[2mms[22m[39m
     [32mΓ£ô[39m memory/sqlite-memory.ts ΓÇö query() should have JSDoc[32m 0[2mms[22m[39m
     [32mΓ£ô[39m memory/sqlite-memory.ts ΓÇö search() should have JSDoc[32m 1[2mms[22m[39m
     [32mΓ£ô[39m memory/sqlite-memory.ts ΓÇö delete() should have JSDoc[32m 0[2mms[22m[39m
     [32mΓ£ô[39m memory/sqlite-memory.ts ΓÇö clear() should have JSDoc[32m 0[2mms[22m[39m
     [32mΓ£ô[39m memory/sqlite-memory.ts ΓÇö count() should have JSDoc[32m 0[2mms[22m[39m
     [32mΓ£ô[39m task/parallel-executor.ts ΓÇö on() should have JSDoc[32m 0[2mms[22m[39m
     [32mΓ£ô[39m task/parallel-executor.ts ΓÇö off() should have JSDoc[32m 0[2mms[22m[39m
     [32mΓ£ô[39m task/parallel-executor.ts ΓÇö once() should have JSDoc[32m 1[2mms[22m[39m
     [32mΓ£ô[39m tool/tool-executor.ts ΓÇö on() should have JSDoc[32m 0[2mms[22m[39m
     [32mΓ£ô[39m tool/tool-executor.ts ΓÇö off() should have JSDoc[32m 0[2mms[22m[39m
     [32mΓ£ô[39m tool/tool-executor.ts ΓÇö execute() should have JSDoc[32m 1[2mms[22m[39m
     [32mΓ£ô[39m logging/logger.ts ΓÇö write() should have JSDoc[32m 1[2mms[22m[39m
     [32mΓ£ô[39m should have @packageDocumentation in at least 15 module files[32m 165[2mms[22m[39m
 [32mΓ£ô[39m docs/__tests__/performance-metrics-docs.test.ts [2m([22m[2m28 tests[22m[2m)[22m[33m 4295[2mms[22m[39m
     [33m[2mΓ£ô[22m[39m should have Performance Metrics in the sidebar [33m 4089[2mms[22m[39m
 [31mΓ¥»[39m packages/ui/tests/Card.test.tsx [2m([22m[2m9 tests[22m[2m | [22m[31m9 failed[39m[2m)[22m[32m 58[2mms[22m[39m
[31m     [31m├ù[31m renders children[39m[32m 21[2mms[22m[39m
[31m     [31m├ù[31m applies default padding (md)[39m[32m 7[2mms[22m[39m
[31m     [31m├ù[31m applies no padding[39m[32m 5[2mms[22m[39m
[31m     [31m├ù[31m applies hover styles when hoverable[39m[32m 3[2mms[22m[39m
[31m     [31m├ù[31m does not apply hover styles by default[39m[32m 2[2mms[22m[39m
[31m     [31m├ù[31m merges custom className[39m[32m 3[2mms[22m[39m
[31m     [31m├ù[31m renders header content[39m[32m 3[2mms[22m[39m
[31m     [31m├ù[31m has bottom border[39m[32m 1[2mms[22m[39m
[31m     [31m├ù[31m renders body content[39m[32m 5[2mms[22m[39m
 [31mΓ¥»[39m packages/ui/tests/Badge.test.tsx [2m([22m[2m8 tests[22m[2m | [22m[31m8 failed[39m[2m)[22m[32m 58[2mms[22m[39m
[31m     [31m├ù[31m renders children[39m[32m 32[2mms[22m[39m
[31m     [31m├ù[31m applies default variant styles[39m[32m 3[2mms[22m[39m
[31m     [31m├ù[31m applies brand variant[39m[32m 2[2mms[22m[39m
[31m     [31m├ù[31m applies success variant[39m[32m 2[2mms[22m[39m
[31m     [31m├ù[31m applies warning variant[39m[32m 2[2mms[22m[39m
[31m     [31m├ù[31m applies error variant[39m[32m 1[2mms[22m[39m
[31m     [31m├ù[31m applies info variant[39m[32m 1[2mms[22m[39m
[31m     [31m├ù[31m is rendered as a span[39m[32m 2[2mms[22m[39m
 [31mΓ¥»[39m packages/ui/tests/Spinner.test.tsx [2m([22m[2m5 tests[22m[2m | [22m[31m5 failed[39m[2m)[22m[32m 23[2mms[22m[39m
[31m     [31m├ù[31m renders an SVG with status role[39m[32m 12[2mms[22m[39m
[31m     [31m├ù[31m has accessible label[39m[32m 2[2mms[22m[39m
[31m     [31m├ù[31m applies default size of 20[39m[32m 1[2mms[22m[39m
[31m     [31m├ù[31m accepts custom size[39m[32m 1[2mms[22m[39m
[31m     [31m├ù[31m has spin animation class[39m[32m 2[2mms[22m[39m
 [32mΓ£ô[39m packages/core/tests/unit/tools/shell-tools.test.ts [2m([22m[2m36 tests[22m[2m)[22m[33m 2787[2mms[22m[39m
     [33m[2mΓ£ô[22m[39m executes a simple echo command [33m 318[2mms[22m[39m
     [33m[2mΓ£ô[22m[39m captures stderr [33m 324[2mms[22m[39m
     [33m[2mΓ£ô[22m[39m times out long-running commands [33m 586[2mms[22m[39m
     [33m[2mΓ£ô[22m[39m shellExec tool is functional [33m 318[2mms[22m[39m
 [32mΓ£ô[39m scripts/__tests__/publish-check.test.ts [2m([22m[2m31 tests[22m[2m)[22m[33m 6756[2mms[22m[39m
       [33m[2mΓ£ô[22m[39m passes for a well-configured package [33m 6187[2mms[22m[39m
 [31mΓ¥»[39m packages/ui/tests/Input.test.tsx [2m([22m[2m8 tests[22m[2m | [22m[31m8 failed[39m[2m)[22m[32m 82[2mms[22m[39m
[31m     [31m├ù[31m renders an input element[39m[32m 31[2mms[22m[39m
[31m     [31m├ù[31m renders a label when provided[39m[32m 3[2mms[22m[39m
[31m     [31m├ù[31m shows error message and sets aria-invalid[39m[32m 2[2mms[22m[39m
[31m     [31m├ù[31m shows helper text when no error[39m[32m 1[2mms[22m[39m
[31m     [31m├ù[31m hides helper text when error is present[39m[32m 1[2mms[22m[39m
[31m     [31m├ù[31m applies error border styles[39m[32m 3[2mms[22m[39m
[31m     [31m├ù[31m is disabled when disabled prop is set[39m[32m 3[2mms[22m[39m
[31m     [31m├ù[31m forwards ref[39m[32m 1[2mms[22m[39m
 [31mΓ¥»[39m packages/ui/tests/Modal.test.tsx [2m([22m[2m8 tests[22m[2m | [22m[31m8 failed[39m[2m)[22m[32m 168[2mms[22m[39m
[31m     [31m├ù[31m does not render when closed[39m[32m 63[2mms[22m[39m
[31m     [31m├ù[31m renders when open[39m[32m 10[2mms[22m[39m
[31m     [31m├ù[31m renders title in header[39m[32m 7[2mms[22m[39m
[31m     [31m├ù[31m has dialog role with aria-modal[39m[32m 2[2mms[22m[39m
[31m     [31m├ù[31m calls onClose when close button is clicked[39m[32m 6[2mms[22m[39m
[31m     [31m├ù[31m calls onClose when Escape key is pressed[39m[32m 2[2mms[22m[39m
[31m     [31m├ù[31m calls onClose when clicking the overlay[39m[32m 2[2mms[22m[39m
[31m     [31m├ù[31m does not close when clicking inside the modal content[39m[32m 9[2mms[22m[39m
hello world
 [31mΓ¥»[39m packages/ui/tests/NodeRendering.test.tsx [2m([22m[2m51 tests[22m[2m | [22m[31m46 failed[39m[2m)[22m[32m 163[2mms[22m[39m
[31m     [31m├ù[31m renders with correct data-testid for each node type[39m[32m 48[2mms[22m[39m
[31m     [31m├ù[31m displays the label text[39m[32m 2[2mms[22m[39m
[31m     [31m├ù[31m renders description when provided[39m[32m 1[2mms[22m[39m
[31m     [31m├ù[31m hides description when not provided[39m[32m 1[2mms[22m[39m
[31m     [31m├ù[31m renders status badge for non-idle statuses[39m[32m 3[2mms[22m[39m
[31m     [31m├ù[31m hides status badge for idle status[39m[32m 4[2mms[22m[39m
[31m     [31m├ù[31m renders children as node body[39m[32m 3[2mms[22m[39m
[31m     [31m├ù[31m renders footer when provided[39m[32m 3[2mms[22m[39m
[31m     [31m├ù[31m hides body and footer when not provided[39m[32m 4[2mms[22m[39m
[31m     [31m├ù[31m has accessible aria-label[39m[32m 2[2mms[22m[39m
[31m     [31m├ù[31m renders connection handles[39m[32m 1[2mms[22m[39m
[31m     [31m├ù[31m applies selected styling[39m[32m 1[2mms[22m[39m
[31m     [31m├ù[31m applies custom style overrides[39m[32m 2[2mms[22m[39m
[31m     [31m├ù[31m renders as an agent node[39m[32m 1[2mms[22m[39m
[31m     [31m├ù[31m displays agent label and description[39m[32m 2[2mms[22m[39m
[31m     [31m├ù[31m renders model info when agentMeta.model is set[39m[32m 1[2mms[22m[39m
[31m     [31m├ù[31m renders tools list when agentMeta.tools is set[39m[32m 1[2mms[22m[39m
[31m     [31m├ù[31m renders max iterations when set[39m[32m 1[2mms[22m[39m
[31m     [31m├ù[31m renders capabilities count in footer[39m[32m 1[2mms[22m[39m
[31m     [31m├ù[31m uses singular "capability" for count of 1[39m[32m 1[2mms[22m[39m
[31m     [31m├ù[31m does not render body section without agentMeta[39m[32m 1[2mms[22m[39m
[31m     [31m├ù[31m renders as a task node[39m[32m 1[2mms[22m[39m
[31m     [31m├ù[31m renders progress bar when taskMeta.progress is set[39m[32m 1[2mms[22m[39m
[31m     [31m├ù[31m clamps progress bar width between 0 and 100[39m[32m 1[2mms[22m[39m
[31m     [31m├ù[31m renders inputs when taskMeta.inputs is set[39m[32m 1[2mms[22m[39m
[31m     [31m├ù[31m renders outputs when taskMeta.outputs is set[39m[32m 1[2mms[22m[39m
[31m     [31m├ù[31m renders expected output in footer[39m[32m 1[2mms[22m[39m
[31m     [31m├ù[31m does not render body section without taskMeta[39m[32m 3[2mms[22m[39m
[31m     [31m├ù[31m renders as a tool node[39m[32m 1[2mms[22m[39m
[31m     [31m├ù[31m renders parameters list when toolMeta.parameters is set[39m[32m 3[2mms[22m[39m
[31m     [31m├ù[31m renders footer stats when execution count and avg duration are set[39m[32m 1[2mms[22m[39m
[31m     [31m├ù[31m does not render body section without toolMeta parameters[39m[32m 1[2mms[22m[39m
[31m     [31m├ù[31m renders as an llm node[39m[32m 1[2mms[22m[39m
[31m     [31m├ù[31m renders provider info when llmMeta.provider is set[39m[32m 1[2mms[22m[39m
[31m     [31m├ù[31m renders model info when llmMeta.model is set[39m[32m 1[2mms[22m[39m
[31m     [31m├ù[31m renders temperature when llmMeta.temperature is set[39m[32m 1[2mms[22m[39m
[31m     [31m├ù[31m renders max tokens when llmMeta.maxTokens is set[39m[32m 2[2mms[22m[39m
[31m     [31m├ù[31m renders token usage in footer when set[39m[32m 1[2mms[22m[39m
[31m     [31m├ù[31m does not render body section without llmMeta[39m[32m 1[2mms[22m[39m
[31m     [31m├ù[31m routes agent type to AgentNode[39m[32m 1[2mms[22m[39m
[31m     [31m├ù[31m routes task type to TaskNode[39m[32m 4[2mms[22m[39m
[31m     [31m├ù[31m routes tool type to ToolNode[39m[32m 5[2mms[22m[39m
[31m     [31m├ù[31m routes llm type to LLMNode[39m[32m 21[2mms[22m[39m
[31m     [31m├ù[31m passes rich agent meta through to AgentNode[39m[32m 1[2mms[22m[39m
[31m     [31m├ù[31m applies backgroundColor override on AgentNode[39m[32m 2[2mms[22m[39m
[31m     [31m├ù[31m applies borderColor override on TaskNode[39m[32m 1[2mms[22m[39m
     [32mΓ£ô[39m AgentNodeMeta has expected shape[32m 11[2mms[22m[39m
     [32mΓ£ô[39m TaskNodeMeta has expected shape[32m 0[2mms[22m[39m
     [32mΓ£ô[39m ToolNodeMeta has expected shape[32m 1[2mms[22m[39m
     [32mΓ£ô[39m LLMNodeMeta has expected shape[32m 0[2mms[22m[39m
     [32mΓ£ô[39m NodeStyleOverrides has expected shape[32m 0[2mms[22m[39m
- Scaffolding projectΓÇª
 [31mΓ¥»[39m packages/ui/tests/TimelineChart.test.tsx [2m([22m[2m34 tests[22m[2m | [22m[31m26 failed[39m[2m)[22m[32m 117[2mms[22m[39m
[31m     [31m├ù[31m renders the chart container with correct testid[39m[32m 28[2mms[22m[39m
[31m     [31m├ù[31m applies the cs-timeline class[39m[32m 2[2mms[22m[39m
[31m     [31m├ù[31m merges custom className[39m[32m 1[2mms[22m[39m
[31m     [31m├ù[31m has accessible region role and label[39m[32m 3[2mms[22m[39m
[31m     [31m├ù[31m renders the SVG content area[39m[32m 5[2mms[22m[39m
[31m     [31m├ù[31m renders with empty events[39m[32m 3[2mms[22m[39m
[31m     [31m├ù[31m renders with empty agents[39m[32m 2[2mms[22m[39m
[31m     [31m├ù[31m renders a label for each agent[39m[32m 4[2mms[22m[39m
[31m     [31m├ù[31m displays agent names[39m[32m 3[2mms[22m[39m
[31m     [31m├ù[31m renders agent color dots[39m[32m 2[2mms[22m[39m
[31m     [31m├ù[31m renders a lane for each agent[39m[32m 3[2mms[22m[39m
[31m     [31m├ù[31m renders event blocks for duration events[39m[32m 1[2mms[22m[39m
[31m     [31m├ù[31m has accessible aria-label on event blocks[39m[32m 1[2mms[22m[39m
[31m     [31m├ù[31m applies correct CSS class for event type[39m[32m 1[2mms[22m[39m
[31m     [31m├ù[31m fires onEventSelect when clicked[39m[32m 3[2mms[22m[39m
[31m     [31m├ù[31m does not fire onEventSelect in readOnly mode[39m[32m 1[2mms[22m[39m
[31m     [31m├ù[31m shows selection ring when event is selected[39m[32m 4[2mms[22m[39m
[31m     [31m├ù[31m does not show selection ring for unselected events[39m[32m 1[2mms[22m[39m
[31m     [31m├ù[31m renders markers for task-start and task-complete events[39m[32m 1[2mms[22m[39m
[31m     [31m├ù[31m has accessible aria-label on markers[39m[32m 2[2mms[22m[39m
[31m     [31m├ù[31m fires onEventSelect when marker is clicked[39m[32m 6[2mms[22m[39m
[31m     [31m├ù[31m renders the time axis[39m[32m 1[2mms[22m[39m
[31m     [31m├ù[31m does not render playhead when playheadMs is undefined[39m[32m 1[2mms[22m[39m
[31m     [31m├ù[31m renders playhead when playheadMs is provided[39m[32m 1[2mms[22m[39m
[31m     [31m├ù[31m playhead has slider role for accessibility[39m[32m 1[2mms[22m[39m
     [32mΓ£ô[39m matches design spec values[32m 4[2mms[22m[39m
     [32mΓ£ô[39m defines styles for all six event types[32m 3[2mms[22m[39m
     [32mΓ£ô[39m returns true for task-start and task-complete[32m 1[2mms[22m[39m
     [32mΓ£ô[39m returns false for duration events[32m 2[2mms[22m[39m
     [32mΓ£ô[39m exports all timeline event types[32m 6[2mms[22m[39m
     [32mΓ£ô[39m exports all log levels[32m 1[2mms[22m[39m
     [32mΓ£ô[39m exports TimelineViewport type[32m 1[2mms[22m[39m
     [32mΓ£ô[39m exports TickScale type[32m 1[2mms[22m[39m
[31m     [31m├ù[31m renders pulsing indicator for live events[39m[32m 1[2mms[22m[39m

Γ£ô Crewspace project created in C:\Users\aferdman\AppData\Local\Temp\crewspace-xplat-hwwErq\cli-project

  Template: default
  Files created:
    + package.json
    + tsconfig.json
    + crewspace.config.ts
    + src/index.ts
    + .gitignore

  Next steps:
    cd C:\Users\aferdman\AppData\Local\Temp\crewspace-xplat-hwwErq\cli-project
    npm install
    npm start
- Scaffolding projectΓÇª
 [31mΓ¥»[39m packages/ui/tests/Tooltip.test.tsx [2m([22m[2m7 tests[22m[2m | [22m[31m7 failed[39m[2m)[22m[32m 38[2mms[22m[39m
[31m     [31m├ù[31m renders children[39m[32m 17[2mms[22m[39m
[31m     [31m├ù[31m renders tooltip label text[39m[32m 3[2mms[22m[39m
[31m     [31m├ù[31m tooltip is hidden by default (opacity-0)[39m[32m 3[2mms[22m[39m
[31m     [31m├ù[31m applies top placement by default[39m[32m 1[2mms[22m[39m
[31m     [31m├ù[31m applies bottom placement[39m[32m 1[2mms[22m[39m
[31m     [31m├ù[31m applies left placement[39m[32m 1[2mms[22m[39m
[31m     [31m├ù[31m applies right placement[39m[32m 5[2mms[22m[39m
 [32mΓ£ô[39m docs/__tests__/docs-site.test.ts [2m([22m[2m17 tests[22m[2m)[22m[33m 1539[2mms[22m[39m
     [33m[2mΓ£ô[22m[39m should have a valid VitePress config file [33m 1464[2mms[22m[39m

Γ£ô Crewspace project created in C:\Users\aferdman\AppData\Local\Temp\crewspace-xplat-VoMNSd\my cool project

  Template: default
  Files created:
    + package.json
    + tsconfig.json
    + crewspace.config.ts
    + src/index.ts
    + .gitignore

  Next steps:
    cd C:\Users\aferdman\AppData\Local\Temp\crewspace-xplat-VoMNSd\my cool project
    npm install
    npm start
- Scaffolding projectΓÇª

Γ£ô Crewspace project created in C:\Users\aferdman\AppData\Local\Temp\crewspace-xplat-hxMSNn\sub

  Template: default
  Files created:
    + package.json
    + tsconfig.json
    + crewspace.config.ts
    + src/index.ts
    + .gitignore

  Next steps:
    cd C:\Users\aferdman\AppData\Local\Temp\crewspace-xplat-hxMSNn\sub
    npm install
    npm start
 [32mΓ£ô[39m packages/cli/tests/unit/cross-platform.test.ts [2m([22m[2m35 tests[22m[2m)[22m[33m 3599[2mms[22m[39m
     [33m[2mΓ£ô[22m[39m should execute a .js file in platform temp directory [33m 481[2mms[22m[39m
     [33m[2mΓ£ô[22m[39m should handle non-zero exit codes [33m 356[2mms[22m[39m
     [33m[2mΓ£ô[22m[39m should handle process output with platform line endings [33m 428[2mms[22m[39m
     [33m[2mΓ£ô[22m[39m should execute in a directory with spaces [33m 320[2mms[22m[39m
 [32mΓ£ô[39m packages/core/tests/unit/engine/execution-engine.test.ts [2m([22m[2m60 tests[22m[2m)[22m[33m 1941[2mms[22m[39m
       [33m[2mΓ£ô[22m[39m should retry failed tasks up to configured retries [33m 483[2mms[22m[39m
       [33m[2mΓ£ô[22m[39m should fail after exhausting all retries [33m 400[2mms[22m[39m
 [31mΓ¥»[39m packages/ui/tests/Button.test.tsx [2m([22m[2m12 tests[22m[2m | [22m[31m12 failed[39m[2m)[22m[32m 72[2mms[22m[39m
[31m     [31m├ù[31m renders children text[39m[32m 29[2mms[22m[39m
[31m     [31m├ù[31m applies primary variant by default[39m[32m 5[2mms[22m[39m
[31m     [31m├ù[31m applies secondary variant classes[39m[32m 3[2mms[22m[39m
[31m     [31m├ù[31m applies ghost variant classes[39m[32m 1[2mms[22m[39m
[31m     [31m├ù[31m applies danger variant classes[39m[32m 1[2mms[22m[39m
[31m     [31m├ù[31m applies size classes[39m[32m 2[2mms[22m[39m
[31m     [31m├ù[31m is disabled when disabled prop is true[39m[32m 2[2mms[22m[39m
[31m     [31m├ù[31m is disabled when loading[39m[32m 2[2mms[22m[39m
[31m     [31m├ù[31m shows spinner when loading[39m[32m 3[2mms[22m[39m
[31m     [31m├ù[31m calls onClick handler[39m[32m 2[2mms[22m[39m
[31m     [31m├ù[31m merges custom className[39m[32m 1[2mms[22m[39m
[31m     [31m├ù[31m forwards ref[39m[32m 1[2mms[22m[39m
 [32mΓ£ô[39m scripts/__tests__/prepare-publish.test.ts [2m([22m[2m34 tests[22m[2m)[22m[33m 429[2mms[22m[39m
 [32mΓ£ô[39m packages/core/tests/unit/task/task-execution-wrapper.test.ts [2m([22m[2m51 tests[22m[2m)[22m[33m 725[2mms[22m[39m
- Running workflowΓÇª
 [32mΓ£ô[39m packages/core/tests/integration/llm/provider-composition.test.ts [2m([22m[2m43 tests[22m[2m)[22m[33m 1078[2mms[22m[39m
 [32mΓ£ô[39m packages/core/tests/unit/engine/execution-engine-dlq.test.ts [2m([22m[2m14 tests[22m[2m)[22m[33m 892[2mms[22m[39m
       [33m[2mΓ£ô[22m[39m should enqueue a failed task into the DLQ after all retries [33m 411[2mms[22m[39m
Γ£ö Workflow completed in 309ms
Γ£û Workflow file not found: C:\Users\aferdman\OneDrive - Microsoft\Desktop\Meirson\ProjectX2-Product\missing-file.ts
Γ£û Unsupported file extension ".py". Supported: .ts, .mts, .js, .mjs
- Running workflowΓÇª
 [31mΓ¥»[39m packages/ui/tests/WorkflowCanvas.test.tsx [2m([22m[2m29 tests[22m[2m | [22m[31m23 failed[39m[2m)[22m[32m 150[2mms[22m[39m
[31m     [31m├ù[31m renders the canvas root with correct testid[39m[32m 39[2mms[22m[39m
[31m     [31m├ù[31m applies the cs-canvas class[39m[32m 2[2mms[22m[39m
[31m     [31m├ù[31m merges custom className[39m[32m 7[2mms[22m[39m
[31m     [31m├ù[31m passes nodes to ReactFlow[39m[32m 7[2mms[22m[39m
[31m     [31m├ù[31m passes edges to ReactFlow[39m[32m 14[2mms[22m[39m
[31m     [31m├ù[31m enables snap-to-grid[39m[32m 8[2mms[22m[39m
[31m     [31m├ù[31m sets min/max zoom from config[39m[32m 1[2mms[22m[39m
[31m     [31m├ù[31m disables dragging in readOnly mode[39m[32m 1[2mms[22m[39m
[31m     [31m├ù[31m renders all four node types with correct testids[39m[32m 3[2mms[22m[39m
[31m     [31m├ù[31m displays the node label[39m[32m 1[2mms[22m[39m
[31m     [31m├ù[31m renders description when provided[39m[32m 1[2mms[22m[39m
[31m     [31m├ù[31m hides description area when not provided[39m[32m 1[2mms[22m[39m
[31m     [31m├ù[31m shows status badge for running nodes[39m[32m 1[2mms[22m[39m
[31m     [31m├ù[31m shows status badge for error nodes[39m[32m 1[2mms[22m[39m
[31m     [31m├ù[31m hides status badge for idle nodes[39m[32m 1[2mms[22m[39m
[31m     [31m├ù[31m renders connection handles (source and target)[39m[32m 1[2mms[22m[39m
[31m     [31m├ù[31m has accessible aria-label on the node[39m[32m 4[2mms[22m[39m
[31m     [31m├ù[31m renders background by default[39m[32m 1[2mms[22m[39m
[31m     [31m├ù[31m background uses design token grid size[39m[32m 14[2mms[22m[39m
[31m     [31m├ù[31m renders controls by default[39m[32m 1[2mms[22m[39m
[31m     [31m├ù[31m hides controls when showControls=false[39m[32m 1[2mms[22m[39m
[31m     [31m├ù[31m renders minimap by default[39m[32m 1[2mms[22m[39m
[31m     [31m├ù[31m hides minimap when showMinimap=false[39m[32m 1[2mms[22m[39m
     [32mΓ£ô[39m has expected viewport constraints from design tokens[32m 6[2mms[22m[39m
     [32mΓ£ô[39m defines monotonically increasing z-index hierarchy[32m 1[2mms[22m[39m
     [32mΓ£ô[39m has sidebar and properties at same level as toolbar[32m 0[2mms[22m[39m
     [32mΓ£ô[39m exports all expected canvas node types[32m 2[2mms[22m[39m
     [32mΓ£ô[39m exports all expected node statuses[32m 1[2mms[22m[39m
     [32mΓ£ô[39m exports all expected edge variants[32m 0[2mms[22m[39m
 [32mΓ£ô[39m scripts/__tests__/validate-package-metadata.test.ts [2m([22m[2m62 tests[22m[2m)[22m[33m 702[2mms[22m[39m
 [32mΓ£ô[39m packages/core/tests/unit/task/task-timeout-guard.test.ts [2m([22m[2m35 tests[22m[2m)[22m[33m 739[2mms[22m[39m
Γ£û Workflow failed with exit code 3
 [32mΓ£ô[39m packages/cli/tests/unit/run.test.ts [2m([22m[2m36 tests[22m[2m)[22m[33m 2121[2mms[22m[39m
     [33m[2mΓ£ô[22m[39m should capture a non-zero exit code [33m 336[2mms[22m[39m
     [33m[2mΓ£ô[22m[39m should track duration in durationMs [33m 362[2mms[22m[39m
     [33m[2mΓ£ô[22m[39m should parse run command with file argument [33m 374[2mms[22m[39m
     [33m[2mΓ£ô[22m[39m should propagate non-zero exit code from workflow [33m 315[2mms[22m[39m
 [32mΓ£ô[39m packages/core/tests/unit/memory/sqlite-memory.test.ts [2m([22m[2m70 tests[22m[2m)[22m[33m 355[2mms[22m[39m
[debug] Target directory: C:\Users\aferdman\AppData\Local\Temp\crewspace-cli-test-NwXJjy
[debug] Template: default
[debug] Force overwrite: false
[debug] Working directory: C:\Users\aferdman\OneDrive - Microsoft\Desktop\Meirson\ProjectX2-Product
- Scaffolding projectΓÇª
[debug] Project scaffolded in 19ms
[debug] Files created: 5
[debug] Files skipped: 0
[debug]   Created: package.json
[debug]   Created: tsconfig.json
[debug]   Created: crewspace.config.ts
[debug]   Created: src/index.ts
[debug]   Created: .gitignore

Γ£ô Crewspace project created in C:\Users\aferdman\AppData\Local\Temp\crewspace-cli-test-NwXJjy

  Template: default
  Files created:
    + package.json
    + tsconfig.json
    + crewspace.config.ts
    + src/index.ts
    + .gitignore

  Next steps:
    cd C:\Users\aferdman\AppData\Local\Temp\crewspace-cli-test-NwXJjy
    npm install
    npm start

Γ£ô Crewspace project created in C:\Users\aferdman\AppData\Local\Temp\crewspace-cli-test-lfiQO2

  Template: default
  Files created:
    + package.json
    + tsconfig.json
    + crewspace.config.ts
    + src/index.ts
    + .gitignore

  Next steps:
    cd C:\Users\aferdman\AppData\Local\Temp\crewspace-cli-test-lfiQO2
    npm install
    npm start

Γ£ô Crewspace project created in C:\Users\aferdman\AppData\Local\Temp\crewspace-cli-test-rIyjdy

  Template: default
  Files created:
    + package.json
    + tsconfig.json
    + crewspace.config.ts
    + src/index.ts
    + .gitignore

  Next steps:
    cd C:\Users\aferdman\AppData\Local\Temp\crewspace-cli-test-rIyjdy
    npm install
    npm start
- Scaffolding projectΓÇª
 [32mΓ£ô[39m packages/core/tests/unit/task/task-orchestration.test.ts [2m([22m[2m50 tests[22m[2m)[22m[33m 728[2mms[22m[39m
- Scaffolding projectΓÇª
- Scaffolding projectΓÇª
error: unknown option '--does-not-exist'

Γ£ô Crewspace project created in C:\Users\aferdman\AppData\Local\Temp\crewspace-cli-test-CMU9Md

  Template: default
  Files created:
    + package.json
    + tsconfig.json
    + crewspace.config.ts
    + src/index.ts
    + .gitignore

  Next steps:
    cd C:\Users\aferdman\AppData\Local\Temp\crewspace-cli-test-CMU9Md
    npm install
    npm start

Γ£ô Crewspace project created in C:\Users\aferdman\AppData\Local\Temp\crewspace-cli-test-tLGpxD

  Template: default
  Files created:
    + package.json
    + tsconfig.json
    + crewspace.config.ts
    + src/index.ts
    + .gitignore

  Next steps:
    cd C:\Users\aferdman\AppData\Local\Temp\crewspace-cli-test-tLGpxD
    npm install
    npm start
- Scaffolding projectΓÇª

Γ£ô Crewspace project created in C:\Users\aferdman\AppData\Local\Temp\crewspace-cli-test-rZVlls\my-project

  Template: default
  Files created:
    + package.json
    + tsconfig.json
    + crewspace.config.ts
    + src/index.ts
    + .gitignore

  Next steps:
    cd C:\Users\aferdman\AppData\Local\Temp\crewspace-cli-test-rZVlls\my-project
    npm install
    npm start
- Scaffolding projectΓÇª

Γ£ô Crewspace project created in C:\Users\aferdman\AppData\Local\Temp\crewspace-cli-test-jvVRwp

  Template: minimal
  Files created:
    + package.json
    + tsconfig.json
    + src/index.ts

  Next steps:
    cd C:\Users\aferdman\AppData\Local\Temp\crewspace-cli-test-jvVRwp
    npm install
    npm start
- Scaffolding projectΓÇª

Γ£ô Crewspace project created in C:\Users\aferdman\AppData\Local\Temp\crewspace-cli-test-ORcxL3

  Template: default
  Files created:
    + package.json
    + tsconfig.json
    + crewspace.config.ts
    + src/index.ts
    + .gitignore

  Next steps:
    cd C:\Users\aferdman\AppData\Local\Temp\crewspace-cli-test-ORcxL3
    npm install
    npm start
Γ£û Workflow file not found: C:\Users\aferdman\OneDrive - Microsoft\Desktop\Meirson\ProjectX2-Product\workflow.ts
Γ£û Workflow file not found: C:\Users\aferdman\OneDrive - Microsoft\Desktop\Meirson\ProjectX2-Product\workflow.ts
Γ£û Workflow file not found: C:\Users\aferdman\OneDrive - Microsoft\Desktop\Meirson\ProjectX2-Product\workflow.ts
- Validating workflowΓÇª
Γ£û Validation failed
- Validating workflowΓÇª
 [32mΓ£ô[39m scripts/__tests__/tools-publish-readiness.test.ts [2m([22m[2m79 tests[22m[2m)[22m[33m 329[2mms[22m[39m
Γ£ù workflow.ts

  Γ£ù error: Workflow file not found: C:\Users\aferdman\OneDrive - Microsoft\Desktop\Meirson\ProjectX2-Product\workflow.ts

  1 error
Γ£ù workflow.ts

  Γ£ù error: Workflow file not found: C:\Users\aferdman\OneDrive - Microsoft\Desktop\Meirson\ProjectX2-Product\workflow.ts

  1 error
Γ£û Validation failed
 [32mΓ£ô[39m packages/cli/tests/unit/cli.test.ts [2m([22m[2m36 tests[22m[2m)[22m[33m 397[2mms[22m[39m
 [32mΓ£ô[39m packages/core/tests/unit/crew.test.ts [2m([22m[2m76 tests[22m[2m)[22m[33m 419[2mms[22m[39m
- Scaffolding projectΓÇª

Γ£ô Crewspace project created in C:\Users\aferdman\AppData\Local\Temp\crewspace-init-test-cf3oQJ\cli-test

  Template: default
  Files created:
    + package.json
    + tsconfig.json
    + crewspace.config.ts
    + src/index.ts
    + .gitignore

  Next steps:
    cd C:\Users\aferdman\AppData\Local\Temp\crewspace-init-test-cf3oQJ\cli-test
    npm install
    npm start
- Scaffolding projectΓÇª

Γ£ô Crewspace project created in C:\Users\aferdman\AppData\Local\Temp\crewspace-init-test-dl3Xmv\cli-minimal

  Template: minimal
  Files created:
    + package.json
    + tsconfig.json
    + src/index.ts

  Next steps:
    cd C:\Users\aferdman\AppData\Local\Temp\crewspace-init-test-dl3Xmv\cli-minimal
    npm install
    npm start
- Scaffolding projectΓÇª

Γ£ô Crewspace project created in C:\Users\aferdman\AppData\Local\Temp\crewspace-init-test-eXizmB\cli-force

  Template: default
  Files created:
    + package.json
    + tsconfig.json
    + crewspace.config.ts
    + src/index.ts
    + .gitignore

  Next steps:
    cd C:\Users\aferdman\AppData\Local\Temp\crewspace-init-test-eXizmB\cli-force
    npm install
    npm start
 [32mΓ£ô[39m packages/cli/tests/unit/init.test.ts [2m([22m[2m28 tests[22m[2m)[22m[33m 2686[2mms[22m[39m
     [33m[2mΓ£ô[22m[39m should scaffold via Commander parse with directory argument [33m 732[2mms[22m[39m
 [32mΓ£ô[39m packages/core/tests/integration/llm/provider-workflows.test.ts [2m([22m[2m26 tests[22m[2m)[22m[33m 371[2mms[22m[39m
 [32mΓ£ô[39m packages/core/tests/unit/runtime/runtime-compat.test.ts [2m([22m[2m61 tests[22m[2m)[22m[33m 476[2mms[22m[39m
 [32mΓ£ô[39m packages/core/tests/unit/engine/checkpoint.test.ts [2m([22m[2m40 tests[22m[2m)[22m[32m 251[2mms[22m[39m
 [32mΓ£ô[39m packages/core/tests/unit/tools/web/fetch-url.test.ts [2m([22m[2m24 tests[22m[2m)[22m[32m 264[2mms[22m[39m
 [32mΓ£ô[39m packages/core/tests/unit/benchmark-suite.test.ts [2m([22m[2m49 tests[22m[2m)[22m[33m 383[2mms[22m[39m
 [32mΓ£ô[39m packages/core/tests/integration/llm/end-to-end-workflows.test.ts [2m([22m[2m19 tests[22m[2m)[22m[32m 249[2mms[22m[39m
- Validating workflowΓÇª
Γ£ö Validation passed
- Validating workflowΓÇª
Γ£û Validation failed
- Validating workflowΓÇª
Γ£û Validation failed
- Validating workflowΓÇª
Γ£û Validation failed
Γ£ô C:\Users\aferdman\AppData\Local\Temp\crewspace-validate-test-0kP5Pr\valid.ts
  No issues found.
Γ£ù nonexistent.ts

  Γ£ù error: Workflow file not found: C:\Users\aferdman\OneDrive - Microsoft\Desktop\Meirson\ProjectX2-Product\nonexistent.ts

  1 error
Γ£ù C:\Users\aferdman\AppData\Local\Temp\crewspace-validate-test-gOUZW5\empty.ts

  Γ£ù error: File is empty

  1 error
Γ£ù C:\Users\aferdman\AppData\Local\Temp\crewspace-validate-test-EMzCuJ\bad.ts

  Γ£ù error (line 4): Agent is missing required "id" property

  1 error
- Validating workflowΓÇª
Γ£ö Validation passed
- Validating workflowΓÇª
Γ£ö Validation passed
Γ£ô C:\Users\aferdman\AppData\Local\Temp\crewspace-validate-test-vzbl6E\strict.ts

  ΓÜá warning (line 4): Agent does not have a "backstory" property (recommended in strict mode)
  ΓÜá warning (line 4): Agent does not have an "llmProvider" set (recommended in strict mode)

  2 warnings
Γ£ô C:\Users\aferdman\AppData\Local\Temp\crewspace-validate-test-zK04Qm\warn.ts

  ΓÜá warning: No @crewspace/core import detected. Workflow files typically import from @crewspace/core.
  ΓÜá warning: No Agent or Crew instantiation found. Expected at least one new Agent() or new Crew().

  2 warnings
 [32mΓ£ô[39m packages/core/tests/unit/task/parallel-executor.test.ts [2m([22m[2m63 tests[22m[2m)[22m[32m 273[2mms[22m[39m
 [32mΓ£ô[39m packages/cli/tests/unit/validate.test.ts [2m([22m[2m36 tests[22m[2m)[22m[33m 416[2mms[22m[39m
 [32mΓ£ô[39m scripts/__tests__/version-bump.test.ts [2m([22m[2m32 tests[22m[2m)[22m[33m 439[2mms[22m[39m
 [32mΓ£ô[39m packages/core/tests/unit/tools/file/list-files.test.ts [2m([22m[2m20 tests[22m[2m)[22m[33m 314[2mms[22m[39m
- Scaffolding projectΓÇª
 [32mΓ£ô[39m packages/cli/tests/unit/ui.test.ts [2m([22m[2m41 tests[22m[2m)[22m[32m 198[2mms[22m[39m
- Scaffolding projectΓÇª
- Validating workflowΓÇª
Γ£ö Validation passed
- Validating workflowΓÇª
Γ£û Validation failed
- Scaffolding projectΓÇª

Γ£ô Crewspace project created in C:\Users\aferdman\AppData\Local\Temp\crewspace-verbose-test-7ah4U4\normal-project

  Template: default
  Files created:
    + package.json
    + tsconfig.json
    + crewspace.config.ts
    + src/index.ts
    + .gitignore

  Next steps:
    cd C:\Users\aferdman\AppData\Local\Temp\crewspace-verbose-test-7ah4U4\normal-project
    npm install
    npm start
[debug] Validating file: C:\Users\aferdman\AppData\Local\Temp\crewspace-verbose-test-5D9itm\valid.ts
[debug] Working directory: C:\Users\aferdman\AppData\Local\Temp\crewspace-verbose-test-5D9itm
[debug] Strict mode: false
[debug] Validation completed in 5ms
[debug] Resolved file: C:\Users\aferdman\AppData\Local\Temp\crewspace-verbose-test-5D9itm\valid.ts
[debug] Errors: 0, Warnings: 0
Γ£ô C:\Users\aferdman\AppData\Local\Temp\crewspace-verbose-test-5D9itm\valid.ts
  No issues found.
[debug] Validating file: C:\Users\aferdman\AppData\Local\Temp\crewspace-verbose-test-xULdH6\invalid.ts
[debug] Working directory: C:\Users\aferdman\AppData\Local\Temp\crewspace-verbose-test-xULdH6
[debug] Strict mode: false
[debug] Validation completed in 2ms
[debug] Resolved file: C:\Users\aferdman\AppData\Local\Temp\crewspace-verbose-test-xULdH6\invalid.ts
[debug] Errors: 1, Warnings: 0
[debug]   [error] (line 4): Agent is missing required "id" property
Γ£ù C:\Users\aferdman\AppData\Local\Temp\crewspace-verbose-test-xULdH6\invalid.ts

  Γ£ù error (line 4): Agent is missing required "id" property

  1 error

Γ£ô Crewspace project created in C:\Users\aferdman\AppData\Local\Temp\crewspace-verbose-test-mWpmLg

  Template: default
  Files created:
    + package.json
    + tsconfig.json
    + crewspace.config.ts
    + src/index.ts
    + .gitignore

  Next steps:
    cd C:\Users\aferdman\AppData\Local\Temp\crewspace-verbose-test-mWpmLg
    npm install
    npm start
[debug] Target directory: C:\Users\aferdman\AppData\Local\Temp\crewspace-verbose-test-yP6NL3
[debug] Template: default
[debug] Force overwrite: false
[debug] Working directory: C:\Users\aferdman\OneDrive - Microsoft\Desktop\Meirson\ProjectX2-Product
- Scaffolding projectΓÇª
[debug] Project scaffolded in 12ms
[debug] Files created: 5
[debug] Files skipped: 0
[debug]   Created: package.json
[debug]   Created: tsconfig.json
[debug]   Created: crewspace.config.ts
[debug]   Created: src/index.ts
[debug]   Created: .gitignore

Γ£ô Crewspace project created in C:\Users\aferdman\AppData\Local\Temp\crewspace-verbose-test-yP6NL3

  Template: default
  Files created:
    + package.json
    + tsconfig.json
    + crewspace.config.ts
    + src/index.ts
    + .gitignore

  Next steps:
    cd C:\Users\aferdman\AppData\Local\Temp\crewspace-verbose-test-yP6NL3
    npm install
    npm start
 [32mΓ£ô[39m packages/cli/tests/unit/verbose.test.ts [2m([22m[2m20 tests[22m[2m)[22m[32m 194[2mms[22m[39m
 [32mΓ£ô[39m packages/core/tests/integration/llm/openai-mocked.test.ts [2m([22m[2m53 tests[22m[2m)[22m[32m 205[2mms[22m[39m
 [32mΓ£ô[39m packages/core/tests/unit/llm/openai-provider.test.ts [2m([22m[2m55 tests[22m[2m)[22m[32m 290[2mms[22m[39m
 [32mΓ£ô[39m scripts/__tests__/github-release.test.ts [2m([22m[2m39 tests[22m[2m)[22m[32m 267[2mms[22m[39m
 [32mΓ£ô[39m packages/core/tests/unit/testing-helpers.test.ts [2m([22m[2m64 tests[22m[2m)[22m[32m 175[2mms[22m[39m
 [32mΓ£ô[39m packages/core/tests/unit/mock-response-system.test.ts [2m([22m[2m53 tests[22m[2m)[22m[33m 346[2mms[22m[39m
 [32mΓ£ô[39m packages/core/tests/publish-readiness.test.ts [2m([22m[2m38 tests[22m[2m)[22m[32m 249[2mms[22m[39m
 [32mΓ£ô[39m packages/core/tests/integration/llm/cross-provider.test.ts [2m([22m[2m39 tests[22m[2m)[22m[32m 188[2mms[22m[39m
 [32mΓ£ô[39m packages/core/tests/unit/llm/anthropic-provider.test.ts [2m([22m[2m63 tests[22m[2m)[22m[32m 199[2mms[22m[39m
 [32mΓ£ô[39m packages/core/tests/integration/llm/anthropic-mocked.test.ts [2m([22m[2m56 tests[22m[2m)[22m[32m 224[2mms[22m[39m
 [32mΓ£ô[39m packages/core/tests/integration/llm/resilience-scenarios.test.ts [2m([22m[2m56 tests[22m[2m)[22m[32m 188[2mms[22m[39m
 [32mΓ£ô[39m packages/core/tests/unit/comparison-workflow.test.ts [2m([22m[2m38 tests[22m[2m)[22m[32m 77[2mms[22m[39m
 [32mΓ£ô[39m packages/core/tests/unit/tools/file/read-file.test.ts [2m([22m[2m13 tests[22m[2m)[22m[32m 177[2mms[22m[39m
 [32mΓ£ô[39m packages/core/tests/unit/error-handling-scenarios.test.ts [2m([22m[2m120 tests[22m[2m)[22m[32m 181[2mms[22m[39m
 [32mΓ£ô[39m packages/core/tests/unit/memory/namespaced-memory-manager.test.ts [2m([22m[2m42 tests[22m[2m)[22m[32m 213[2mms[22m[39m
 [32mΓ£ô[39m packages/core/tests/unit/llm/retry-provider.test.ts [2m([22m[2m38 tests[22m[2m)[22m[32m 170[2mms[22m[39m
 [32mΓ£ô[39m packages/core/tests/unit/memory/scoped-memory.test.ts [2m([22m[2m52 tests[22m[2m)[22m[32m 199[2mms[22m[39m
 [32mΓ£ô[39m packages/core/tests/integration/llm/streaming-edge-cases.test.ts [2m([22m[2m18 tests[22m[2m)[22m[32m 214[2mms[22m[39m
 [32mΓ£ô[39m scripts/__tests__/verify-package-exports.test.ts [2m([22m[2m17 tests[22m[2m)[22m[32m 294[2mms[22m[39m
 [32mΓ£ô[39m scripts/__tests__/cli-publish-readiness.test.ts [2m([22m[2m34 tests[22m[2m)[22m[32m 183[2mms[22m[39m
 [32mΓ£ô[39m packages/core/tests/unit/llm/ollama-provider.test.ts [2m([22m[2m45 tests[22m[2m)[22m[32m 163[2mms[22m[39m
 [32mΓ£ô[39m packages/core/tests/unit/tools/file/write-file.test.ts [2m([22m[2m13 tests[22m[2m)[22m[32m 217[2mms[22m[39m
 [32mΓ£ô[39m packages/core/tests/tsconfig.test.ts [2m([22m[2m23 tests[22m[2m)[22m[32m 130[2mms[22m[39m
 [32mΓ£ô[39m packages/core/tests/unit/tool/tool-executor.test.ts [2m([22m[2m17 tests[22m[2m)[22m[32m 161[2mms[22m[39m
 [32mΓ£ô[39m packages/core/tests/integration/llm/multi-provider-tracking.test.ts [2m([22m[2m47 tests[22m[2m)[22m[32m 132[2mms[22m[39m
 [32mΓ£ô[39m packages/core/tests/unit/tool/compose-tool.test.ts [2m([22m[2m37 tests[22m[2m)[22m[32m 114[2mms[22m[39m
 [32mΓ£ô[39m packages/core/tests/unit/autonomous-task-completion.test.ts [2m([22m[2m50 tests[22m[2m)[22m[32m 124[2mms[22m[39m
 [32mΓ£ô[39m packages/core/tests/integration/llm/provider-failover.test.ts [2m([22m[2m15 tests[22m[2m)[22m[32m 135[2mms[22m[39m
 [32mΓ£ô[39m packages/core/tests/unit/tools/file/create-file-tools.test.ts [2m([22m[2m8 tests[22m[2m)[22m[32m 170[2mms[22m[39m
 [32mΓ£ô[39m packages/core/tests/unit/tool/zod-input-validation.test.ts [2m([22m[2m29 tests[22m[2m)[22m[32m 79[2mms[22m[39m
 [32mΓ£ô[39m packages/core/tests/unit/customer-support-bot.test.ts [2m([22m[2m45 tests[22m[2m)[22m[32m 104[2mms[22m[39m
 [32mΓ£ô[39m packages/core/tests/unit/content-generation-workflow.test.ts [2m([22m[2m39 tests[22m[2m)[22m[32m 123[2mms[22m[39m
 [32mΓ£ô[39m packages/core/tests/unit/metrics/memory-metrics.test.ts [2m([22m[2m30 tests[22m[2m)[22m[32m 59[2mms[22m[39m
 [31mΓ¥»[39m scripts/__tests__/validate-npm-credentials.test.ts [2m([22m[2m27 tests[22m[2m | [22m[31m1 failed[39m[2m)[22m[33m 19606[2mms[22m[39m
       [32mΓ£ô[39m returns 0 for equal versions[32m 10[2mms[22m[39m
       [32mΓ£ô[39m returns -1 when first is less[32m 3[2mms[22m[39m
       [32mΓ£ô[39m returns 1 when first is greater[32m 3[2mms[22m[39m
       [32mΓ£ô[39m handles major version differences[32m 3[2mms[22m[39m
       [33m[2mΓ£ô[22m[39m detects npm CLI availability [33m 2037[2mms[22m[39m
       [32mΓ£ô[39m skips auth check when skipAuth is true[32m 27[2mms[22m[39m
       [33m[2mΓ£ô[22m[39m attempts auth check when skipAuth is false [33m 3356[2mms[22m[39m
       [32mΓ£ô[39m fails when .npmrc does not exist[32m 9[2mms[22m[39m
       [32mΓ£ô[39m passes for a well-configured .npmrc[32m 34[2mms[22m[39m
       [32mΓ£ô[39m fails when registry is missing[32m 18[2mms[22m[39m
       [32mΓ£ô[39m fails when access=public is missing[32m 15[2mms[22m[39m
       [32mΓ£ô[39m fails when auth tokens are present[32m 19[2mms[22m[39m
       [32mΓ£ô[39m warns when scope registry is not set[32m 12[2mms[22m[39m
       [32mΓ£ô[39m fails when packages/ directory does not exist[32m 15[2mms[22m[39m
       [32mΓ£ô[39m passes when all packages have correct publishConfig[32m 51[2mms[22m[39m
       [32mΓ£ô[39m fails when publishConfig is missing[32m 49[2mms[22m[39m
       [32mΓ£ô[39m fails when access is not public[32m 23[2mms[22m[39m
       [32mΓ£ô[39m fails when package is not scoped[32m 48[2mms[22m[39m
       [32mΓ£ô[39m skips when skipAuth is true[32m 8[2mms[22m[39m
       [33m[2mΓ£ô[22m[39m returns a result when skipAuth is false [33m 3474[2mms[22m[39m
       [33m[2mΓ£ô[22m[39m runs full validation with --skip-auth [33m 5012[2mms[22m[39m
[31m       [31m├ù[31m fails when .npmrc is missing[39m[33m 5345[2mms[22m[39m
       [32mΓ£ô[39m formats passing result[32m 3[2mms[22m[39m
       [32mΓ£ô[39m formats failing result[32m 7[2mms[22m[39m
       [32mΓ£ô[39m shows authenticated user when available[32m 3[2mms[22m[39m
       [32mΓ£ô[39m parses --skip-auth flag[32m 9[2mms[22m[39m
       [32mΓ£ô[39m defaults to no skip[32m 4[2mms[22m[39m
 [32mΓ£ô[39m packages/core/tests/unit/error-handling.test.ts [2m([22m[2m67 tests[22m[2m)[22m[32m 77[2mms[22m[39m
 [32mΓ£ô[39m packages/core/tests/unit/workflow-storage.test.ts [2m([22m[2m36 tests[22m[2m)[22m[32m 99[2mms[22m[39m
 [32mΓ£ô[39m packages/core/tests/unit/memory-and-learning.test.ts [2m([22m[2m63 tests[22m[2m)[22m[32m 92[2mms[22m[39m
 [32mΓ£ô[39m packages/core/tests/qa/task-103-discord-welcome.test.ts [2m([22m[2m63 tests[22m[2m)[22m[32m 60[2mms[22m[39m
 [31mΓ¥»[39m packages/core/tests/unit/task.test.ts [2m([22m[2m86 tests[22m[2m | [22m[31m1 failed[39m[2m)[22m[33m 18248[2mms[22m[39m
       [32mΓ£ô[39m should create a task with minimal config[32m 20[2mms[22m[39m
       [32mΓ£ô[39m should create a task with full config[32m 5[2mms[22m[39m
       [32mΓ£ô[39m should accept all TaskPriority values[32m 2[2mms[22m[39m
       [32mΓ£ô[39m should accept id with dashes and underscores[32m 1[2mms[22m[39m
       [32mΓ£ô[39m should accept id with only alphanumeric characters[32m 1[2mms[22m[39m
       [32mΓ£ô[39m should accept timeout at the upper boundary (600000ms)[32m 1[2mms[22m[39m
       [32mΓ£ô[39m should accept retries at the upper boundary (10)[32m 1[2mms[22m[39m
       [32mΓ£ô[39m should accept retries of 0[32m 1[2mms[22m[39m
       [32mΓ£ô[39m should accept multiple dependencies[32m 2[2mms[22m[39m
       [32mΓ£ô[39m should throw TaskConfigError for empty id[32m 5[2mms[22m[39m
       [32mΓ£ô[39m should throw TaskConfigError for id with spaces[32m 2[2mms[22m[39m
       [32mΓ£ô[39m should throw TaskConfigError for id with special characters[32m 1[2mms[22m[39m
       [32mΓ£ô[39m should throw TaskConfigError for empty description[32m 1[2mms[22m[39m
       [32mΓ£ô[39m should throw TaskConfigError for empty agentId string[32m 4[2mms[22m[39m
       [32mΓ£ô[39m should throw TaskConfigError for agentId with spaces[32m 1[2mms[22m[39m
       [32mΓ£ô[39m should throw TaskConfigError for negative timeout[32m 1[2mms[22m[39m
       [32mΓ£ô[39m should throw TaskConfigError for zero timeout[32m 1[2mms[22m[39m
       [32mΓ£ô[39m should throw TaskConfigError for timeout exceeding max[32m 1[2mms[22m[39m
       [32mΓ£ô[39m should throw TaskConfigError for non-integer timeout[32m 1[2mms[22m[39m
       [32mΓ£ô[39m should throw TaskConfigError for negative retries[32m 1[2mms[22m[39m
       [32mΓ£ô[39m should throw TaskConfigError for retries exceeding max[32m 1[2mms[22m[39m
       [32mΓ£ô[39m should throw TaskConfigError for non-integer retries[32m 9[2mms[22m[39m
       [32mΓ£ô[39m should include task id in error message when available[32m 2[2mms[22m[39m
       [32mΓ£ô[39m should handle non-string id gracefully in error[32m 1[2mms[22m[39m
       [32mΓ£ô[39m should assign an agent to an unassigned task[32m 2[2mms[22m[39m
       [32mΓ£ô[39m should reassign an agent on a pending task[32m 1[2mms[22m[39m
       [32mΓ£ô[39m should throw TaskConfigError when assigning during RUNNING status[32m 3[2mms[22m[39m
       [32mΓ£ô[39m should allow reassignment after completion and reset[32m 1[2mms[22m[39m
       [32mΓ£ô[39m should throw TaskConfigError for empty agent id[32m 1[2mms[22m[39m
       [32mΓ£ô[39m should throw TaskConfigError for agent id with spaces[32m 1[2mms[22m[39m
       [32mΓ£ô[39m should throw TaskConfigError for agent id with special chars[32m 1[2mms[22m[39m
       [32mΓ£ô[39m should start in PENDING status[32m 0[2mms[22m[39m
       [32mΓ£ô[39m should transition PENDING ΓåÆ RUNNING[32m 1[2mms[22m[39m
       [32mΓ£ô[39m should transition PENDING ΓåÆ CANCELLED[32m 0[2mms[22m[39m
       [32mΓ£ô[39m should transition RUNNING ΓåÆ COMPLETED[32m 0[2mms[22m[39m
       [32mΓ£ô[39m should transition RUNNING ΓåÆ FAILED[32m 1[2mms[22m[39m
       [32mΓ£ô[39m should transition RUNNING ΓåÆ CANCELLED[32m 0[2mms[22m[39m
       [32mΓ£ô[39m should transition COMPLETED ΓåÆ PENDING (reset)[32m 0[2mms[22m[39m
       [32mΓ£ô[39m should transition FAILED ΓåÆ PENDING (reset)[32m 0[2mms[22m[39m
       [32mΓ£ô[39m should transition CANCELLED ΓåÆ PENDING (reset)[32m 0[2mms[22m[39m
       [32mΓ£ô[39m should throw on PENDING ΓåÆ COMPLETED[32m 0[2mms[22m[39m
       [32mΓ£ô[39m should throw on PENDING ΓåÆ FAILED[32m 0[2mms[22m[39m
       [32mΓ£ô[39m should throw on COMPLETED ΓåÆ RUNNING[32m 1[2mms[22m[39m
       [32mΓ£ô[39m should throw on FAILED ΓåÆ RUNNING[32m 1[2mms[22m[39m
       [32mΓ£ô[39m should throw on CANCELLED ΓåÆ RUNNING[32m 1[2mms[22m[39m
       [32mΓ£ô[39m should include status names in error message[32m 1[2mms[22m[39m
       [32mΓ£ô[39m should mark task as completed with a result[32m 1[2mms[22m[39m
       [32mΓ£ô[39m should throw if not in RUNNING status[32m 1[2mms[22m[39m
       [32mΓ£ô[39m should mark task as failed with an error[32m 1[2mms[22m[39m
       [32mΓ£ô[39m should throw if not in RUNNING status[32m 0[2mms[22m[39m
       [32mΓ£ô[39m should cancel a PENDING task[32m 0[2mms[22m[39m
       [32mΓ£ô[39m should cancel a RUNNING task[32m 0[2mms[22m[39m
       [32mΓ£ô[39m should cancel a FAILED task[32m 0[2mms[22m[39m
       [32mΓ£ô[39m should throw when cancelling a COMPLETED task[32m 1[2mms[22m[39m
       [32mΓ£ô[39m should throw when cancelling an already CANCELLED task[32m 1[2mms[22m[39m
       [32mΓ£ô[39m should reset a completed task to PENDING[32m 0[2mms[22m[39m
       [32mΓ£ô[39m should reset a failed task to PENDING[32m 1[2mms[22m[39m
       [32mΓ£ô[39m should reset a cancelled task to PENDING[32m 0[2mms[22m[39m
       [32mΓ£ô[39m should throw when resetting a RUNNING task[32m 0[2mms[22m[39m
       [32mΓ£ô[39m should emit task:status-changed on status transitions[32m 5[2mms[22m[39m
       [32mΓ£ô[39m should emit task:complete when completing[32m 2[2mms[22m[39m
       [32mΓ£ô[39m should emit task:error when failing[32m 1[2mms[22m[39m
       [32mΓ£ô[39m should emit task:status-changed on reset[32m 1[2mms[22m[39m
       [32mΓ£ô[39m should support once listeners[32m 1[2mms[22m[39m
       [32mΓ£ô[39m should support off to remove listeners[32m 1[2mms[22m[39m
       [32mΓ£ô[39m should return this from on/off/once for chaining[32m 1[2mms[22m[39m
       [32mΓ£ô[39m should convert minimal config to TaskInput[32m 1[2mms[22m[39m
       [32mΓ£ô[39m should include expectedOutput when set[32m 1[2mms[22m[39m
       [32mΓ£ô[39m should include context when non-empty[32m 1[2mms[22m[39m
       [32mΓ£ô[39m should not include context when empty[32m 1[2mms[22m[39m
       [32mΓ£ô[39m should convert to CrewTask with assigned agent[32m 2[2mms[22m[39m
       [32mΓ£ô[39m should throw TaskConfigError when no agent is assigned[32m 1[2mms[22m[39m
       [32mΓ£ô[39m should convert after dynamic agent assignment[32m 0[2mms[22m[39m
       [32mΓ£ô[39m should omit optional fields when not set[32m 1[2mms[22m[39m
       [32mΓ£ô[39m should include task id in the error[32m 1[2mms[22m[39m
       [32mΓ£ô[39m should return readonly context[32m 1[2mms[22m[39m
       [32mΓ£ô[39m should return readonly dependencies[32m 0[2mms[22m[39m
       [32mΓ£ô[39m should return readonly metadata[32m 0[2mms[22m[39m
       [32mΓ£ô[39m should not be affected by mutations to the original config context[32m 0[2mms[22m[39m
       [32mΓ£ô[39m should not be affected by mutations to the original dependencies array[32m 1[2mms[22m[39m
[31m       [31m├ù[31m should export Task from index[39m[33m 15043[2mms[22m[39m
       [33m[2mΓ£ô[22m[39m should export TaskPriority from index [33m 3073[2mms[22m[39m
       [32mΓ£ô[39m should export TaskStatus from index[32m 1[2mms[22m[39m
       [32mΓ£ô[39m should export TaskConfigError from index[32m 1[2mms[22m[39m
       [32mΓ£ô[39m should export TaskExecutionError from index[32m 1[2mms[22m[39m
       [32mΓ£ô[39m should export TaskTimeoutError from index[32m 1[2mms[22m[39m
 [32mΓ£ô[39m packages/core/tests/unit/multi-step-reasoning.test.ts [2m([22m[2m27 tests[22m[2m)[22m[32m 75[2mms[22m[39m
 [32mΓ£ô[39m packages/core/tests/unit/usage-tracker.test.ts [2m([22m[2m51 tests[22m[2m)[22m[32m 200[2mms[22m[39m
 [32mΓ£ô[39m packages/core/tests/unit/tool/tool-decorator-custom.test.ts [2m([22m[2m36 tests[22m[2m)[22m[32m 86[2mms[22m[39m
 [32mΓ£ô[39m packages/core/tests/unit/research-crew.test.ts [2m([22m[2m47 tests[22m[2m)[22m[32m 112[2mms[22m[39m
 [32mΓ£ô[39m packages/core/tests/unit/data-analysis-pipeline.test.ts [2m([22m[2m41 tests[22m[2m)[22m[32m 246[2mms[22m[39m
 [32mΓ£ô[39m scripts/__tests__/generate-benchmark-docs.test.ts [2m([22m[2m29 tests[22m[2m)[22m[32m 59[2mms[22m[39m
 [32mΓ£ô[39m packages/core/tests/unit/custom-tool-integration.test.ts [2m([22m[2m70 tests[22m[2m)[22m[32m 103[2mms[22m[39m
 [32mΓ£ô[39m packages/core/tests/unit/logging/logger.test.ts [2m([22m[2m63 tests[22m[2m)[22m[32m 81[2mms[22m[39m
 [32mΓ£ô[39m packages/core/tests/unit/task/retry-policy.test.ts [2m([22m[2m23 tests[22m[2m)[22m[32m 55[2mms[22m[39m
 [32mΓ£ô[39m packages/core/tests/unit/task/dead-letter-queue.test.ts [2m([22m[2m38 tests[22m[2m)[22m[32m 66[2mms[22m[39m
 [32mΓ£ô[39m packages/core/tests/qa/task-015-license-qa.test.ts [2m([22m[2m17 tests[22m[2m)[22m[32m 234[2mms[22m[39m
 [32mΓ£ô[39m packages/core/tests/unit/memory/memory-edge-cases.test.ts [2m([22m[2m49 tests[22m[2m)[22m[32m 58[2mms[22m[39m
 [32mΓ£ô[39m packages/core/tests/unit/tools/web/rate-limiter.test.ts [2m([22m[2m28 tests[22m[2m)[22m[32m 56[2mms[22m[39m
 [32mΓ£ô[39m packages/core/tests/unit/tool/tool-decorator.test.ts [2m([22m[2m48 tests[22m[2m)[22m[32m 104[2mms[22m[39m
 [32mΓ£ô[39m packages/core/tests/unit/graceful-degradation.test.ts [2m([22m[2m39 tests[22m[2m)[22m[32m 71[2mms[22m[39m
 [32mΓ£ô[39m packages/core/tests/unit/llm/fallback-provider.test.ts [2m([22m[2m38 tests[22m[2m)[22m[32m 75[2mms[22m[39m
 [32mΓ£ô[39m packages/core/tests/unit/api-reference.test.ts [2m([22m[2m128 tests[22m[2m)[22m[32m 79[2mms[22m[39m
 [32mΓ£ô[39m packages/core/tests/unit/task/task-execution-wrapper-dlq.test.ts [2m([22m[2m10 tests[22m[2m)[22m[32m 61[2mms[22m[39m
 [32mΓ£ô[39m packages/core/tests/unit/performance-metrics-integration.test.ts [2m([22m[2m25 tests[22m[2m)[22m[32m 75[2mms[22m[39m
 [32mΓ£ô[39m packages/core/tests/qa/task-101-discord-setup.test.ts [2m([22m[2m50 tests[22m[2m)[22m[32m 101[2mms[22m[39m
 [32mΓ£ô[39m packages/core/tests/unit/documentation.test.ts [2m([22m[2m113 tests[22m[2m)[22m[32m 121[2mms[22m[39m
 [32mΓ£ô[39m packages/core/tests/unit/code-review-crew.test.ts [2m([22m[2m32 tests[22m[2m)[22m[32m 83[2mms[22m[39m
 [32mΓ£ô[39m packages/core/tests/qa/task-014-agent-class-qa.test.ts [2m([22m[2m28 tests[22m[2m)[22m[32m 70[2mms[22m[39m
 [32mΓ£ô[39m packages/core/tests/unit/agent.test.ts [2m([22m[2m33 tests[22m[2m)[22m[32m 80[2mms[22m[39m
 [32mΓ£ô[39m packages/core/tests/unit/circular-dependencies.test.ts [2m([22m[2m38 tests[22m[2m)[22m[32m 69[2mms[22m[39m
 [32mΓ£ô[39m scripts/__tests__/semver.test.ts [2m([22m[2m49 tests[22m[2m)[22m[32m 105[2mms[22m[39m
 [32mΓ£ô[39m packages/core/tests/unit/task/task-plan-formatter.test.ts [2m([22m[2m54 tests[22m[2m)[22m[32m 63[2mms[22m[39m
 [32mΓ£ô[39m packages/core/tests/unit/deps.test.ts [2m([22m[2m20 tests[22m[2m)[22m[32m 69[2mms[22m[39m
 [32mΓ£ô[39m packages/core/tests/unit/tools/web/parse-html.test.ts [2m([22m[2m40 tests[22m[2m)[22m[32m 47[2mms[22m[39m
 [32mΓ£ô[39m packages/core/tests/unit/simple-chat-agent.test.ts [2m([22m[2m29 tests[22m[2m)[22m[32m 46[2mms[22m[39m
 [32mΓ£ô[39m packages/core/tests/unit/metrics/performance-metrics-tracker.test.ts [2m([22m[2m45 tests[22m[2m)[22m[32m 49[2mms[22m[39m
 [32mΓ£ô[39m community/discord/__tests__/bot.test.ts [2m([22m[2m26 tests[22m[2m)[22m[32m 70[2mms[22m[39m
 [32mΓ£ô[39m packages/core/tests/unit/logging/performance-tracker.test.ts [2m([22m[2m50 tests[22m[2m)[22m[32m 63[2mms[22m[39m
 [32mΓ£ô[39m packages/core/tests/unit/tools/web/web-search.test.ts [2m([22m[2m13 tests[22m[2m)[22m[32m 46[2mms[22m[39m
 [32mΓ£ô[39m packages/core/tests/unit/llm/retry.test.ts [2m([22m[2m53 tests[22m[2m)[22m[32m 59[2mms[22m[39m
 [32mΓ£ô[39m packages/core/tests/unit/logging/log-export.test.ts [2m([22m[2m32 tests[22m[2m)[22m[32m 66[2mms[22m[39m
 [32mΓ£ô[39m packages/core/tests/unit/memory/memory-search-query.test.ts [2m([22m[2m43 tests[22m[2m)[22m[32m 64[2mms[22m[39m
 [32mΓ£ô[39m packages/core/tests/unit/deprecation/deprecation.test.ts [2m([22m[2m27 tests[22m[2m)[22m[32m 34[2mms[22m[39m
 [32mΓ£ô[39m community/twitter/__tests__/account-config.test.ts [2m([22m[2m44 tests[22m[2m)[22m[32m 45[2mms[22m[39m
 [32mΓ£ô[39m packages/core/tests/unit/tool/validation.test.ts [2m([22m[2m40 tests[22m[2m)[22m[32m 53[2mms[22m[39m
 [32mΓ£ô[39m packages/core/tests/unit/getting-started.test.ts [2m([22m[2m47 tests[22m[2m)[22m[32m 65[2mms[22m[39m
 [32mΓ£ô[39m packages/core/tests/build-output.test.ts [2m([22m[2m12 tests[22m[2m)[22m[32m 43[2mms[22m[39m
 [32mΓ£ô[39m packages/core/tests/unit/task-scheduler.test.ts [2m([22m[2m35 tests[22m[2m)[22m[32m 79[2mms[22m[39m
 [32mΓ£ô[39m packages/core/tests/qa/task-099-issue-templates.test.ts [2m([22m[2m46 tests[22m[2m)[22m[32m 222[2mms[22m[39m
 [32mΓ£ô[39m packages/core/tests/unit/tool/permission-manager.test.ts [2m([22m[2m20 tests[22m[2m)[22m[32m 33[2mms[22m[39m
 [32mΓ£ô[39m packages/core/tests/integration/memory-system.test.ts [2m([22m[2m28 tests[22m[2m)[22m[32m 66[2mms[22m[39m
 [32mΓ£ô[39m packages/core/tests/qa/task-100-pr-template.test.ts [2m([22m[2m44 tests[22m[2m)[22m[32m 122[2mms[22m[39m
 [32mΓ£ô[39m packages/core/tests/unit/memory/memory-export.test.ts [2m([22m[2m29 tests[22m[2m)[22m[32m 82[2mms[22m[39m
 [32mΓ£ô[39m packages/core/tests/unit/metrics/metrics-collector.test.ts [2m([22m[2m30 tests[22m[2m)[22m[32m 80[2mms[22m[39m
 [32mΓ£ô[39m packages/core/tests/unit/memory/memory-manager.test.ts [2m([22m[2m34 tests[22m[2m)[22m[32m 62[2mms[22m[39m
 [32mΓ£ô[39m packages/core/tests/unit/llm/usage-tracker.test.ts [2m([22m[2m45 tests[22m[2m)[22m[32m 48[2mms[22m[39m
 [32mΓ£ô[39m packages/core/tests/unit/llm/validation.test.ts [2m([22m[2m47 tests[22m[2m)[22m[32m 51[2mms[22m[39m
 [32mΓ£ô[39m packages/core/tests/unit/llm/provider-registry.test.ts [2m([22m[2m20 tests[22m[2m)[22m[32m 56[2mms[22m[39m
 [32mΓ£ô[39m packages/core/tests/unit/bundle-size-analysis.test.ts [2m([22m[2m50 tests[22m[2m)[22m[32m 58[2mms[22m[39m
 [32mΓ£ô[39m packages/core/tests/unit/llm/usage-tracking-provider.test.ts [2m([22m[2m25 tests[22m[2m)[22m[32m 69[2mms[22m[39m
 [32mΓ£ô[39m packages/core/tests/unit/task/task-context-manager.test.ts [2m([22m[2m43 tests[22m[2m)[22m[32m 49[2mms[22m[39m
 [32mΓ£ô[39m packages/core/tests/qa/task-009-community-docs-qa.test.ts [2m([22m[2m47 tests[22m[2m)[22m[32m 61[2mms[22m[39m
 [32mΓ£ô[39m packages/core/tests/unit/memory/retention-policy-manager.test.ts [2m([22m[2m34 tests[22m[2m)[22m[32m 57[2mms[22m[39m
 [32mΓ£ô[39m community/discussions/__tests__/setup-discussions.test.ts [2m([22m[2m25 tests[22m[2m)[22m[32m 45[2mms[22m[39m
 [32mΓ£ô[39m community/discussions/__tests__/discussions-config.test.ts [2m([22m[2m39 tests[22m[2m)[22m[32m 46[2mms[22m[39m
 [32mΓ£ô[39m packages/core/tests/unit/readme-comprehensive.test.ts [2m([22m[2m40 tests[22m[2m)[22m[32m 43[2mms[22m[39m
 [32mΓ£ô[39m packages/core/tests/unit/memory/short-term-memory.test.ts [2m([22m[2m45 tests[22m[2m)[22m[32m 56[2mms[22m[39m
 [32mΓ£ô[39m packages/core/tests/unit/metrics/token-efficiency.test.ts [2m([22m[2m22 tests[22m[2m)[22m[32m 43[2mms[22m[39m
 [32mΓ£ô[39m packages/core/tests/unit/llm/base-provider.test.ts [2m([22m[2m27 tests[22m[2m)[22m[32m 41[2mms[22m[39m
 [32mΓ£ô[39m packages/core/tests/qa/task-098-community-docs.test.ts [2m([22m[2m38 tests[22m[2m)[22m[32m 42[2mms[22m[39m
 [32mΓ£ô[39m packages/core/tests/unit/version/changelog.test.ts [2m([22m[2m20 tests[22m[2m)[22m[32m 29[2mms[22m[39m
 [32mΓ£ô[39m packages/core/tests/unit/ci-benchmark-summary.test.ts [2m([22m[2m20 tests[22m[2m)[22m[32m 38[2mms[22m[39m
 [32mΓ£ô[39m packages/core/tests/unit/benchmark-tools.test.ts [2m([22m[2m21 tests[22m[2m)[22m[32m 39[2mms[22m[39m
 [32mΓ£ô[39m packages/core/tests/unit/llm/stream-response.test.ts [2m([22m[2m12 tests[22m[2m)[22m[32m 36[2mms[22m[39m
 [32mΓ£ô[39m docs/__tests__/architecture-deep-dive.test.ts [2m([22m[2m60 tests[22m[2m)[22m[32m 69[2mms[22m[39m
 [32mΓ£ô[39m packages/core/tests/unit/memory/memory-errors.test.ts [2m([22m[2m12 tests[22m[2m)[22m[32m 36[2mms[22m[39m
[90mstdout[2m | scripts/__tests__/check-semver-compliance.test.ts
[22m[39m=== Semver Compliance Check ===

≡ƒôª @crewspace/core ΓÇö 523 public exports
   Γ₧ò 45 new export(s): AccountPlan, AccountPlanProvider, AccountUsageSummary, checkDestructiveCommand, CompleteRunInput, createShellExecTool, createShellTools, CreateWorkflowInput, DEFAULT_PLAN_LIMITS, DEFAULT_SHELL_TIMEOUT_MS, DESTRUCTIVE_PATTERNS, InMemoryAccountPlanStorage, InMemoryUsageStorage, InMemoryWorkflowStorage, LimitCheckResult, ListRunsOptions, ListWorkflowsOptions, ListWorkflowsResult, MAX_OUTPUT_SIZE, MAX_SHELL_TIMEOUT_MS, PlanLimits, PlanTier, RecordRunInput, RunStatus, ShellExecInput, ShellExecInputSchema, ShellExecOutput, ShellTools, ShellToolsOptions, StoredAgentDefinition, StoredWorkflow, UpdateWorkflowInput, UsageAccountNotFoundError, UsageInvalidTransitionError, UsageLimitExceededError, UsageListRunsResult, UsageRunNotFoundError, UsageRunRecord, UsageStorageProvider, UsageTracker, UsageTrackerConfig, WorkflowNotFoundError, WorkflowStatus, WorkflowStorageProvider, WorkflowValidationError
   Γ£à No breaking changes detected

≡ƒôª @crewspace/cli ΓÇö 17 public exports
   Γ£à No breaking changes detected

Γ£à Semver compliance check passed

 [32mΓ£ô[39m scripts/__tests__/check-semver-compliance.test.ts [2m([22m[2m26 tests[22m[2m)[22m[32m 33[2mms[22m[39m
 [32mΓ£ô[39m docs/__tests__/migration-langchain.test.ts [2m([22m[2m22 tests[22m[2m)[22m[32m 25[2mms[22m[39m
 [32mΓ£ô[39m packages/core/tests/unit/vitest-config.test.ts [2m([22m[2m8 tests[22m[2m)[22m[32m 29[2mms[22m[39m
 [32mΓ£ô[39m packages/core/tests/unit/llm/llm-errors.test.ts [2m([22m[2m22 tests[22m[2m)[22m[32m 29[2mms[22m[39m
 [32mΓ£ô[39m packages/core/tests/unit/llm/model-catalog.test.ts [2m([22m[2m18 tests[22m[2m)[22m[32m 28[2mms[22m[39m
 [32mΓ£ô[39m packages/core/tests/unit/llm/circuit-breaker.test.ts [2m([22m[2m31 tests[22m[2m)[22m[32m 35[2mms[22m[39m
 [32mΓ£ô[39m packages/core/tests/unit/tool/tool-registry.test.ts [2m([22m[2m25 tests[22m[2m)[22m[32m 35[2mms[22m[39m
 [32mΓ£ô[39m packages/core/tests/unit/version/semver.test.ts [2m([22m[2m31 tests[22m[2m)[22m[32m 36[2mms[22m[39m
 [32mΓ£ô[39m packages/core/tests/unit/package.test.ts [2m([22m[2m36 tests[22m[2m)[22m[32m 34[2mms[22m[39m
 [32mΓ£ô[39m packages/core/tests/unit/tool/tool-errors.test.ts [2m([22m[2m14 tests[22m[2m)[22m[32m 31[2mms[22m[39m
 [32mΓ£ô[39m packages/core/tests/unit/package-scripts.test.ts [2m([22m[2m11 tests[22m[2m)[22m[32m 26[2mms[22m[39m
 [32mΓ£ô[39m docs/__tests__/deprecation-policy.test.ts [2m([22m[2m18 tests[22m[2m)[22m[32m 28[2mms[22m[39m
 [32mΓ£ô[39m packages/prettier-config/tests/prettier-config.test.ts [2m([22m[2m35 tests[22m[2m)[22m[32m 39[2mms[22m[39m
 [32mΓ£ô[39m community/twitter/__tests__/setup-twitter.test.ts [2m([22m[2m24 tests[22m[2m)[22m[32m 45[2mms[22m[39m
 [32mΓ£ô[39m packages/core/tests/unit/tool/tool-types.test.ts [2m([22m[2m22 tests[22m[2m)[22m[32m 30[2mms[22m[39m
 [32mΓ£ô[39m packages/core/tests/type-safety.test.ts [2m([22m[2m16 tests[22m[2m)[22m[32m 19[2mms[22m[39m
 [32mΓ£ô[39m packages/core/tests/unit/llm/llm-types.test.ts [2m([22m[2m14 tests[22m[2m)[22m[32m 21[2mms[22m[39m
 [32mΓ£ô[39m packages/core/tests/unit/version/consistency.test.ts [2m([22m[2m6 tests[22m[2m)[22m[32m 18[2mms[22m[39m
 [32mΓ£ô[39m packages/core/tests/unit/metrics/complexity-analyzer.test.ts [2m([22m[2m22 tests[22m[2m)[22m[32m 27[2mms[22m[39m
 [32mΓ£ô[39m packages/core/tests/unit/task-errors.test.ts [2m([22m[2m11 tests[22m[2m)[22m[32m 23[2mms[22m[39m
 [32mΓ£ô[39m docs/__tests__/comparison-guide.test.ts [2m([22m[2m14 tests[22m[2m)[22m[32m 21[2mms[22m[39m
 [32mΓ£ô[39m packages/ui/tests/tokens.test.ts [2m([22m[2m12 tests[22m[2m)[22m[32m 20[2mms[22m[39m
 [32mΓ£ô[39m packages/core/tests/unit/readme-npm-badges.test.ts [2m([22m[2m5 tests[22m[2m)[22m[32m 18[2mms[22m[39m
 [32mΓ£ô[39m packages/core/tests/unit/tools/web/create-web-tools.test.ts [2m([22m[2m11 tests[22m[2m)[22m[32m 20[2mms[22m[39m
 [32mΓ£ô[39m packages/core/tests/unit/tools/web/web-tools.test.ts [2m([22m[2m7 tests[22m[2m)[22m[32m 17[2mms[22m[39m
 [32mΓ£ô[39m packages/core/tests/unit/llm/type-guards.test.ts [2m([22m[2m3 tests[22m[2m)[22m[32m 11[2mms[22m[39m
 [32mΓ£ô[39m packages/core/tests/unit/memory/memory-types.test.ts [2m([22m[2m7 tests[22m[2m)[22m[32m 18[2mms[22m[39m
 [32mΓ£ô[39m packages/core/tests/integration/module-import.test.ts [2m([22m[2m1 test[22m[2m)[22m[32m 9[2mms[22m[39m
 [32mΓ£ô[39m packages/core/tests/unit/core.test.ts [2m([22m[2m2 tests[22m[2m)[22m[32m 11[2mms[22m[39m
 [32mΓ£ô[39m packages/tools-file/tests/unit/tools-file.test.ts [2m([22m[2m17 tests[22m[2m)[22m[32m 74[2mms[22m[39m
 [32mΓ£ô[39m packages/tools-web/tests/unit/tools-web.test.ts [2m([22m[2m23 tests[22m[2m)[22m[32m 122[2mms[22m[39m
 [32mΓ£ô[39m packages/tools-shell/tests/unit/tools-shell.test.ts [2m([22m[2m18 tests[22m[2m)[22m[32m 85[2mms[22m[39m
 [32mΓ£ô[39m packages/eslint-config/tests/eslint-config.test.ts [2m([22m[2m34 tests[22m[2m)[22m[32m 159[2mms[22m[39m
 [32mΓ£ô[39m scripts/__tests__/release.test.ts [2m([22m[2m35 tests[22m[2m)[22m[33m 39874[2mms[22m[39m
       [33m[2mΓ£ô[22m[39m passes when working tree is clean [33m 2280[2mms[22m[39m
       [33m[2mΓ£ô[22m[39m fails when there are uncommitted changes [33m 2345[2mms[22m[39m
       [33m[2mΓ£ô[22m[39m passes when on an allowed branch [33m 2556[2mms[22m[39m
       [33m[2mΓ£ô[22m[39m fails when on a non-allowed branch [33m 2586[2mms[22m[39m
       [33m[2mΓ£ô[22m[39m passes when tag does not exist [33m 2567[2mms[22m[39m
       [33m[2mΓ£ô[22m[39m fails when tag already exists [33m 3341[2mms[22m[39m
       [33m[2mΓ£ô[22m[39m fails when not a git repository [33m 362[2mms[22m[39m
       [33m[2mΓ£ô[22m[39m creates a tag in a git repo [33m 3180[2mms[22m[39m
       [33m[2mΓ£ô[22m[39m skips in dry-run mode [33m 2596[2mms[22m[39m
       [33m[2mΓ£ô[22m[39m fails when not a git repo [33m 361[2mms[22m[39m
       [33m[2mΓ£ô[22m[39m fails when no remote configured [33m 2549[2mms[22m[39m
       [33m[2mΓ£ô[22m[39m succeeds for a valid setup in dry-run mode [33m 4372[2mms[22m[39m
       [33m[2mΓ£ô[22m[39m fails when validation fails [33m 2199[2mms[22m[39m
       [33m[2mΓ£ô[22m[39m fails when build output is missing [33m 1800[2mms[22m[39m
       [33m[2mΓ£ô[22m[39m fails when tag already exists [33m 2969[2mms[22m[39m
       [33m[2mΓ£ô[22m[39m creates tag but skips push [33m 2577[2mms[22m[39m
 [31mΓ¥»[39m packages/core/tests/integration/bundler-compat.test.ts [2m([22m[2m12 tests[22m[2m | [22m[31m1 failed[39m[2m)[22m[33m 43496[2mms[22m[39m
     [33m[2mΓ£ô[22m[39m should bundle ESM entry without errors [33m 1964[2mms[22m[39m
     [33m[2mΓ£ô[22m[39m should bundle CJS entry without errors [33m 676[2mms[22m[39m
     [33m[2mΓ£ô[22m[39m should produce no unexpected warnings for the package [33m 1483[2mms[22m[39m
     [33m[2mΓ£ô[22m[39m should bundle ESM entry with Vite build [33m 3814[2mms[22m[39m
     [33m[2mΓ£ô[22m[39m should bundle CJS entry with Vite build [33m 474[2mms[22m[39m
[31m     [31m├ù[31m should bundle CJS entry without errors[39m[33m 30035[2mms[22m[39m
     [33m[2mΓ£ô[22m[39m should bundle ESM-style entry without errors [33m 4450[2mms[22m[39m
     [32mΓ£ô[39m should have valid exports field for bundler resolution[32m 6[2mms[22m[39m
     [32mΓ£ô[39m should have "sideEffects: false" for tree-shaking[32m 3[2mms[22m[39m
     [32mΓ£ô[39m should have "type: module" for ESM support[32m 3[2mms[22m[39m
     [32mΓ£ô[39m should have testing subpath export[32m 2[2mms[22m[39m
     [33m[2mΓ£ô[22m[39m should produce smaller output when importing fewer symbols (esbuild) [33m 544[2mms[22m[39m
 [31mΓ¥»[39m scripts/__tests__/generate-release-notes.test.ts [2m([22m[2m34 tests[22m[2m | [22m[31m1 failed[39m[2m)[22m[33m 47561[2mms[22m[39m
       [33m[2mΓ£ô[22m[39m returns null when no tags exist [33m 2973[2mms[22m[39m
       [33m[2mΓ£ô[22m[39m returns null when only one tag exists [33m 2884[2mms[22m[39m
       [33m[2mΓ£ô[22m[39m returns the previous tag when multiple tags exist [33m 3924[2mms[22m[39m
       [33m[2mΓ£ô[22m[39m returns the most recent tag when no currentTag specified [33m 5192[2mms[22m[39m
       [33m[2mΓ£ô[22m[39m returns null for non-git directory [33m 326[2mms[22m[39m
[31m       [31m├ù[31m returns commits in range[39m[33m 6068[2mms[22m[39m
       [33m[2mΓ£ô[22m[39m returns all commits when fromRef is null [33m 4148[2mms[22m[39m
       [33m[2mΓ£ô[22m[39m returns empty array when no commits in range [33m 2900[2mms[22m[39m
       [32mΓ£ô[39m returns empty array for non-git directory[32m 266[2mms[22m[39m
       [33m[2mΓ£ô[22m[39m includes commit hash, subject, and author [33m 2626[2mms[22m[39m
       [32mΓ£ô[39m returns unique sorted contributors[32m 43[2mms[22m[39m
       [32mΓ£ô[39m returns empty array for no commits[32m 3[2mms[22m[39m
       [32mΓ£ô[39m handles single contributor[32m 2[2mms[22m[39m
       [32mΓ£ô[39m categorizes commits by conventional prefix[32m 4[2mms[22m[39m
       [32mΓ£ô[39m puts non-conventional commits in Other[32m 4[2mms[22m[39m
       [32mΓ£ô[39m handles scoped conventional commits[32m 4[2mms[22m[39m
       [32mΓ£ô[39m returns empty map for empty commits[32m 7[2mms[22m[39m
       [32mΓ£ô[39m reads versions from package.json files[32m 59[2mms[22m[39m
       [32mΓ£ô[39m handles missing package.json[32m 4[2mms[22m[39m
       [32mΓ£ô[39m reads multiple package versions[32m 116[2mms[22m[39m
       [33m[2mΓ£ô[22m[39m generates release notes with changelog entries [33m 2934[2mms[22m[39m
       [33m[2mΓ£ô[22m[39m includes package information table [33m 1923[2mms[22m[39m
       [33m[2mΓ£ô[22m[39m includes contributors section [33m 1960[2mms[22m[39m
       [33m[2mΓ£ô[22m[39m includes commit summary section [33m 2777[2mms[22m[39m
       [33m[2mΓ£ô[22m[39m handles missing changelog gracefully [33m 1651[2mms[22m[39m
       [33m[2mΓ£ô[22m[39m uses custom repoUrl when provided [33m 1027[2mms[22m[39m
       [33m[2mΓ£ô[22m[39m includes full changelog link [33m 1253[2mms[22m[39m
       [33m[2mΓ£ô[22m[39m includes compare link when previous tag exists [33m 1409[2mms[22m[39m
       [33m[2mΓ£ô[22m[39m handles empty packages array [33m 1044[2mms[22m[39m
       [32mΓ£ô[39m parses --version flag[32m 2[2mms[22m[39m
       [32mΓ£ô[39m parses --previous-tag flag[32m 2[2mms[22m[39m
       [32mΓ£ô[39m parses --output flag[32m 2[2mms[22m[39m
       [32mΓ£ô[39m returns empty version when not provided[32m 2[2mms[22m[39m
       [32mΓ£ô[39m parses all flags together[32m 2[2mms[22m[39m
 [31mΓ¥»[39m scripts/__tests__/script-path-resolution.test.ts [2m([22m[2m9 tests[22m[2m | [22m[31m1 failed[39m[2m)[22m[33m 49105[2mms[22m[39m
     [32mΓ£ô[39m scripts/release.ts uses fileURLToPath instead of import.meta.dirname[32m 9[2mms[22m[39m
     [32mΓ£ô[39m scripts/prepare-publish.ts uses fileURLToPath instead of import.meta.dirname[32m 2[2mms[22m[39m
     [32mΓ£ô[39m scripts/check-versions.ts uses fileURLToPath instead of import.meta.dirname[32m 2[2mms[22m[39m
     [32mΓ£ô[39m scripts/github-release.ts uses fileURLToPath instead of import.meta.dirname[32m 2[2mms[22m[39m
     [32mΓ£ô[39m scripts/publish-check.ts uses fileURLToPath instead of import.meta.dirname[32m 2[2mms[22m[39m
     [32mΓ£ô[39m scripts/version-bump.ts uses fileURLToPath instead of import.meta.dirname[32m 2[2mms[22m[39m
     [33m[2mΓ£ô[22m[39m check-versions.ts resolves paths correctly via tsx [33m 8204[2mms[22m[39m
     [33m[2mΓ£ô[22m[39m release.ts dry-run resolves package paths correctly [33m 10853[2mms[22m[39m
[31m     [31m├ù[31m publish-check.ts resolves package paths correctly[39m[33m 30021[2mms[22m[39m
 [31mΓ¥»[39m packages/core/tests/integration/eslint-prettier-setup.test.ts [2m([22m[2m44 tests[22m[2m | [22m[31m2 failed[39m[2m)[22m[33m 119326[2mms[22m[39m
       [32mΓ£ô[39m should have eslint.config.mjs in root[32m 5[2mms[22m[39m
       [32mΓ£ô[39m should have .prettierrc in root[32m 1[2mms[22m[39m
       [32mΓ£ô[39m should have .prettierignore in root[32m 1[2mms[22m[39m
       [32mΓ£ô[39m should use ESLint 9 flat config format[32m 2[2mms[22m[39m
       [32mΓ£ô[39m should configure TypeScript strict type-checked rules[32m 2[2mms[22m[39m
       [32mΓ£ô[39m should integrate Prettier with ESLint[32m 4[2mms[22m[39m
       [32mΓ£ô[39m should have relaxed rules for test files[32m 11[2mms[22m[39m
       [32mΓ£ô[39m should reference shared config package[32m 8[2mms[22m[39m
       [32mΓ£ô[39m should enforce semicolons[32m 1[2mms[22m[39m
       [32mΓ£ô[39m should use single quotes[32m 1[2mms[22m[39m
       [32mΓ£ô[39m should have printWidth of 100[32m 1[2mms[22m[39m
       [32mΓ£ô[39m should use 2 spaces for indentation[32m 1[2mms[22m[39m
       [32mΓ£ô[39m should use trailing commas[32m 0[2mms[22m[39m
       [32mΓ£ô[39m should use LF line endings[32m 0[2mms[22m[39m
       [32mΓ£ô[39m should ignore dist directories[32m 44[2mms[22m[39m
       [32mΓ£ô[39m should ignore node_modules[32m 39[2mms[22m[39m
       [32mΓ£ô[39m should ignore coverage reports[32m 3[2mms[22m[39m
       [32mΓ£ô[39m should have lint script in root package.json[32m 35[2mms[22m[39m
       [32mΓ£ô[39m should have lint:fix script in root package.json[32m 4[2mms[22m[39m
       [32mΓ£ô[39m should have format script in root package.json[32m 3[2mms[22m[39m
       [32mΓ£ô[39m should have format:check script in root package.json[32m 5[2mms[22m[39m
       [32mΓ£ô[39m should have ESLint 9+ installed[32m 6[2mms[22m[39m
       [32mΓ£ô[39m should have typescript-eslint installed[32m 4[2mms[22m[39m
       [32mΓ£ô[39m should have Prettier installed[32m 3[2mms[22m[39m
       [32mΓ£ô[39m should have eslint-config-prettier installed[32m 3[2mms[22m[39m
       [32mΓ£ô[39m should have eslint-plugin-prettier installed[32m 5[2mms[22m[39m
       [32mΓ£ô[39m should have @eslint/js installed[32m 4[2mms[22m[39m
       [32mΓ£ô[39m should have globals installed[32m 3[2mms[22m[39m
[31m       [31m├ù[31m should run ESLint without errors on existing code[39m[33m 107492[2mms[22m[39m
[31m       [31m├ù[31m should verify all files are formatted correctly[39m[33m 11613[2mms[22m[39m
       [32mΓ£ô[39m should configure type-checked linting with tsconfig[32m 1[2mms[22m[39m
       [32mΓ£ô[39m should enforce explicit function return types[32m 1[2mms[22m[39m
       [32mΓ£ô[39m should enforce naming conventions[32m 1[2mms[22m[39m
       [32mΓ£ô[39m should enforce no-console warnings (except warn/error)[32m 1[2mms[22m[39m
       [32mΓ£ô[39m should enforce strict equality (===)[32m 1[2mms[22m[39m
       [32mΓ£ô[39m should enforce prefer-const[32m 1[2mms[22m[39m
       [32mΓ£ô[39m should disallow var[32m 1[2mms[22m[39m
       [32mΓ£ô[39m should disallow eval[32m 1[2mms[22m[39m
       [32mΓ£ô[39m should check for floating promises[32m 1[2mms[22m[39m
       [32mΓ£ô[39m should check for misused promises[32m 1[2mms[22m[39m
       [32mΓ£ô[39m should enforce prefer-readonly[32m 1[2mms[22m[39m
       [32mΓ£ô[39m should align with TypeScript style naming conventions[32m 1[2mms[22m[39m
       [32mΓ£ô[39m should allow leading underscores for private fields[32m 1[2mms[22m[39m
       [32mΓ£ô[39m should enforce single quotes per conventions[32m 0[2mms[22m[39m

ΓÄ»ΓÄ»ΓÄ»ΓÄ»ΓÄ»ΓÄ» Failed Tests 161 ΓÄ»ΓÄ»ΓÄ»ΓÄ»ΓÄ»ΓÄ»

 FAIL  scripts/__tests__/generate-release-notes.test.ts > generate-release-notes > getCommitsBetween > returns commits in range
Error: Test timed out in 5000ms.
If this is a long-running test, pass a timeout value as the last argument or configure it globally with "testTimeout".
 Γ¥» scripts/__tests__/generate-release-notes.test.ts:88:5
     86|
     87|   describe('getCommitsBetween', () => {
     88|     it('returns commits in range', () => {
       |     ^
     89|       initGitRepo();
     90|       createTag('v0.1.0');

ΓÄ»ΓÄ»ΓÄ»ΓÄ»ΓÄ»ΓÄ»ΓÄ»ΓÄ»ΓÄ»ΓÄ»ΓÄ»ΓÄ»ΓÄ»ΓÄ»ΓÄ»ΓÄ»ΓÄ»ΓÄ»ΓÄ»ΓÄ»ΓÄ»ΓÄ»[1/161]ΓÄ»

 FAIL  scripts/__tests__/script-path-resolution.test.ts > script path resolution > publish-check.ts resolves package paths correctly
Error: spawnSync C:\WINDOWS\system32\cmd.exe ETIMEDOUT
 Γ¥» scripts/__tests__/script-path-resolution.test.ts:51:20
     49|
     50|   it('publish-check.ts resolves package paths correctly', () => {
     51|     const output = execSync('npx tsx scripts/publish-check.ts', {
       |                    ^
     52|       cwd: ROOT,
     53|       encoding: 'utf-8',

ΓÄ»ΓÄ»ΓÄ»ΓÄ»ΓÄ»ΓÄ»ΓÄ»ΓÄ»ΓÄ»ΓÄ»ΓÄ»ΓÄ»ΓÄ»ΓÄ»ΓÄ»ΓÄ»ΓÄ»ΓÄ»ΓÄ»ΓÄ»ΓÄ»ΓÄ»[2/161]ΓÄ»

 FAIL  scripts/__tests__/validate-npm-credentials.test.ts > validate-npm-credentials > validateNpmCredentials > fails when .npmrc is missing
Error: Test timed out in 5000ms.
If this is a long-running test, pass a timeout value as the last argument or configure it globally with "testTimeout".
 Γ¥» scripts/__tests__/validate-npm-credentials.test.ts:265:5
    263|     });
    264|
    265|     it('fails when .npmrc is missing', () => {
       |     ^
    266|       mkdirSync(join(tempDir, 'packages', 'core'), { recursive: true }ΓÇª
    267|       writeFileSync(

ΓÄ»ΓÄ»ΓÄ»ΓÄ»ΓÄ»ΓÄ»ΓÄ»ΓÄ»ΓÄ»ΓÄ»ΓÄ»ΓÄ»ΓÄ»ΓÄ»ΓÄ»ΓÄ»ΓÄ»ΓÄ»ΓÄ»ΓÄ»ΓÄ»ΓÄ»[3/161]ΓÄ»

 FAIL  packages/ui/tests/Badge.test.tsx > Badge > renders children
ReferenceError: document is not defined
 Γ¥» render packages/ui/node_modules/@testing-library/react/dist/pure.js:239:5
 Γ¥» packages/ui/tests/Badge.test.tsx:7:5
      5| describe('Badge', () => {
      6|   it('renders children', () => {
      7|     render(<Badge>Active</Badge>);
       |     ^
      8|     expect(screen.getByText('Active')).toBeInTheDocument();
      9|   });

ΓÄ»ΓÄ»ΓÄ»ΓÄ»ΓÄ»ΓÄ»ΓÄ»ΓÄ»ΓÄ»ΓÄ»ΓÄ»ΓÄ»ΓÄ»ΓÄ»ΓÄ»ΓÄ»ΓÄ»ΓÄ»ΓÄ»ΓÄ»ΓÄ»ΓÄ»[4/161]ΓÄ»

 FAIL  packages/ui/tests/Badge.test.tsx > Badge > applies default variant styles
ReferenceError: document is not defined
 Γ¥» render packages/ui/node_modules/@testing-library/react/dist/pure.js:239:5
 Γ¥» packages/ui/tests/Badge.test.tsx:12:27
     10|
     11|   it('applies default variant styles', () => {
     12|     const { container } = render(<Badge>D</Badge>);
       |                           ^
     13|     expect(container.firstElementChild?.className).toContain('bg-surfaΓÇª
     14|   });

ΓÄ»ΓÄ»ΓÄ»ΓÄ»ΓÄ»ΓÄ»ΓÄ»ΓÄ»ΓÄ»ΓÄ»ΓÄ»ΓÄ»ΓÄ»ΓÄ»ΓÄ»ΓÄ»ΓÄ»ΓÄ»ΓÄ»ΓÄ»ΓÄ»ΓÄ»[5/161]ΓÄ»

 FAIL  packages/ui/tests/Badge.test.tsx > Badge > applies brand variant
ReferenceError: document is not defined
 Γ¥» render packages/ui/node_modules/@testing-library/react/dist/pure.js:239:5
 Γ¥» packages/ui/tests/Badge.test.tsx:17:27
     15|
     16|   it('applies brand variant', () => {
     17|     const { container } = render(<Badge variant="brand">B</Badge>);
       |                           ^
     18|     expect(container.firstElementChild?.className).toContain('text-vioΓÇª
     19|   });

ΓÄ»ΓÄ»ΓÄ»ΓÄ»ΓÄ»ΓÄ»ΓÄ»ΓÄ»ΓÄ»ΓÄ»ΓÄ»ΓÄ»ΓÄ»ΓÄ»ΓÄ»ΓÄ»ΓÄ»ΓÄ»ΓÄ»ΓÄ»ΓÄ»ΓÄ»[6/161]ΓÄ»

 FAIL  packages/ui/tests/Badge.test.tsx > Badge > applies success variant
ReferenceError: document is not defined
 Γ¥» render packages/ui/node_modules/@testing-library/react/dist/pure.js:239:5
 Γ¥» packages/ui/tests/Badge.test.tsx:22:27
     20|
     21|   it('applies success variant', () => {
     22|     const { container } = render(<Badge variant="success">S</Badge>);
       |                           ^
     23|     expect(container.firstElementChild?.className).toContain('text-emeΓÇª
     24|   });

ΓÄ»ΓÄ»ΓÄ»ΓÄ»ΓÄ»ΓÄ»ΓÄ»ΓÄ»ΓÄ»ΓÄ»ΓÄ»ΓÄ»ΓÄ»ΓÄ»ΓÄ»ΓÄ»ΓÄ»ΓÄ»ΓÄ»ΓÄ»ΓÄ»ΓÄ»[7/161]ΓÄ»

 FAIL  packages/ui/tests/Badge.test.tsx > Badge > applies warning variant
ReferenceError: document is not defined
 Γ¥» render packages/ui/node_modules/@testing-library/react/dist/pure.js:239:5
 Γ¥» packages/ui/tests/Badge.test.tsx:27:27
     25|
     26|   it('applies warning variant', () => {
     27|     const { container } = render(<Badge variant="warning">W</Badge>);
       |                           ^
     28|     expect(container.firstElementChild?.className).toContain('text-ambΓÇª
     29|   });

ΓÄ»ΓÄ»ΓÄ»ΓÄ»ΓÄ»ΓÄ»ΓÄ»ΓÄ»ΓÄ»ΓÄ»ΓÄ»ΓÄ»ΓÄ»ΓÄ»ΓÄ»ΓÄ»ΓÄ»ΓÄ»ΓÄ»ΓÄ»ΓÄ»ΓÄ»[8/161]ΓÄ»

 FAIL  packages/ui/tests/Badge.test.tsx > Badge > applies error variant
ReferenceError: document is not defined
 Γ¥» render packages/ui/node_modules/@testing-library/react/dist/pure.js:239:5
 Γ¥» packages/ui/tests/Badge.test.tsx:32:27
     30|
     31|   it('applies error variant', () => {
     32|     const { container } = render(<Badge variant="error">E</Badge>);
       |                           ^
     33|     expect(container.firstElementChild?.className).toContain('text-rosΓÇª
     34|   });

ΓÄ»ΓÄ»ΓÄ»ΓÄ»ΓÄ»ΓÄ»ΓÄ»ΓÄ»ΓÄ»ΓÄ»ΓÄ»ΓÄ»ΓÄ»ΓÄ»ΓÄ»ΓÄ»ΓÄ»ΓÄ»ΓÄ»ΓÄ»ΓÄ»ΓÄ»[9/161]ΓÄ»

 FAIL  packages/ui/tests/Badge.test.tsx > Badge > applies info variant
ReferenceError: document is not defined
 Γ¥» render packages/ui/node_modules/@testing-library/react/dist/pure.js:239:5
 Γ¥» packages/ui/tests/Badge.test.tsx:37:27
     35|
     36|   it('applies info variant', () => {
     37|     const { container } = render(<Badge variant="info">I</Badge>);
       |                           ^
     38|     expect(container.firstElementChild?.className).toContain('text-skyΓÇª
     39|   });

ΓÄ»ΓÄ»ΓÄ»ΓÄ»ΓÄ»ΓÄ»ΓÄ»ΓÄ»ΓÄ»ΓÄ»ΓÄ»ΓÄ»ΓÄ»ΓÄ»ΓÄ»ΓÄ»ΓÄ»ΓÄ»ΓÄ»ΓÄ»ΓÄ»[10/161]ΓÄ»

 FAIL  packages/ui/tests/Badge.test.tsx > Badge > is rendered as a span
ReferenceError: document is not defined
 Γ¥» render packages/ui/node_modules/@testing-library/react/dist/pure.js:239:5
 Γ¥» packages/ui/tests/Badge.test.tsx:42:5
     40|
     41|   it('is rendered as a span', () => {
     42|     render(<Badge>Tag</Badge>);
       |     ^
     43|     const el = screen.getByText('Tag');
     44|     expect(el.tagName).toBe('SPAN');

ΓÄ»ΓÄ»ΓÄ»ΓÄ»ΓÄ»ΓÄ»ΓÄ»ΓÄ»ΓÄ»ΓÄ»ΓÄ»ΓÄ»ΓÄ»ΓÄ»ΓÄ»ΓÄ»ΓÄ»ΓÄ»ΓÄ»ΓÄ»ΓÄ»[11/161]ΓÄ»

 FAIL  packages/ui/tests/Button.test.tsx > Button > renders children text
ReferenceError: document is not defined
 Γ¥» render packages/ui/node_modules/@testing-library/react/dist/pure.js:239:5
 Γ¥» packages/ui/tests/Button.test.tsx:7:5
      5| describe('Button', () => {
      6|   it('renders children text', () => {
      7|     render(<Button>Click me</Button>);
       |     ^
      8|     expect(screen.getByRole('button', { name: 'Click me' })).toBeInTheΓÇª
      9|   });

ΓÄ»ΓÄ»ΓÄ»ΓÄ»ΓÄ»ΓÄ»ΓÄ»ΓÄ»ΓÄ»ΓÄ»ΓÄ»ΓÄ»ΓÄ»ΓÄ»ΓÄ»ΓÄ»ΓÄ»ΓÄ»ΓÄ»ΓÄ»ΓÄ»[12/161]ΓÄ»

 FAIL  packages/ui/tests/Button.test.tsx > Button > applies primary variant by default
ReferenceError: document is not defined
 Γ¥» render packages/ui/node_modules/@testing-library/react/dist/pure.js:239:5
 Γ¥» packages/ui/tests/Button.test.tsx:12:5
     10|
     11|   it('applies primary variant by default', () => {
     12|     render(<Button>Primary</Button>);
       |     ^
     13|     const btn = screen.getByRole('button');
     14|     expect(btn.className).toContain('bg-brand-primary');

ΓÄ»ΓÄ»ΓÄ»ΓÄ»ΓÄ»ΓÄ»ΓÄ»ΓÄ»ΓÄ»ΓÄ»ΓÄ»ΓÄ»ΓÄ»ΓÄ»ΓÄ»ΓÄ»ΓÄ»ΓÄ»ΓÄ»ΓÄ»ΓÄ»[13/161]ΓÄ»

 FAIL  packages/ui/tests/Button.test.tsx > Button > applies secondary variant classes
ReferenceError: document is not defined
 Γ¥» render packages/ui/node_modules/@testing-library/react/dist/pure.js:239:5
 Γ¥» packages/ui/tests/Button.test.tsx:18:5
     16|
     17|   it('applies secondary variant classes', () => {
     18|     render(<Button variant="secondary">Secondary</Button>);
       |     ^
     19|     const btn = screen.getByRole('button');
     20|     expect(btn.className).toContain('bg-surface-elevated');

ΓÄ»ΓÄ»ΓÄ»ΓÄ»ΓÄ»ΓÄ»ΓÄ»ΓÄ»ΓÄ»ΓÄ»ΓÄ»ΓÄ»ΓÄ»ΓÄ»ΓÄ»ΓÄ»ΓÄ»ΓÄ»ΓÄ»ΓÄ»ΓÄ»[14/161]ΓÄ»

 FAIL  packages/ui/tests/Button.test.tsx > Button > applies ghost variant classes
ReferenceError: document is not defined
 Γ¥» render packages/ui/node_modules/@testing-library/react/dist/pure.js:239:5
 Γ¥» packages/ui/tests/Button.test.tsx:24:5
     22|
     23|   it('applies ghost variant classes', () => {
     24|     render(<Button variant="ghost">Ghost</Button>);
       |     ^
     25|     const btn = screen.getByRole('button');
     26|     expect(btn.className).toContain('bg-transparent');

ΓÄ»ΓÄ»ΓÄ»ΓÄ»ΓÄ»ΓÄ»ΓÄ»ΓÄ»ΓÄ»ΓÄ»ΓÄ»ΓÄ»ΓÄ»ΓÄ»ΓÄ»ΓÄ»ΓÄ»ΓÄ»ΓÄ»ΓÄ»ΓÄ»[15/161]ΓÄ»

 FAIL  packages/ui/tests/Button.test.tsx > Button > applies danger variant classes
ReferenceError: document is not defined
 Γ¥» render packages/ui/node_modules/@testing-library/react/dist/pure.js:239:5
 Γ¥» packages/ui/tests/Button.test.tsx:30:5
     28|
     29|   it('applies danger variant classes', () => {
     30|     render(<Button variant="danger">Danger</Button>);
       |     ^
     31|     const btn = screen.getByRole('button');
     32|     expect(btn.className).toContain('bg-status-error');

ΓÄ»ΓÄ»ΓÄ»ΓÄ»ΓÄ»ΓÄ»ΓÄ»ΓÄ»ΓÄ»ΓÄ»ΓÄ»ΓÄ»ΓÄ»ΓÄ»ΓÄ»ΓÄ»ΓÄ»ΓÄ»ΓÄ»ΓÄ»ΓÄ»[16/161]ΓÄ»

 FAIL  packages/ui/tests/Button.test.tsx > Button > applies size classes
ReferenceError: document is not defined
 Γ¥» render packages/ui/node_modules/@testing-library/react/dist/pure.js:239:5
 Γ¥» packages/ui/tests/Button.test.tsx:36:26
     34|
     35|   it('applies size classes', () => {
     36|     const { rerender } = render(<Button size="sm">S</Button>);
       |                          ^
     37|     expect(screen.getByRole('button').className).toContain('h-7');
     38|

ΓÄ»ΓÄ»ΓÄ»ΓÄ»ΓÄ»ΓÄ»ΓÄ»ΓÄ»ΓÄ»ΓÄ»ΓÄ»ΓÄ»ΓÄ»ΓÄ»ΓÄ»ΓÄ»ΓÄ»ΓÄ»ΓÄ»ΓÄ»ΓÄ»[17/161]ΓÄ»

 FAIL  packages/ui/tests/Button.test.tsx > Button > is disabled when disabled prop is true
ReferenceError: document is not defined
 Γ¥» render packages/ui/node_modules/@testing-library/react/dist/pure.js:239:5
 Γ¥» packages/ui/tests/Button.test.tsx:47:5
     45|
     46|   it('is disabled when disabled prop is true', () => {
     47|     render(<Button disabled>Disabled</Button>);
       |     ^
     48|     expect(screen.getByRole('button')).toBeDisabled();
     49|   });

ΓÄ»ΓÄ»ΓÄ»ΓÄ»ΓÄ»ΓÄ»ΓÄ»ΓÄ»ΓÄ»ΓÄ»ΓÄ»ΓÄ»ΓÄ»ΓÄ»ΓÄ»ΓÄ»ΓÄ»ΓÄ»ΓÄ»ΓÄ»ΓÄ»[18/161]ΓÄ»

 FAIL  packages/ui/tests/Button.test.tsx > Button > is disabled when loading
ReferenceError: document is not defined
 Γ¥» render packages/ui/node_modules/@testing-library/react/dist/pure.js:239:5
 Γ¥» packages/ui/tests/Button.test.tsx:52:5
     50|
     51|   it('is disabled when loading', () => {
     52|     render(<Button loading>Loading</Button>);
       |     ^
     53|     expect(screen.getByRole('button')).toBeDisabled();
     54|   });

ΓÄ»ΓÄ»ΓÄ»ΓÄ»ΓÄ»ΓÄ»ΓÄ»ΓÄ»ΓÄ»ΓÄ»ΓÄ»ΓÄ»ΓÄ»ΓÄ»ΓÄ»ΓÄ»ΓÄ»ΓÄ»ΓÄ»ΓÄ»ΓÄ»[19/161]ΓÄ»

 FAIL  packages/ui/tests/Button.test.tsx > Button > shows spinner when loading
ReferenceError: document is not defined
 Γ¥» render packages/ui/node_modules/@testing-library/react/dist/pure.js:239:5
 Γ¥» packages/ui/tests/Button.test.tsx:57:5
     55|
     56|   it('shows spinner when loading', () => {
     57|     render(<Button loading>Loading</Button>);
       |     ^
     58|     const svg = screen.getByRole('button').querySelector('svg');
     59|     expect(svg).toBeInTheDocument();

ΓÄ»ΓÄ»ΓÄ»ΓÄ»ΓÄ»ΓÄ»ΓÄ»ΓÄ»ΓÄ»ΓÄ»ΓÄ»ΓÄ»ΓÄ»ΓÄ»ΓÄ»ΓÄ»ΓÄ»ΓÄ»ΓÄ»ΓÄ»ΓÄ»[20/161]ΓÄ»

 FAIL  packages/ui/tests/Button.test.tsx > Button > calls onClick handler
ReferenceError: document is not defined
 Γ¥» render packages/ui/node_modules/@testing-library/react/dist/pure.js:239:5
 Γ¥» packages/ui/tests/Button.test.tsx:65:5
     63|   it('calls onClick handler', () => {
     64|     let clicked = false;
     65|     render(<Button onClick={() => { clicked = true; }}>Click</Button>);
       |     ^
     66|     fireEvent.click(screen.getByRole('button'));
     67|     expect(clicked).toBe(true);

ΓÄ»ΓÄ»ΓÄ»ΓÄ»ΓÄ»ΓÄ»ΓÄ»ΓÄ»ΓÄ»ΓÄ»ΓÄ»ΓÄ»ΓÄ»ΓÄ»ΓÄ»ΓÄ»ΓÄ»ΓÄ»ΓÄ»ΓÄ»ΓÄ»[21/161]ΓÄ»

 FAIL  packages/ui/tests/Button.test.tsx > Button > merges custom className
ReferenceError: document is not defined
 Γ¥» render packages/ui/node_modules/@testing-library/react/dist/pure.js:239:5
 Γ¥» packages/ui/tests/Button.test.tsx:71:5
     69|
     70|   it('merges custom className', () => {
     71|     render(<Button className="my-custom-class">Custom</Button>);
       |     ^
     72|     expect(screen.getByRole('button').className).toContain('my-custom-ΓÇª
     73|   });

ΓÄ»ΓÄ»ΓÄ»ΓÄ»ΓÄ»ΓÄ»ΓÄ»ΓÄ»ΓÄ»ΓÄ»ΓÄ»ΓÄ»ΓÄ»ΓÄ»ΓÄ»ΓÄ»ΓÄ»ΓÄ»ΓÄ»ΓÄ»ΓÄ»[22/161]ΓÄ»

 FAIL  packages/ui/tests/Button.test.tsx > Button > forwards ref
ReferenceError: document is not defined
 Γ¥» render packages/ui/node_modules/@testing-library/react/dist/pure.js:239:5
 Γ¥» packages/ui/tests/Button.test.tsx:77:5
     75|   it('forwards ref', () => {
     76|     let buttonEl: HTMLButtonElement | null = null;
     77|     render(<Button ref={(el) => { buttonEl = el; }}>Ref</Button>);
       |     ^
     78|     expect(buttonEl).toBeInstanceOf(HTMLButtonElement);
     79|   });

ΓÄ»ΓÄ»ΓÄ»ΓÄ»ΓÄ»ΓÄ»ΓÄ»ΓÄ»ΓÄ»ΓÄ»ΓÄ»ΓÄ»ΓÄ»ΓÄ»ΓÄ»ΓÄ»ΓÄ»ΓÄ»ΓÄ»ΓÄ»ΓÄ»[23/161]ΓÄ»

 FAIL  packages/ui/tests/Card.test.tsx > Card > renders children
ReferenceError: document is not defined
 Γ¥» render packages/ui/node_modules/@testing-library/react/dist/pure.js:239:5
 Γ¥» packages/ui/tests/Card.test.tsx:7:5
      5| describe('Card', () => {
      6|   it('renders children', () => {
      7|     render(<Card>Card content</Card>);
       |     ^
      8|     expect(screen.getByText('Card content')).toBeInTheDocument();
      9|   });

ΓÄ»ΓÄ»ΓÄ»ΓÄ»ΓÄ»ΓÄ»ΓÄ»ΓÄ»ΓÄ»ΓÄ»ΓÄ»ΓÄ»ΓÄ»ΓÄ»ΓÄ»ΓÄ»ΓÄ»ΓÄ»ΓÄ»ΓÄ»ΓÄ»[24/161]ΓÄ»

 FAIL  packages/ui/tests/Card.test.tsx > Card > applies default padding (md)
ReferenceError: document is not defined
 Γ¥» render packages/ui/node_modules/@testing-library/react/dist/pure.js:239:5
 Γ¥» packages/ui/tests/Card.test.tsx:12:27
     10|
     11|   it('applies default padding (md)', () => {
     12|     const { container } = render(<Card>Content</Card>);
       |                           ^
     13|     expect(container.firstElementChild?.className).toContain('p-4');
     14|   });

ΓÄ»ΓÄ»ΓÄ»ΓÄ»ΓÄ»ΓÄ»ΓÄ»ΓÄ»ΓÄ»ΓÄ»ΓÄ»ΓÄ»ΓÄ»ΓÄ»ΓÄ»ΓÄ»ΓÄ»ΓÄ»ΓÄ»ΓÄ»ΓÄ»[25/161]ΓÄ»

 FAIL  packages/ui/tests/Card.test.tsx > Card > applies no padding
ReferenceError: document is not defined
 Γ¥» render packages/ui/node_modules/@testing-library/react/dist/pure.js:239:5
 Γ¥» packages/ui/tests/Card.test.tsx:17:27
     15|
     16|   it('applies no padding', () => {
     17|     const { container } = render(<Card padding="none">Content</Card>);
       |                           ^
     18|     expect(container.firstElementChild?.className).not.toContain('p-4'ΓÇª
     19|   });

ΓÄ»ΓÄ»ΓÄ»ΓÄ»ΓÄ»ΓÄ»ΓÄ»ΓÄ»ΓÄ»ΓÄ»ΓÄ»ΓÄ»ΓÄ»ΓÄ»ΓÄ»ΓÄ»ΓÄ»ΓÄ»ΓÄ»ΓÄ»ΓÄ»[26/161]ΓÄ»

 FAIL  packages/ui/tests/Card.test.tsx > Card > applies hover styles when hoverable
ReferenceError: document is not defined
 Γ¥» render packages/ui/node_modules/@testing-library/react/dist/pure.js:239:5
 Γ¥» packages/ui/tests/Card.test.tsx:22:27
     20|
     21|   it('applies hover styles when hoverable', () => {
     22|     const { container } = render(<Card hoverable>Content</Card>);
       |                           ^
     23|     expect(container.firstElementChild?.className).toContain('hover:shΓÇª
     24|   });

ΓÄ»ΓÄ»ΓÄ»ΓÄ»ΓÄ»ΓÄ»ΓÄ»ΓÄ»ΓÄ»ΓÄ»ΓÄ»ΓÄ»ΓÄ»ΓÄ»ΓÄ»ΓÄ»ΓÄ»ΓÄ»ΓÄ»ΓÄ»ΓÄ»[27/161]ΓÄ»

 FAIL  packages/ui/tests/Card.test.tsx > Card > does not apply hover styles by default
ReferenceError: document is not defined
 Γ¥» render packages/ui/node_modules/@testing-library/react/dist/pure.js:239:5
 Γ¥» packages/ui/tests/Card.test.tsx:27:27
     25|
     26|   it('does not apply hover styles by default', () => {
     27|     const { container } = render(<Card>Content</Card>);
       |                           ^
     28|     expect(container.firstElementChild?.className).not.toContain('hoveΓÇª
     29|   });

ΓÄ»ΓÄ»ΓÄ»ΓÄ»ΓÄ»ΓÄ»ΓÄ»ΓÄ»ΓÄ»ΓÄ»ΓÄ»ΓÄ»ΓÄ»ΓÄ»ΓÄ»ΓÄ»ΓÄ»ΓÄ»ΓÄ»ΓÄ»ΓÄ»[28/161]ΓÄ»

 FAIL  packages/ui/tests/Card.test.tsx > Card > merges custom className
ReferenceError: document is not defined
 Γ¥» render packages/ui/node_modules/@testing-library/react/dist/pure.js:239:5
 Γ¥» packages/ui/tests/Card.test.tsx:32:27
     30|
     31|   it('merges custom className', () => {
     32|     const { container } = render(<Card className="my-class">C</Card>);
       |                           ^
     33|     expect(container.firstElementChild?.className).toContain('my-classΓÇª
     34|   });

ΓÄ»ΓÄ»ΓÄ»ΓÄ»ΓÄ»ΓÄ»ΓÄ»ΓÄ»ΓÄ»ΓÄ»ΓÄ»ΓÄ»ΓÄ»ΓÄ»ΓÄ»ΓÄ»ΓÄ»ΓÄ»ΓÄ»ΓÄ»ΓÄ»[29/161]ΓÄ»

 FAIL  packages/ui/tests/Card.test.tsx > CardHeader > renders header content
ReferenceError: document is not defined
 Γ¥» render packages/ui/node_modules/@testing-library/react/dist/pure.js:239:5
 Γ¥» packages/ui/tests/Card.test.tsx:39:5
     37| describe('CardHeader', () => {
     38|   it('renders header content', () => {
     39|     render(<CardHeader>Header</CardHeader>);
       |     ^
     40|     expect(screen.getByText('Header')).toBeInTheDocument();
     41|   });

ΓÄ»ΓÄ»ΓÄ»ΓÄ»ΓÄ»ΓÄ»ΓÄ»ΓÄ»ΓÄ»ΓÄ»ΓÄ»ΓÄ»ΓÄ»ΓÄ»ΓÄ»ΓÄ»ΓÄ»ΓÄ»ΓÄ»ΓÄ»ΓÄ»[30/161]ΓÄ»

 FAIL  packages/ui/tests/Card.test.tsx > CardHeader > has bottom border
ReferenceError: document is not defined
 Γ¥» render packages/ui/node_modules/@testing-library/react/dist/pure.js:239:5
 Γ¥» packages/ui/tests/Card.test.tsx:44:27
     42|
     43|   it('has bottom border', () => {
     44|     const { container } = render(<CardHeader>H</CardHeader>);
       |                           ^
     45|     expect(container.firstElementChild?.className).toContain('border-bΓÇª
     46|   });

ΓÄ»ΓÄ»ΓÄ»ΓÄ»ΓÄ»ΓÄ»ΓÄ»ΓÄ»ΓÄ»ΓÄ»ΓÄ»ΓÄ»ΓÄ»ΓÄ»ΓÄ»ΓÄ»ΓÄ»ΓÄ»ΓÄ»ΓÄ»ΓÄ»[31/161]ΓÄ»

 FAIL  packages/ui/tests/Card.test.tsx > CardBody > renders body content
ReferenceError: document is not defined
 Γ¥» render packages/ui/node_modules/@testing-library/react/dist/pure.js:239:5
 Γ¥» packages/ui/tests/Card.test.tsx:51:5
     49| describe('CardBody', () => {
     50|   it('renders body content', () => {
     51|     render(<CardBody>Body</CardBody>);
       |     ^
     52|     expect(screen.getByText('Body')).toBeInTheDocument();
     53|   });

ΓÄ»ΓÄ»ΓÄ»ΓÄ»ΓÄ»ΓÄ»ΓÄ»ΓÄ»ΓÄ»ΓÄ»ΓÄ»ΓÄ»ΓÄ»ΓÄ»ΓÄ»ΓÄ»ΓÄ»ΓÄ»ΓÄ»ΓÄ»ΓÄ»[32/161]ΓÄ»

 FAIL  packages/ui/tests/Input.test.tsx > Input > renders an input element
ReferenceError: document is not defined
 Γ¥» render packages/ui/node_modules/@testing-library/react/dist/pure.js:239:5
 Γ¥» packages/ui/tests/Input.test.tsx:7:5
      5| describe('Input', () => {
      6|   it('renders an input element', () => {
      7|     render(<Input placeholder="Enter text" />);
       |     ^
      8|     expect(screen.getByPlaceholderText('Enter text')).toBeInTheDocumenΓÇª
      9|   });

ΓÄ»ΓÄ»ΓÄ»ΓÄ»ΓÄ»ΓÄ»ΓÄ»ΓÄ»ΓÄ»ΓÄ»ΓÄ»ΓÄ»ΓÄ»ΓÄ»ΓÄ»ΓÄ»ΓÄ»ΓÄ»ΓÄ»ΓÄ»ΓÄ»[33/161]ΓÄ»

 FAIL  packages/ui/tests/Input.test.tsx > Input > renders a label when provided
ReferenceError: document is not defined
 Γ¥» render packages/ui/node_modules/@testing-library/react/dist/pure.js:239:5
 Γ¥» packages/ui/tests/Input.test.tsx:12:5
     10|
     11|   it('renders a label when provided', () => {
     12|     render(<Input label="Email" />);
       |     ^
     13|     expect(screen.getByLabelText('Email')).toBeInTheDocument();
     14|   });

ΓÄ»ΓÄ»ΓÄ»ΓÄ»ΓÄ»ΓÄ»ΓÄ»ΓÄ»ΓÄ»ΓÄ»ΓÄ»ΓÄ»ΓÄ»ΓÄ»ΓÄ»ΓÄ»ΓÄ»ΓÄ»ΓÄ»ΓÄ»ΓÄ»[34/161]ΓÄ»

 FAIL  packages/ui/tests/Input.test.tsx > Input > shows error message and sets aria-invalid
ReferenceError: document is not defined
 Γ¥» render packages/ui/node_modules/@testing-library/react/dist/pure.js:239:5
 Γ¥» packages/ui/tests/Input.test.tsx:17:5
     15|
     16|   it('shows error message and sets aria-invalid', () => {
     17|     render(<Input label="Name" error="Required field" />);
       |     ^
     18|     const input = screen.getByLabelText('Name');
     19|     expect(input).toHaveAttribute('aria-invalid', 'true');

ΓÄ»ΓÄ»ΓÄ»ΓÄ»ΓÄ»ΓÄ»ΓÄ»ΓÄ»ΓÄ»ΓÄ»ΓÄ»ΓÄ»ΓÄ»ΓÄ»ΓÄ»ΓÄ»ΓÄ»ΓÄ»ΓÄ»ΓÄ»ΓÄ»[35/161]ΓÄ»

 FAIL  packages/ui/tests/Input.test.tsx > Input > shows helper text when no error
ReferenceError: document is not defined
 Γ¥» render packages/ui/node_modules/@testing-library/react/dist/pure.js:239:5
 Γ¥» packages/ui/tests/Input.test.tsx:24:5
     22|
     23|   it('shows helper text when no error', () => {
     24|     render(<Input label="Username" helperText="Choose a unique name" /ΓÇª
       |     ^
     25|     expect(screen.getByText('Choose a unique name')).toBeInTheDocumentΓÇª
     26|   });

ΓÄ»ΓÄ»ΓÄ»ΓÄ»ΓÄ»ΓÄ»ΓÄ»ΓÄ»ΓÄ»ΓÄ»ΓÄ»ΓÄ»ΓÄ»ΓÄ»ΓÄ»ΓÄ»ΓÄ»ΓÄ»ΓÄ»ΓÄ»ΓÄ»[36/161]ΓÄ»

 FAIL  packages/ui/tests/Input.test.tsx > Input > hides helper text when error is present
ReferenceError: document is not defined
 Γ¥» render packages/ui/node_modules/@testing-library/react/dist/pure.js:239:5
 Γ¥» packages/ui/tests/Input.test.tsx:29:5
     27|
     28|   it('hides helper text when error is present', () => {
     29|     render(
       |     ^
     30|       <Input label="Username" helperText="Choose a unique name" error=ΓÇª
     31|     );

ΓÄ»ΓÄ»ΓÄ»ΓÄ»ΓÄ»ΓÄ»ΓÄ»ΓÄ»ΓÄ»ΓÄ»ΓÄ»ΓÄ»ΓÄ»ΓÄ»ΓÄ»ΓÄ»ΓÄ»ΓÄ»ΓÄ»ΓÄ»ΓÄ»[37/161]ΓÄ»

 FAIL  packages/ui/tests/Input.test.tsx > Input > applies error border styles
ReferenceError: document is not defined
 Γ¥» render packages/ui/node_modules/@testing-library/react/dist/pure.js:239:5
 Γ¥» packages/ui/tests/Input.test.tsx:37:5
     35|
     36|   it('applies error border styles', () => {
     37|     render(<Input label="Field" error="Bad" />);
       |     ^
     38|     const input = screen.getByLabelText('Field');
     39|     expect(input.className).toContain('border-status-error');

ΓÄ»ΓÄ»ΓÄ»ΓÄ»ΓÄ»ΓÄ»ΓÄ»ΓÄ»ΓÄ»ΓÄ»ΓÄ»ΓÄ»ΓÄ»ΓÄ»ΓÄ»ΓÄ»ΓÄ»ΓÄ»ΓÄ»ΓÄ»ΓÄ»[38/161]ΓÄ»

 FAIL  packages/ui/tests/Input.test.tsx > Input > is disabled when disabled prop is set
ReferenceError: document is not defined
 Γ¥» render packages/ui/node_modules/@testing-library/react/dist/pure.js:239:5
 Γ¥» packages/ui/tests/Input.test.tsx:43:5
     41|
     42|   it('is disabled when disabled prop is set', () => {
     43|     render(<Input disabled placeholder="disabled" />);
       |     ^
     44|     expect(screen.getByPlaceholderText('disabled')).toBeDisabled();
     45|   });

ΓÄ»ΓÄ»ΓÄ»ΓÄ»ΓÄ»ΓÄ»ΓÄ»ΓÄ»ΓÄ»ΓÄ»ΓÄ»ΓÄ»ΓÄ»ΓÄ»ΓÄ»ΓÄ»ΓÄ»ΓÄ»ΓÄ»ΓÄ»ΓÄ»[39/161]ΓÄ»

 FAIL  packages/ui/tests/Input.test.tsx > Input > forwards ref
ReferenceError: document is not defined
 Γ¥» render packages/ui/node_modules/@testing-library/react/dist/pure.js:239:5
 Γ¥» packages/ui/tests/Input.test.tsx:49:5
     47|   it('forwards ref', () => {
     48|     let inputEl: HTMLInputElement | null = null;
     49|     render(<Input ref={(el) => { inputEl = el; }} />);
       |     ^
     50|     expect(inputEl).toBeInstanceOf(HTMLInputElement);
     51|   });

ΓÄ»ΓÄ»ΓÄ»ΓÄ»ΓÄ»ΓÄ»ΓÄ»ΓÄ»ΓÄ»ΓÄ»ΓÄ»ΓÄ»ΓÄ»ΓÄ»ΓÄ»ΓÄ»ΓÄ»ΓÄ»ΓÄ»ΓÄ»ΓÄ»[40/161]ΓÄ»

 FAIL  packages/ui/tests/Modal.test.tsx > Modal > does not render when closed
ReferenceError: document is not defined
 Γ¥» render packages/ui/node_modules/@testing-library/react/dist/pure.js:239:5
 Γ¥» packages/ui/tests/Modal.test.tsx:7:5
      5| describe('Modal', () => {
      6|   it('does not render when closed', () => {
      7|     render(
       |     ^
      8|       <Modal open={false} onClose={() => {}}>
      9|         Hidden

ΓÄ»ΓÄ»ΓÄ»ΓÄ»ΓÄ»ΓÄ»ΓÄ»ΓÄ»ΓÄ»ΓÄ»ΓÄ»ΓÄ»ΓÄ»ΓÄ»ΓÄ»ΓÄ»ΓÄ»ΓÄ»ΓÄ»ΓÄ»ΓÄ»[41/161]ΓÄ»

 FAIL  packages/ui/tests/Modal.test.tsx > Modal > renders when open
ReferenceError: document is not defined
 Γ¥» render packages/ui/node_modules/@testing-library/react/dist/pure.js:239:5
 Γ¥» packages/ui/tests/Modal.test.tsx:16:5
     14|
     15|   it('renders when open', () => {
     16|     render(
       |     ^
     17|       <Modal open={true} onClose={() => {}}>
     18|         Visible

ΓÄ»ΓÄ»ΓÄ»ΓÄ»ΓÄ»ΓÄ»ΓÄ»ΓÄ»ΓÄ»ΓÄ»ΓÄ»ΓÄ»ΓÄ»ΓÄ»ΓÄ»ΓÄ»ΓÄ»ΓÄ»ΓÄ»ΓÄ»ΓÄ»[42/161]ΓÄ»

 FAIL  packages/ui/tests/Modal.test.tsx > Modal > renders title in header
ReferenceError: document is not defined
 Γ¥» render packages/ui/node_modules/@testing-library/react/dist/pure.js:239:5
 Γ¥» packages/ui/tests/Modal.test.tsx:25:5
     23|
     24|   it('renders title in header', () => {
     25|     render(
       |     ^
     26|       <Modal open={true} onClose={() => {}} title="My Modal">
     27|         Content

ΓÄ»ΓÄ»ΓÄ»ΓÄ»ΓÄ»ΓÄ»ΓÄ»ΓÄ»ΓÄ»ΓÄ»ΓÄ»ΓÄ»ΓÄ»ΓÄ»ΓÄ»ΓÄ»ΓÄ»ΓÄ»ΓÄ»ΓÄ»ΓÄ»[43/161]ΓÄ»

 FAIL  packages/ui/tests/Modal.test.tsx > Modal > has dialog role with aria-modal
ReferenceError: document is not defined
 Γ¥» render packages/ui/node_modules/@testing-library/react/dist/pure.js:239:5
 Γ¥» packages/ui/tests/Modal.test.tsx:34:5
     32|
     33|   it('has dialog role with aria-modal', () => {
     34|     render(
       |     ^
     35|       <Modal open={true} onClose={() => {}} title="Test">
     36|         Body

ΓÄ»ΓÄ»ΓÄ»ΓÄ»ΓÄ»ΓÄ»ΓÄ»ΓÄ»ΓÄ»ΓÄ»ΓÄ»ΓÄ»ΓÄ»ΓÄ»ΓÄ»ΓÄ»ΓÄ»ΓÄ»ΓÄ»ΓÄ»ΓÄ»[44/161]ΓÄ»

 FAIL  packages/ui/tests/Modal.test.tsx > Modal > calls onClose when close button is clicked
ReferenceError: document is not defined
 Γ¥» render packages/ui/node_modules/@testing-library/react/dist/pure.js:239:5
 Γ¥» packages/ui/tests/Modal.test.tsx:46:5
     44|   it('calls onClose when close button is clicked', () => {
     45|     const onClose = vi.fn();
     46|     render(
       |     ^
     47|       <Modal open={true} onClose={onClose} title="Close Me">
     48|         Body

ΓÄ»ΓÄ»ΓÄ»ΓÄ»ΓÄ»ΓÄ»ΓÄ»ΓÄ»ΓÄ»ΓÄ»ΓÄ»ΓÄ»ΓÄ»ΓÄ»ΓÄ»ΓÄ»ΓÄ»ΓÄ»ΓÄ»ΓÄ»ΓÄ»[45/161]ΓÄ»

 FAIL  packages/ui/tests/Modal.test.tsx > Modal > calls onClose when Escape key is pressed
ReferenceError: document is not defined
 Γ¥» render packages/ui/node_modules/@testing-library/react/dist/pure.js:239:5
 Γ¥» packages/ui/tests/Modal.test.tsx:57:5
     55|   it('calls onClose when Escape key is pressed', () => {
     56|     const onClose = vi.fn();
     57|     render(
       |     ^
     58|       <Modal open={true} onClose={onClose}>
     59|         Body

ΓÄ»ΓÄ»ΓÄ»ΓÄ»ΓÄ»ΓÄ»ΓÄ»ΓÄ»ΓÄ»ΓÄ»ΓÄ»ΓÄ»ΓÄ»ΓÄ»ΓÄ»ΓÄ»ΓÄ»ΓÄ»ΓÄ»ΓÄ»ΓÄ»[46/161]ΓÄ»

 FAIL  packages/ui/tests/Modal.test.tsx > Modal > calls onClose when clicking the overlay
ReferenceError: document is not defined
 Γ¥» render packages/ui/node_modules/@testing-library/react/dist/pure.js:239:5
 Γ¥» packages/ui/tests/Modal.test.tsx:68:5
     66|   it('calls onClose when clicking the overlay', () => {
     67|     const onClose = vi.fn();
     68|     render(
       |     ^
     69|       <Modal open={true} onClose={onClose}>
     70|         Body

ΓÄ»ΓÄ»ΓÄ»ΓÄ»ΓÄ»ΓÄ»ΓÄ»ΓÄ»ΓÄ»ΓÄ»ΓÄ»ΓÄ»ΓÄ»ΓÄ»ΓÄ»ΓÄ»ΓÄ»ΓÄ»ΓÄ»ΓÄ»ΓÄ»[47/161]ΓÄ»

 FAIL  packages/ui/tests/Modal.test.tsx > Modal > does not close when clicking inside the modal content
ReferenceError: document is not defined
 Γ¥» render packages/ui/node_modules/@testing-library/react/dist/pure.js:239:5
 Γ¥» packages/ui/tests/Modal.test.tsx:81:5
     79|   it('does not close when clicking inside the modal content', () => {
     80|     const onClose = vi.fn();
     81|     render(
       |     ^
     82|       <Modal open={true} onClose={onClose}>
     83|         <p>Inside</p>

ΓÄ»ΓÄ»ΓÄ»ΓÄ»ΓÄ»ΓÄ»ΓÄ»ΓÄ»ΓÄ»ΓÄ»ΓÄ»ΓÄ»ΓÄ»ΓÄ»ΓÄ»ΓÄ»ΓÄ»ΓÄ»ΓÄ»ΓÄ»ΓÄ»[48/161]ΓÄ»

 FAIL  packages/ui/tests/NodeRendering.test.tsx > NodeShell > renders with correct data-testid for each node type
ReferenceError: document is not defined
 Γ¥» Proxy.render packages/ui/node_modules/@testing-library/react/dist/pure.js:239:5
 Γ¥» packages/ui/tests/NodeRendering.test.tsx:69:25
     67| describe('NodeShell', () => {
     68|   it('renders with correct data-testid for each node type', () => {
     69|     const { unmount } = render(<NodeShell nodeType="agent" label="TestΓÇª
       |                         ^
     70|     expect(screen.getByTestId('workflow-node-agent')).toBeInTheDocumenΓÇª
     71|     unmount();

ΓÄ»ΓÄ»ΓÄ»ΓÄ»ΓÄ»ΓÄ»ΓÄ»ΓÄ»ΓÄ»ΓÄ»ΓÄ»ΓÄ»ΓÄ»ΓÄ»ΓÄ»ΓÄ»ΓÄ»ΓÄ»ΓÄ»ΓÄ»ΓÄ»[49/161]ΓÄ»

 FAIL  packages/ui/tests/NodeRendering.test.tsx > NodeShell > displays the label text
ReferenceError: document is not defined
 Γ¥» Proxy.render packages/ui/node_modules/@testing-library/react/dist/pure.js:239:5
 Γ¥» packages/ui/tests/NodeRendering.test.tsx:86:5
     84|
     85|   it('displays the label text', () => {
     86|     render(<NodeShell nodeType="agent" label="My Agent" />);
       |     ^
     87|     expect(screen.getByText('My Agent')).toBeInTheDocument();
     88|   });

ΓÄ»ΓÄ»ΓÄ»ΓÄ»ΓÄ»ΓÄ»ΓÄ»ΓÄ»ΓÄ»ΓÄ»ΓÄ»ΓÄ»ΓÄ»ΓÄ»ΓÄ»ΓÄ»ΓÄ»ΓÄ»ΓÄ»ΓÄ»ΓÄ»[50/161]ΓÄ»

 FAIL  packages/ui/tests/NodeRendering.test.tsx > NodeShell > renders description when provided
ReferenceError: document is not defined
 Γ¥» Proxy.render packages/ui/node_modules/@testing-library/react/dist/pure.js:239:5
 Γ¥» packages/ui/tests/NodeRendering.test.tsx:91:5
     89|
     90|   it('renders description when provided', () => {
     91|     render(<NodeShell nodeType="agent" label="A" description="Agent deΓÇª
       |     ^
     92|     expect(screen.getByTestId('node-description')).toHaveTextContent('ΓÇª
     93|   });

ΓÄ»ΓÄ»ΓÄ»ΓÄ»ΓÄ»ΓÄ»ΓÄ»ΓÄ»ΓÄ»ΓÄ»ΓÄ»ΓÄ»ΓÄ»ΓÄ»ΓÄ»ΓÄ»ΓÄ»ΓÄ»ΓÄ»ΓÄ»ΓÄ»[51/161]ΓÄ»

 FAIL  packages/ui/tests/NodeRendering.test.tsx > NodeShell > hides description when not provided
ReferenceError: document is not defined
 Γ¥» Proxy.render packages/ui/node_modules/@testing-library/react/dist/pure.js:239:5
 Γ¥» packages/ui/tests/NodeRendering.test.tsx:96:5
     94|
     95|   it('hides description when not provided', () => {
     96|     render(<NodeShell nodeType="agent" label="A" />);
       |     ^
     97|     expect(screen.queryByTestId('node-description')).toBeNull();
     98|   });

ΓÄ»ΓÄ»ΓÄ»ΓÄ»ΓÄ»ΓÄ»ΓÄ»ΓÄ»ΓÄ»ΓÄ»ΓÄ»ΓÄ»ΓÄ»ΓÄ»ΓÄ»ΓÄ»ΓÄ»ΓÄ»ΓÄ»ΓÄ»ΓÄ»[52/161]ΓÄ»

 FAIL  packages/ui/tests/NodeRendering.test.tsx > NodeShell > renders status badge for non-idle statuses
ReferenceError: document is not defined
 Γ¥» Proxy.render packages/ui/node_modules/@testing-library/react/dist/pure.js:239:5
 Γ¥» packages/ui/tests/NodeRendering.test.tsx:101:5
     99|
    100|   it('renders status badge for non-idle statuses', () => {
    101|     render(<NodeShell nodeType="task" label="T" status="running" />);
       |     ^
    102|     expect(screen.getByTestId('node-status-badge')).toHaveTextContent(ΓÇª
    103|   });

ΓÄ»ΓÄ»ΓÄ»ΓÄ»ΓÄ»ΓÄ»ΓÄ»ΓÄ»ΓÄ»ΓÄ»ΓÄ»ΓÄ»ΓÄ»ΓÄ»ΓÄ»ΓÄ»ΓÄ»ΓÄ»ΓÄ»ΓÄ»ΓÄ»[53/161]ΓÄ»

 FAIL  packages/ui/tests/NodeRendering.test.tsx > NodeShell > hides status badge for idle status
ReferenceError: document is not defined
 Γ¥» Proxy.render packages/ui/node_modules/@testing-library/react/dist/pure.js:239:5
 Γ¥» packages/ui/tests/NodeRendering.test.tsx:106:5
    104|
    105|   it('hides status badge for idle status', () => {
    106|     render(<NodeShell nodeType="task" label="T" status="idle" />);
       |     ^
    107|     expect(screen.queryByTestId('node-status-badge')).toBeNull();
    108|   });

ΓÄ»ΓÄ»ΓÄ»ΓÄ»ΓÄ»ΓÄ»ΓÄ»ΓÄ»ΓÄ»ΓÄ»ΓÄ»ΓÄ»ΓÄ»ΓÄ»ΓÄ»ΓÄ»ΓÄ»ΓÄ»ΓÄ»ΓÄ»ΓÄ»[54/161]ΓÄ»

 FAIL  packages/ui/tests/NodeRendering.test.tsx > NodeShell > renders children as node body
ReferenceError: document is not defined
 Γ¥» Proxy.render packages/ui/node_modules/@testing-library/react/dist/pure.js:239:5
 Γ¥» packages/ui/tests/NodeRendering.test.tsx:111:5
    109|
    110|   it('renders children as node body', () => {
    111|     render(
       |     ^
    112|       <NodeShell nodeType="agent" label="A">
    113|         <span data-testid="custom-child">Hello</span>

ΓÄ»ΓÄ»ΓÄ»ΓÄ»ΓÄ»ΓÄ»ΓÄ»ΓÄ»ΓÄ»ΓÄ»ΓÄ»ΓÄ»ΓÄ»ΓÄ»ΓÄ»ΓÄ»ΓÄ»ΓÄ»ΓÄ»ΓÄ»ΓÄ»[55/161]ΓÄ»

 FAIL  packages/ui/tests/NodeRendering.test.tsx > NodeShell > renders footer when provided
ReferenceError: document is not defined
 Γ¥» Proxy.render packages/ui/node_modules/@testing-library/react/dist/pure.js:239:5
 Γ¥» packages/ui/tests/NodeRendering.test.tsx:121:5
    119|
    120|   it('renders footer when provided', () => {
    121|     render(
       |     ^
    122|       <NodeShell nodeType="agent" label="A" footer={<span>Footer conteΓÇª
    123|     );

ΓÄ»ΓÄ»ΓÄ»ΓÄ»ΓÄ»ΓÄ»ΓÄ»ΓÄ»ΓÄ»ΓÄ»ΓÄ»ΓÄ»ΓÄ»ΓÄ»ΓÄ»ΓÄ»ΓÄ»ΓÄ»ΓÄ»ΓÄ»ΓÄ»[56/161]ΓÄ»

 FAIL  packages/ui/tests/NodeRendering.test.tsx > NodeShell > hides body and footer when not provided
ReferenceError: document is not defined
 Γ¥» Proxy.render packages/ui/node_modules/@testing-library/react/dist/pure.js:239:5
 Γ¥» packages/ui/tests/NodeRendering.test.tsx:128:5
    126|
    127|   it('hides body and footer when not provided', () => {
    128|     render(<NodeShell nodeType="agent" label="A" />);
       |     ^
    129|     expect(screen.queryByTestId('node-body')).toBeNull();
    130|     expect(screen.queryByTestId('node-footer')).toBeNull();

ΓÄ»ΓÄ»ΓÄ»ΓÄ»ΓÄ»ΓÄ»ΓÄ»ΓÄ»ΓÄ»ΓÄ»ΓÄ»ΓÄ»ΓÄ»ΓÄ»ΓÄ»ΓÄ»ΓÄ»ΓÄ»ΓÄ»ΓÄ»ΓÄ»[57/161]ΓÄ»

 FAIL  packages/ui/tests/NodeRendering.test.tsx > NodeShell > has accessible aria-label
ReferenceError: document is not defined
 Γ¥» Proxy.render packages/ui/node_modules/@testing-library/react/dist/pure.js:239:5
 Γ¥» packages/ui/tests/NodeRendering.test.tsx:134:5
    132|
    133|   it('has accessible aria-label', () => {
    134|     render(<NodeShell nodeType="agent" label="Research Agent" />);
       |     ^
    135|     const node = screen.getByTestId('workflow-node-agent');
    136|     expect(node.getAttribute('aria-label')).toBe('Agent node: ResearchΓÇª

ΓÄ»ΓÄ»ΓÄ»ΓÄ»ΓÄ»ΓÄ»ΓÄ»ΓÄ»ΓÄ»ΓÄ»ΓÄ»ΓÄ»ΓÄ»ΓÄ»ΓÄ»ΓÄ»ΓÄ»ΓÄ»ΓÄ»ΓÄ»ΓÄ»[58/161]ΓÄ»

 FAIL  packages/ui/tests/NodeRendering.test.tsx > NodeShell > renders connection handles
ReferenceError: document is not defined
 Γ¥» Proxy.render packages/ui/node_modules/@testing-library/react/dist/pure.js:239:5
 Γ¥» packages/ui/tests/NodeRendering.test.tsx:140:5
    138|
    139|   it('renders connection handles', () => {
    140|     render(<NodeShell nodeType="agent" label="A" />);
       |     ^
    141|     expect(screen.getByTestId('handle-target-top')).toBeInTheDocument(ΓÇª
    142|     expect(screen.getByTestId('handle-source-bottom')).toBeInTheDocumeΓÇª

ΓÄ»ΓÄ»ΓÄ»ΓÄ»ΓÄ»ΓÄ»ΓÄ»ΓÄ»ΓÄ»ΓÄ»ΓÄ»ΓÄ»ΓÄ»ΓÄ»ΓÄ»ΓÄ»ΓÄ»ΓÄ»ΓÄ»ΓÄ»ΓÄ»[59/161]ΓÄ»

 FAIL  packages/ui/tests/NodeRendering.test.tsx > NodeShell > applies selected styling
ReferenceError: document is not defined
 Γ¥» Proxy.render packages/ui/node_modules/@testing-library/react/dist/pure.js:239:5
 Γ¥» packages/ui/tests/NodeRendering.test.tsx:146:5
    144|
    145|   it('applies selected styling', () => {
    146|     render(<NodeShell nodeType="agent" label="A" selected />);
       |     ^
    147|     const node = screen.getByTestId('workflow-node-agent');
    148|     expect(node.className).toContain('shadow-node-selected');

ΓÄ»ΓÄ»ΓÄ»ΓÄ»ΓÄ»ΓÄ»ΓÄ»ΓÄ»ΓÄ»ΓÄ»ΓÄ»ΓÄ»ΓÄ»ΓÄ»ΓÄ»ΓÄ»ΓÄ»ΓÄ»ΓÄ»ΓÄ»ΓÄ»[60/161]ΓÄ»

 FAIL  packages/ui/tests/NodeRendering.test.tsx > NodeShell > applies custom style overrides
ReferenceError: document is not defined
 Γ¥» Proxy.render packages/ui/node_modules/@testing-library/react/dist/pure.js:239:5
 Γ¥» packages/ui/tests/NodeRendering.test.tsx:158:5
    156|       iconColor: '#0000ff',
    157|     };
    158|     render(<NodeShell nodeType="agent" label="A" styleOverrides={overrΓÇª
       |     ^
    159|     const node = screen.getByTestId('workflow-node-agent');
    160|     expect(node.style.backgroundColor).toBe('rgb(255, 0, 0)');

ΓÄ»ΓÄ»ΓÄ»ΓÄ»ΓÄ»ΓÄ»ΓÄ»ΓÄ»ΓÄ»ΓÄ»ΓÄ»ΓÄ»ΓÄ»ΓÄ»ΓÄ»ΓÄ»ΓÄ»ΓÄ»ΓÄ»ΓÄ»ΓÄ»[61/161]ΓÄ»

 FAIL  packages/ui/tests/NodeRendering.test.tsx > AgentNode > renders as an agent node
ReferenceError: document is not defined
 Γ¥» Proxy.render packages/ui/node_modules/@testing-library/react/dist/pure.js:239:5
 Γ¥» packages/ui/tests/NodeRendering.test.tsx:177:5
    175|
    176|   it('renders as an agent node', () => {
    177|     render(<AgentNode {...makeNodeProps(baseData)} />);
       |     ^
    178|     expect(screen.getByTestId('workflow-node-agent')).toBeInTheDocumenΓÇª
    179|   });

ΓÄ»ΓÄ»ΓÄ»ΓÄ»ΓÄ»ΓÄ»ΓÄ»ΓÄ»ΓÄ»ΓÄ»ΓÄ»ΓÄ»ΓÄ»ΓÄ»ΓÄ»ΓÄ»ΓÄ»ΓÄ»ΓÄ»ΓÄ»ΓÄ»[62/161]ΓÄ»

 FAIL  packages/ui/tests/NodeRendering.test.tsx > AgentNode > displays agent label and description
ReferenceError: document is not defined
 Γ¥» Proxy.render packages/ui/node_modules/@testing-library/react/dist/pure.js:239:5
 Γ¥» packages/ui/tests/NodeRendering.test.tsx:182:5
    180|
    181|   it('displays agent label and description', () => {
    182|     render(<AgentNode {...makeNodeProps(baseData)} />);
       |     ^
    183|     expect(screen.getByText('Research Agent')).toBeInTheDocument();
    184|     expect(screen.getByText('Researches topics')).toBeInTheDocument();

ΓÄ»ΓÄ»ΓÄ»ΓÄ»ΓÄ»ΓÄ»ΓÄ»ΓÄ»ΓÄ»ΓÄ»ΓÄ»ΓÄ»ΓÄ»ΓÄ»ΓÄ»ΓÄ»ΓÄ»ΓÄ»ΓÄ»ΓÄ»ΓÄ»[63/161]ΓÄ»

 FAIL  packages/ui/tests/NodeRendering.test.tsx > AgentNode > renders model info when agentMeta.model is set
ReferenceError: document is not defined
 Γ¥» Proxy.render packages/ui/node_modules/@testing-library/react/dist/pure.js:239:5
 Γ¥» packages/ui/tests/NodeRendering.test.tsx:192:5
    190|       agentMeta: { model: 'gpt-4o' },
    191|     };
    192|     render(<AgentNode {...makeNodeProps(data)} />);
       |     ^
    193|     expect(screen.getByTestId('agent-model')).toHaveTextContent('gpt-4ΓÇª
    194|   });

ΓÄ»ΓÄ»ΓÄ»ΓÄ»ΓÄ»ΓÄ»ΓÄ»ΓÄ»ΓÄ»ΓÄ»ΓÄ»ΓÄ»ΓÄ»ΓÄ»ΓÄ»ΓÄ»ΓÄ»ΓÄ»ΓÄ»ΓÄ»ΓÄ»[64/161]ΓÄ»

 FAIL  packages/ui/tests/NodeRendering.test.tsx > AgentNode > renders tools list when agentMeta.tools is set
ReferenceError: document is not defined
 Γ¥» Proxy.render packages/ui/node_modules/@testing-library/react/dist/pure.js:239:5
 Γ¥» packages/ui/tests/NodeRendering.test.tsx:201:5
    199|       agentMeta: { tools: ['search', 'browse', 'code'] },
    200|     };
    201|     render(<AgentNode {...makeNodeProps(data)} />);
       |     ^
    202|     const tools = screen.getByTestId('agent-tools');
    203|     expect(tools).toHaveTextContent('search');

ΓÄ»ΓÄ»ΓÄ»ΓÄ»ΓÄ»ΓÄ»ΓÄ»ΓÄ»ΓÄ»ΓÄ»ΓÄ»ΓÄ»ΓÄ»ΓÄ»ΓÄ»ΓÄ»ΓÄ»ΓÄ»ΓÄ»ΓÄ»ΓÄ»[65/161]ΓÄ»

 FAIL  packages/ui/tests/NodeRendering.test.tsx > AgentNode > renders max iterations when set
ReferenceError: document is not defined
 Γ¥» Proxy.render packages/ui/node_modules/@testing-library/react/dist/pure.js:239:5
 Γ¥» packages/ui/tests/NodeRendering.test.tsx:213:5
    211|       agentMeta: { maxIterations: 10 },
    212|     };
    213|     render(<AgentNode {...makeNodeProps(data)} />);
       |     ^
    214|     expect(screen.getByTestId('agent-iterations')).toHaveTextContent('ΓÇª
    215|   });

ΓÄ»ΓÄ»ΓÄ»ΓÄ»ΓÄ»ΓÄ»ΓÄ»ΓÄ»ΓÄ»ΓÄ»ΓÄ»ΓÄ»ΓÄ»ΓÄ»ΓÄ»ΓÄ»ΓÄ»ΓÄ»ΓÄ»ΓÄ»ΓÄ»[66/161]ΓÄ»

 FAIL  packages/ui/tests/NodeRendering.test.tsx > AgentNode > renders capabilities count in footer
ReferenceError: document is not defined
 Γ¥» Proxy.render packages/ui/node_modules/@testing-library/react/dist/pure.js:239:5
 Γ¥» packages/ui/tests/NodeRendering.test.tsx:222:5
    220|       agentMeta: { capabilities: ['reasoning', 'tool-use', 'code-gen']ΓÇª
    221|     };
    222|     render(<AgentNode {...makeNodeProps(data)} />);
       |     ^
    223|     expect(screen.getByTestId('agent-capabilities-count')).toHaveTextCΓÇª
    224|   });

ΓÄ»ΓÄ»ΓÄ»ΓÄ»ΓÄ»ΓÄ»ΓÄ»ΓÄ»ΓÄ»ΓÄ»ΓÄ»ΓÄ»ΓÄ»ΓÄ»ΓÄ»ΓÄ»ΓÄ»ΓÄ»ΓÄ»ΓÄ»ΓÄ»[67/161]ΓÄ»

 FAIL  packages/ui/tests/NodeRendering.test.tsx > AgentNode > uses singular "capability" for count of 1
ReferenceError: document is not defined
 Γ¥» Proxy.render packages/ui/node_modules/@testing-library/react/dist/pure.js:239:5
 Γ¥» packages/ui/tests/NodeRendering.test.tsx:231:5
    229|       agentMeta: { capabilities: ['reasoning'] },
    230|     };
    231|     render(<AgentNode {...makeNodeProps(data)} />);
       |     ^
    232|     expect(screen.getByTestId('agent-capabilities-count')).toHaveTextCΓÇª
    233|   });

ΓÄ»ΓÄ»ΓÄ»ΓÄ»ΓÄ»ΓÄ»ΓÄ»ΓÄ»ΓÄ»ΓÄ»ΓÄ»ΓÄ»ΓÄ»ΓÄ»ΓÄ»ΓÄ»ΓÄ»ΓÄ»ΓÄ»ΓÄ»ΓÄ»[68/161]ΓÄ»

 FAIL  packages/ui/tests/NodeRendering.test.tsx > AgentNode > does not render body section without agentMeta
ReferenceError: document is not defined
 Γ¥» Proxy.render packages/ui/node_modules/@testing-library/react/dist/pure.js:239:5
 Γ¥» packages/ui/tests/NodeRendering.test.tsx:236:5
    234|
    235|   it('does not render body section without agentMeta', () => {
    236|     render(<AgentNode {...makeNodeProps(baseData)} />);
       |     ^
    237|     expect(screen.queryByTestId('node-body')).toBeNull();
    238|   });

ΓÄ»ΓÄ»ΓÄ»ΓÄ»ΓÄ»ΓÄ»ΓÄ»ΓÄ»ΓÄ»ΓÄ»ΓÄ»ΓÄ»ΓÄ»ΓÄ»ΓÄ»ΓÄ»ΓÄ»ΓÄ»ΓÄ»ΓÄ»ΓÄ»[69/161]ΓÄ»

 FAIL  packages/ui/tests/NodeRendering.test.tsx > TaskNode > renders as a task node
ReferenceError: document is not defined
 Γ¥» Proxy.render packages/ui/node_modules/@testing-library/react/dist/pure.js:239:5
 Γ¥» packages/ui/tests/NodeRendering.test.tsx:252:5
    250|
    251|   it('renders as a task node', () => {
    252|     render(<TaskNode {...makeNodeProps(baseData)} />);
       |     ^
    253|     expect(screen.getByTestId('workflow-node-task')).toBeInTheDocumentΓÇª
    254|   });

ΓÄ»ΓÄ»ΓÄ»ΓÄ»ΓÄ»ΓÄ»ΓÄ»ΓÄ»ΓÄ»ΓÄ»ΓÄ»ΓÄ»ΓÄ»ΓÄ»ΓÄ»ΓÄ»ΓÄ»ΓÄ»ΓÄ»ΓÄ»ΓÄ»[70/161]ΓÄ»

 FAIL  packages/ui/tests/NodeRendering.test.tsx > TaskNode > renders progress bar when taskMeta.progress is set
ReferenceError: document is not defined
 Γ¥» Proxy.render packages/ui/node_modules/@testing-library/react/dist/pure.js:239:5
 Γ¥» packages/ui/tests/NodeRendering.test.tsx:261:5
    259|       taskMeta: { progress: 65 },
    260|     };
    261|     render(<TaskNode {...makeNodeProps(data)} />);
       |     ^
    262|     const progress = screen.getByTestId('task-progress');
    263|     expect(progress).toHaveTextContent('65%');

ΓÄ»ΓÄ»ΓÄ»ΓÄ»ΓÄ»ΓÄ»ΓÄ»ΓÄ»ΓÄ»ΓÄ»ΓÄ»ΓÄ»ΓÄ»ΓÄ»ΓÄ»ΓÄ»ΓÄ»ΓÄ»ΓÄ»ΓÄ»ΓÄ»[71/161]ΓÄ»

 FAIL  packages/ui/tests/NodeRendering.test.tsx > TaskNode > clamps progress bar width between 0 and 100
ReferenceError: document is not defined
 Γ¥» Proxy.render packages/ui/node_modules/@testing-library/react/dist/pure.js:239:5
 Γ¥» packages/ui/tests/NodeRendering.test.tsx:273:5
    271|       taskMeta: { progress: 150 },
    272|     };
    273|     render(<TaskNode {...makeNodeProps(data)} />);
       |     ^
    274|     const bar = screen.getByRole('progressbar');
    275|     expect(bar.style.width).toBe('100%');

ΓÄ»ΓÄ»ΓÄ»ΓÄ»ΓÄ»ΓÄ»ΓÄ»ΓÄ»ΓÄ»ΓÄ»ΓÄ»ΓÄ»ΓÄ»ΓÄ»ΓÄ»ΓÄ»ΓÄ»ΓÄ»ΓÄ»ΓÄ»ΓÄ»[72/161]ΓÄ»

 FAIL  packages/ui/tests/NodeRendering.test.tsx > TaskNode > renders inputs when taskMeta.inputs is set
ReferenceError: document is not defined
 Γ¥» Proxy.render packages/ui/node_modules/@testing-library/react/dist/pure.js:239:5
 Γ¥» packages/ui/tests/NodeRendering.test.tsx:283:5
    281|       taskMeta: { inputs: ['query', 'context'] },
    282|     };
    283|     render(<TaskNode {...makeNodeProps(data)} />);
       |     ^
    284|     const inputs = screen.getByTestId('task-inputs');
    285|     expect(inputs).toHaveTextContent('query');

ΓÄ»ΓÄ»ΓÄ»ΓÄ»ΓÄ»ΓÄ»ΓÄ»ΓÄ»ΓÄ»ΓÄ»ΓÄ»ΓÄ»ΓÄ»ΓÄ»ΓÄ»ΓÄ»ΓÄ»ΓÄ»ΓÄ»ΓÄ»ΓÄ»[73/161]ΓÄ»

 FAIL  packages/ui/tests/NodeRendering.test.tsx > TaskNode > renders outputs when taskMeta.outputs is set
ReferenceError: document is not defined
 Γ¥» Proxy.render packages/ui/node_modules/@testing-library/react/dist/pure.js:239:5
 Γ¥» packages/ui/tests/NodeRendering.test.tsx:294:5
    292|       taskMeta: { outputs: ['result', 'summary'] },
    293|     };
    294|     render(<TaskNode {...makeNodeProps(data)} />);
       |     ^
    295|     const outputs = screen.getByTestId('task-outputs');
    296|     expect(outputs).toHaveTextContent('result');

ΓÄ»ΓÄ»ΓÄ»ΓÄ»ΓÄ»ΓÄ»ΓÄ»ΓÄ»ΓÄ»ΓÄ»ΓÄ»ΓÄ»ΓÄ»ΓÄ»ΓÄ»ΓÄ»ΓÄ»ΓÄ»ΓÄ»ΓÄ»ΓÄ»[74/161]ΓÄ»

 FAIL  packages/ui/tests/NodeRendering.test.tsx > TaskNode > renders expected output in footer
ReferenceError: document is not defined
 Γ¥» Proxy.render packages/ui/node_modules/@testing-library/react/dist/pure.js:239:5
 Γ¥» packages/ui/tests/NodeRendering.test.tsx:305:5
    303|       taskMeta: { expectedOutput: 'JSON report' },
    304|     };
    305|     render(<TaskNode {...makeNodeProps(data)} />);
       |     ^
    306|     expect(screen.getByTestId('task-expected-output')).toHaveTextConteΓÇª
    307|   });

ΓÄ»ΓÄ»ΓÄ»ΓÄ»ΓÄ»ΓÄ»ΓÄ»ΓÄ»ΓÄ»ΓÄ»ΓÄ»ΓÄ»ΓÄ»ΓÄ»ΓÄ»ΓÄ»ΓÄ»ΓÄ»ΓÄ»ΓÄ»ΓÄ»[75/161]ΓÄ»

 FAIL  packages/ui/tests/NodeRendering.test.tsx > TaskNode > does not render body section without taskMeta
ReferenceError: document is not defined
 Γ¥» Proxy.render packages/ui/node_modules/@testing-library/react/dist/pure.js:239:5
 Γ¥» packages/ui/tests/NodeRendering.test.tsx:310:5
    308|
    309|   it('does not render body section without taskMeta', () => {
    310|     render(<TaskNode {...makeNodeProps(baseData)} />);
       |     ^
    311|     expect(screen.queryByTestId('node-body')).toBeNull();
    312|   });

ΓÄ»ΓÄ»ΓÄ»ΓÄ»ΓÄ»ΓÄ»ΓÄ»ΓÄ»ΓÄ»ΓÄ»ΓÄ»ΓÄ»ΓÄ»ΓÄ»ΓÄ»ΓÄ»ΓÄ»ΓÄ»ΓÄ»ΓÄ»ΓÄ»[76/161]ΓÄ»

 FAIL  packages/ui/tests/NodeRendering.test.tsx > ToolNode > renders as a tool node
ReferenceError: document is not defined
 Γ¥» Proxy.render packages/ui/node_modules/@testing-library/react/dist/pure.js:239:5
 Γ¥» packages/ui/tests/NodeRendering.test.tsx:326:5
    324|
    325|   it('renders as a tool node', () => {
    326|     render(<ToolNode {...makeNodeProps(baseData)} />);
       |     ^
    327|     expect(screen.getByTestId('workflow-node-tool')).toBeInTheDocumentΓÇª
    328|   });

ΓÄ»ΓÄ»ΓÄ»ΓÄ»ΓÄ»ΓÄ»ΓÄ»ΓÄ»ΓÄ»ΓÄ»ΓÄ»ΓÄ»ΓÄ»ΓÄ»ΓÄ»ΓÄ»ΓÄ»ΓÄ»ΓÄ»ΓÄ»ΓÄ»[77/161]ΓÄ»

 FAIL  packages/ui/tests/NodeRendering.test.tsx > ToolNode > renders parameters list when toolMeta.parameters is set
ReferenceError: document is not defined
 Γ¥» Proxy.render packages/ui/node_modules/@testing-library/react/dist/pure.js:239:5
 Γ¥» packages/ui/tests/NodeRendering.test.tsx:340:5
    338|       },
    339|     };
    340|     render(<ToolNode {...makeNodeProps(data)} />);
       |     ^
    341|     const params = screen.getByTestId('tool-parameters');
    342|     expect(params).toHaveTextContent('query');

ΓÄ»ΓÄ»ΓÄ»ΓÄ»ΓÄ»ΓÄ»ΓÄ»ΓÄ»ΓÄ»ΓÄ»ΓÄ»ΓÄ»ΓÄ»ΓÄ»ΓÄ»ΓÄ»ΓÄ»ΓÄ»ΓÄ»ΓÄ»ΓÄ»[78/161]ΓÄ»

 FAIL  packages/ui/tests/NodeRendering.test.tsx > ToolNode > renders footer stats when execution count and avg duration are set
ReferenceError: document is not defined
 Γ¥» Proxy.render packages/ui/node_modules/@testing-library/react/dist/pure.js:239:5
 Γ¥» packages/ui/tests/NodeRendering.test.tsx:353:5
    351|       toolMeta: { executionCount: 42, avgDuration: '1.2s' },
    352|     };
    353|     render(<ToolNode {...makeNodeProps(data)} />);
       |     ^
    354|     const stats = screen.getByTestId('tool-footer-stats');
    355|     expect(stats).toHaveTextContent('42');

ΓÄ»ΓÄ»ΓÄ»ΓÄ»ΓÄ»ΓÄ»ΓÄ»ΓÄ»ΓÄ»ΓÄ»ΓÄ»ΓÄ»ΓÄ»ΓÄ»ΓÄ»ΓÄ»ΓÄ»ΓÄ»ΓÄ»ΓÄ»ΓÄ»[79/161]ΓÄ»

 FAIL  packages/ui/tests/NodeRendering.test.tsx > ToolNode > does not render body section without toolMeta parameters
ReferenceError: document is not defined
 Γ¥» Proxy.render packages/ui/node_modules/@testing-library/react/dist/pure.js:239:5
 Γ¥» packages/ui/tests/NodeRendering.test.tsx:360:5
    358|
    359|   it('does not render body section without toolMeta parameters', () =>ΓÇª
    360|     render(<ToolNode {...makeNodeProps(baseData)} />);
       |     ^
    361|     expect(screen.queryByTestId('tool-parameters')).toBeNull();
    362|   });

ΓÄ»ΓÄ»ΓÄ»ΓÄ»ΓÄ»ΓÄ»ΓÄ»ΓÄ»ΓÄ»ΓÄ»ΓÄ»ΓÄ»ΓÄ»ΓÄ»ΓÄ»ΓÄ»ΓÄ»ΓÄ»ΓÄ»ΓÄ»ΓÄ»[80/161]ΓÄ»

 FAIL  packages/ui/tests/NodeRendering.test.tsx > LLMNode > renders as an llm node
ReferenceError: document is not defined
 Γ¥» Proxy.render packages/ui/node_modules/@testing-library/react/dist/pure.js:239:5
 Γ¥» packages/ui/tests/NodeRendering.test.tsx:376:5
    374|
    375|   it('renders as an llm node', () => {
    376|     render(<LLMNode {...makeNodeProps(baseData)} />);
       |     ^
    377|     expect(screen.getByTestId('workflow-node-llm')).toBeInTheDocument(ΓÇª
    378|   });

ΓÄ»ΓÄ»ΓÄ»ΓÄ»ΓÄ»ΓÄ»ΓÄ»ΓÄ»ΓÄ»ΓÄ»ΓÄ»ΓÄ»ΓÄ»ΓÄ»ΓÄ»ΓÄ»ΓÄ»ΓÄ»ΓÄ»ΓÄ»ΓÄ»[81/161]ΓÄ»

 FAIL  packages/ui/tests/NodeRendering.test.tsx > LLMNode > renders provider info when llmMeta.provider is set
ReferenceError: document is not defined
 Γ¥» Proxy.render packages/ui/node_modules/@testing-library/react/dist/pure.js:239:5
 Γ¥» packages/ui/tests/NodeRendering.test.tsx:385:5
    383|       llmMeta: { provider: 'OpenAI' },
    384|     };
    385|     render(<LLMNode {...makeNodeProps(data)} />);
       |     ^
    386|     expect(screen.getByTestId('llm-provider')).toHaveTextContent('OpenΓÇª
    387|   });

ΓÄ»ΓÄ»ΓÄ»ΓÄ»ΓÄ»ΓÄ»ΓÄ»ΓÄ»ΓÄ»ΓÄ»ΓÄ»ΓÄ»ΓÄ»ΓÄ»ΓÄ»ΓÄ»ΓÄ»ΓÄ»ΓÄ»ΓÄ»ΓÄ»[82/161]ΓÄ»

 FAIL  packages/ui/tests/NodeRendering.test.tsx > LLMNode > renders model info when llmMeta.model is set
ReferenceError: document is not defined
 Γ¥» Proxy.render packages/ui/node_modules/@testing-library/react/dist/pure.js:239:5
 Γ¥» packages/ui/tests/NodeRendering.test.tsx:394:5
    392|       llmMeta: { model: 'gpt-4-turbo' },
    393|     };
    394|     render(<LLMNode {...makeNodeProps(data)} />);
       |     ^
    395|     expect(screen.getByTestId('llm-model')).toHaveTextContent('gpt-4-tΓÇª
    396|   });

ΓÄ»ΓÄ»ΓÄ»ΓÄ»ΓÄ»ΓÄ»ΓÄ»ΓÄ»ΓÄ»ΓÄ»ΓÄ»ΓÄ»ΓÄ»ΓÄ»ΓÄ»ΓÄ»ΓÄ»ΓÄ»ΓÄ»ΓÄ»ΓÄ»[83/161]ΓÄ»

 FAIL  packages/ui/tests/NodeRendering.test.tsx > LLMNode > renders temperature when llmMeta.temperature is set
ReferenceError: document is not defined
 Γ¥» Proxy.render packages/ui/node_modules/@testing-library/react/dist/pure.js:239:5
 Γ¥» packages/ui/tests/NodeRendering.test.tsx:403:5
    401|       llmMeta: { temperature: 0.7 },
    402|     };
    403|     render(<LLMNode {...makeNodeProps(data)} />);
       |     ^
    404|     expect(screen.getByTestId('llm-temperature')).toHaveTextContent('0ΓÇª
    405|   });

ΓÄ»ΓÄ»ΓÄ»ΓÄ»ΓÄ»ΓÄ»ΓÄ»ΓÄ»ΓÄ»ΓÄ»ΓÄ»ΓÄ»ΓÄ»ΓÄ»ΓÄ»ΓÄ»ΓÄ»ΓÄ»ΓÄ»ΓÄ»ΓÄ»[84/161]ΓÄ»

 FAIL  packages/ui/tests/NodeRendering.test.tsx > LLMNode > renders max tokens when llmMeta.maxTokens is set
ReferenceError: document is not defined
 Γ¥» Proxy.render packages/ui/node_modules/@testing-library/react/dist/pure.js:239:5
 Γ¥» packages/ui/tests/NodeRendering.test.tsx:412:5
    410|       llmMeta: { maxTokens: 4096 },
    411|     };
    412|     render(<LLMNode {...makeNodeProps(data)} />);
       |     ^
    413|     expect(screen.getByTestId('llm-max-tokens')).toHaveTextContent('4.ΓÇª
    414|   });

ΓÄ»ΓÄ»ΓÄ»ΓÄ»ΓÄ»ΓÄ»ΓÄ»ΓÄ»ΓÄ»ΓÄ»ΓÄ»ΓÄ»ΓÄ»ΓÄ»ΓÄ»ΓÄ»ΓÄ»ΓÄ»ΓÄ»ΓÄ»ΓÄ»[85/161]ΓÄ»

 FAIL  packages/ui/tests/NodeRendering.test.tsx > LLMNode > renders token usage in footer when set
ReferenceError: document is not defined
 Γ¥» Proxy.render packages/ui/node_modules/@testing-library/react/dist/pure.js:239:5
 Γ¥» packages/ui/tests/NodeRendering.test.tsx:421:5
    419|       llmMeta: { tokenUsage: { input: 1500, output: 2500000 } },
    420|     };
    421|     render(<LLMNode {...makeNodeProps(data)} />);
       |     ^
    422|     const usage = screen.getByTestId('llm-token-usage');
    423|     expect(usage).toHaveTextContent('1.5K');

ΓÄ»ΓÄ»ΓÄ»ΓÄ»ΓÄ»ΓÄ»ΓÄ»ΓÄ»ΓÄ»ΓÄ»ΓÄ»ΓÄ»ΓÄ»ΓÄ»ΓÄ»ΓÄ»ΓÄ»ΓÄ»ΓÄ»ΓÄ»ΓÄ»[86/161]ΓÄ»

 FAIL  packages/ui/tests/NodeRendering.test.tsx > LLMNode > does not render body section without llmMeta
ReferenceError: document is not defined
 Γ¥» Proxy.render packages/ui/node_modules/@testing-library/react/dist/pure.js:239:5
 Γ¥» packages/ui/tests/NodeRendering.test.tsx:428:5
    426|
    427|   it('does not render body section without llmMeta', () => {
    428|     render(<LLMNode {...makeNodeProps(baseData)} />);
       |     ^
    429|     expect(screen.queryByTestId('node-body')).toBeNull();
    430|   });

ΓÄ»ΓÄ»ΓÄ»ΓÄ»ΓÄ»ΓÄ»ΓÄ»ΓÄ»ΓÄ»ΓÄ»ΓÄ»ΓÄ»ΓÄ»ΓÄ»ΓÄ»ΓÄ»ΓÄ»ΓÄ»ΓÄ»ΓÄ»ΓÄ»[87/161]ΓÄ»

 FAIL  packages/ui/tests/NodeRendering.test.tsx > WorkflowNode (router) > routes agent type to AgentNode
ReferenceError: document is not defined
 Γ¥» Proxy.render packages/ui/node_modules/@testing-library/react/dist/pure.js:239:5
 Γ¥» packages/ui/tests/NodeRendering.test.tsx:439:5
    437|   it('routes agent type to AgentNode', () => {
    438|     const data: WorkflowNodeData = { label: 'Agent', nodeType: 'agent'ΓÇª
    439|     render(<WorkflowNode {...makeNodeProps(data)} />);
       |     ^
    440|     expect(screen.getByTestId('workflow-node-agent')).toBeInTheDocumenΓÇª
    441|   });

ΓÄ»ΓÄ»ΓÄ»ΓÄ»ΓÄ»ΓÄ»ΓÄ»ΓÄ»ΓÄ»ΓÄ»ΓÄ»ΓÄ»ΓÄ»ΓÄ»ΓÄ»ΓÄ»ΓÄ»ΓÄ»ΓÄ»ΓÄ»ΓÄ»[88/161]ΓÄ»

 FAIL  packages/ui/tests/NodeRendering.test.tsx > WorkflowNode (router) > routes task type to TaskNode
ReferenceError: document is not defined
 Γ¥» Proxy.render packages/ui/node_modules/@testing-library/react/dist/pure.js:239:5
 Γ¥» packages/ui/tests/NodeRendering.test.tsx:445:5
    443|   it('routes task type to TaskNode', () => {
    444|     const data: WorkflowNodeData = { label: 'Task', nodeType: 'task' };
    445|     render(<WorkflowNode {...makeNodeProps(data)} />);
       |     ^
    446|     expect(screen.getByTestId('workflow-node-task')).toBeInTheDocumentΓÇª
    447|   });

ΓÄ»ΓÄ»ΓÄ»ΓÄ»ΓÄ»ΓÄ»ΓÄ»ΓÄ»ΓÄ»ΓÄ»ΓÄ»ΓÄ»ΓÄ»ΓÄ»ΓÄ»ΓÄ»ΓÄ»ΓÄ»ΓÄ»ΓÄ»ΓÄ»[89/161]ΓÄ»

 FAIL  packages/ui/tests/NodeRendering.test.tsx > WorkflowNode (router) > routes tool type to ToolNode
ReferenceError: document is not defined
 Γ¥» Proxy.render packages/ui/node_modules/@testing-library/react/dist/pure.js:239:5
 Γ¥» packages/ui/tests/NodeRendering.test.tsx:451:5
    449|   it('routes tool type to ToolNode', () => {
    450|     const data: WorkflowNodeData = { label: 'Tool', nodeType: 'tool' };
    451|     render(<WorkflowNode {...makeNodeProps(data)} />);
       |     ^
    452|     expect(screen.getByTestId('workflow-node-tool')).toBeInTheDocumentΓÇª
    453|   });

ΓÄ»ΓÄ»ΓÄ»ΓÄ»ΓÄ»ΓÄ»ΓÄ»ΓÄ»ΓÄ»ΓÄ»ΓÄ»ΓÄ»ΓÄ»ΓÄ»ΓÄ»ΓÄ»ΓÄ»ΓÄ»ΓÄ»ΓÄ»ΓÄ»[90/161]ΓÄ»

 FAIL  packages/ui/tests/NodeRendering.test.tsx > WorkflowNode (router) > routes llm type to LLMNode
ReferenceError: document is not defined
 Γ¥» Proxy.render packages/ui/node_modules/@testing-library/react/dist/pure.js:239:5
 Γ¥» packages/ui/tests/NodeRendering.test.tsx:457:5
    455|   it('routes llm type to LLMNode', () => {
    456|     const data: WorkflowNodeData = { label: 'LLM', nodeType: 'llm' };
    457|     render(<WorkflowNode {...makeNodeProps(data)} />);
       |     ^
    458|     expect(screen.getByTestId('workflow-node-llm')).toBeInTheDocument(ΓÇª
    459|   });

ΓÄ»ΓÄ»ΓÄ»ΓÄ»ΓÄ»ΓÄ»ΓÄ»ΓÄ»ΓÄ»ΓÄ»ΓÄ»ΓÄ»ΓÄ»ΓÄ»ΓÄ»ΓÄ»ΓÄ»ΓÄ»ΓÄ»ΓÄ»ΓÄ»[91/161]ΓÄ»

 FAIL  packages/ui/tests/NodeRendering.test.tsx > WorkflowNode (router) > passes rich agent meta through to AgentNode
ReferenceError: document is not defined
 Γ¥» Proxy.render packages/ui/node_modules/@testing-library/react/dist/pure.js:239:5
 Γ¥» packages/ui/tests/NodeRendering.test.tsx:467:5
    465|       agentMeta: { model: 'claude-3', tools: ['calc'] },
    466|     };
    467|     render(<WorkflowNode {...makeNodeProps(data)} />);
       |     ^
    468|     expect(screen.getByTestId('agent-model')).toHaveTextContent('claudΓÇª
    469|     expect(screen.getByTestId('agent-tools')).toHaveTextContent('calc'ΓÇª

ΓÄ»ΓÄ»ΓÄ»ΓÄ»ΓÄ»ΓÄ»ΓÄ»ΓÄ»ΓÄ»ΓÄ»ΓÄ»ΓÄ»ΓÄ»ΓÄ»ΓÄ»ΓÄ»ΓÄ»ΓÄ»ΓÄ»ΓÄ»ΓÄ»[92/161]ΓÄ»

 FAIL  packages/ui/tests/NodeRendering.test.tsx > Custom style overrides > applies backgroundColor override on AgentNode
ReferenceError: document is not defined
 Γ¥» Proxy.render packages/ui/node_modules/@testing-library/react/dist/pure.js:239:5
 Γ¥» packages/ui/tests/NodeRendering.test.tsx:483:5
    481|       styleOverrides: { backgroundColor: 'rgb(255, 128, 0)' },
    482|     };
    483|     render(<AgentNode {...makeNodeProps(data)} />);
       |     ^
    484|     const node = screen.getByTestId('workflow-node-agent');
    485|     expect(node.style.backgroundColor).toBe('rgb(255, 128, 0)');

ΓÄ»ΓÄ»ΓÄ»ΓÄ»ΓÄ»ΓÄ»ΓÄ»ΓÄ»ΓÄ»ΓÄ»ΓÄ»ΓÄ»ΓÄ»ΓÄ»ΓÄ»ΓÄ»ΓÄ»ΓÄ»ΓÄ»ΓÄ»ΓÄ»[93/161]ΓÄ»

 FAIL  packages/ui/tests/NodeRendering.test.tsx > Custom style overrides > applies borderColor override on TaskNode
ReferenceError: document is not defined
 Γ¥» Proxy.render packages/ui/node_modules/@testing-library/react/dist/pure.js:239:5
 Γ¥» packages/ui/tests/NodeRendering.test.tsx:494:5
    492|       styleOverrides: { borderColor: 'rgb(0, 255, 128)' },
    493|     };
    494|     render(<TaskNode {...makeNodeProps(data)} />);
       |     ^
    495|     const node = screen.getByTestId('workflow-node-task');
    496|     expect(node.style.borderColor).toBe('rgb(0, 255, 128)');

ΓÄ»ΓÄ»ΓÄ»ΓÄ»ΓÄ»ΓÄ»ΓÄ»ΓÄ»ΓÄ»ΓÄ»ΓÄ»ΓÄ»ΓÄ»ΓÄ»ΓÄ»ΓÄ»ΓÄ»ΓÄ»ΓÄ»ΓÄ»ΓÄ»[94/161]ΓÄ»

 FAIL  packages/ui/tests/Spinner.test.tsx > Spinner > renders an SVG with status role
ReferenceError: document is not defined
 Γ¥» render packages/ui/node_modules/@testing-library/react/dist/pure.js:239:5
 Γ¥» packages/ui/tests/Spinner.test.tsx:7:5
      5| describe('Spinner', () => {
      6|   it('renders an SVG with status role', () => {
      7|     render(<Spinner />);
       |     ^
      8|     expect(screen.getByRole('status')).toBeInTheDocument();
      9|   });

ΓÄ»ΓÄ»ΓÄ»ΓÄ»ΓÄ»ΓÄ»ΓÄ»ΓÄ»ΓÄ»ΓÄ»ΓÄ»ΓÄ»ΓÄ»ΓÄ»ΓÄ»ΓÄ»ΓÄ»ΓÄ»ΓÄ»ΓÄ»ΓÄ»[95/161]ΓÄ»

 FAIL  packages/ui/tests/Spinner.test.tsx > Spinner > has accessible label
ReferenceError: document is not defined
 Γ¥» render packages/ui/node_modules/@testing-library/react/dist/pure.js:239:5
 Γ¥» packages/ui/tests/Spinner.test.tsx:12:5
     10|
     11|   it('has accessible label', () => {
     12|     render(<Spinner />);
       |     ^
     13|     expect(screen.getByLabelText('Loading')).toBeInTheDocument();
     14|   });

ΓÄ»ΓÄ»ΓÄ»ΓÄ»ΓÄ»ΓÄ»ΓÄ»ΓÄ»ΓÄ»ΓÄ»ΓÄ»ΓÄ»ΓÄ»ΓÄ»ΓÄ»ΓÄ»ΓÄ»ΓÄ»ΓÄ»ΓÄ»ΓÄ»[96/161]ΓÄ»

 FAIL  packages/ui/tests/Spinner.test.tsx > Spinner > applies default size of 20
ReferenceError: document is not defined
 Γ¥» render packages/ui/node_modules/@testing-library/react/dist/pure.js:239:5
 Γ¥» packages/ui/tests/Spinner.test.tsx:17:5
     15|
     16|   it('applies default size of 20', () => {
     17|     render(<Spinner />);
       |     ^
     18|     const svg = screen.getByRole('status');
     19|     expect(svg).toHaveAttribute('width', '20');

ΓÄ»ΓÄ»ΓÄ»ΓÄ»ΓÄ»ΓÄ»ΓÄ»ΓÄ»ΓÄ»ΓÄ»ΓÄ»ΓÄ»ΓÄ»ΓÄ»ΓÄ»ΓÄ»ΓÄ»ΓÄ»ΓÄ»ΓÄ»ΓÄ»[97/161]ΓÄ»

 FAIL  packages/ui/tests/Spinner.test.tsx > Spinner > accepts custom size
ReferenceError: document is not defined
 Γ¥» render packages/ui/node_modules/@testing-library/react/dist/pure.js:239:5
 Γ¥» packages/ui/tests/Spinner.test.tsx:24:5
     22|
     23|   it('accepts custom size', () => {
     24|     render(<Spinner size={32} />);
       |     ^
     25|     const svg = screen.getByRole('status');
     26|     expect(svg).toHaveAttribute('width', '32');

ΓÄ»ΓÄ»ΓÄ»ΓÄ»ΓÄ»ΓÄ»ΓÄ»ΓÄ»ΓÄ»ΓÄ»ΓÄ»ΓÄ»ΓÄ»ΓÄ»ΓÄ»ΓÄ»ΓÄ»ΓÄ»ΓÄ»ΓÄ»ΓÄ»[98/161]ΓÄ»

 FAIL  packages/ui/tests/Spinner.test.tsx > Spinner > has spin animation class
ReferenceError: document is not defined
 Γ¥» render packages/ui/node_modules/@testing-library/react/dist/pure.js:239:5
 Γ¥» packages/ui/tests/Spinner.test.tsx:31:5
     29|
     30|   it('has spin animation class', () => {
     31|     render(<Spinner />);
       |     ^
     32|     expect(screen.getByRole('status').getAttribute('class')).toContainΓÇª
     33|   });

ΓÄ»ΓÄ»ΓÄ»ΓÄ»ΓÄ»ΓÄ»ΓÄ»ΓÄ»ΓÄ»ΓÄ»ΓÄ»ΓÄ»ΓÄ»ΓÄ»ΓÄ»ΓÄ»ΓÄ»ΓÄ»ΓÄ»ΓÄ»ΓÄ»[99/161]ΓÄ»

 FAIL  packages/ui/tests/TimelineChart.test.tsx > TimelineChart > renders the chart container with correct testid
ReferenceError: document is not defined
 Γ¥» render packages/ui/node_modules/@testing-library/react/dist/pure.js:239:5
 Γ¥» renderChart packages/ui/tests/TimelineChart.test.tsx:130:10
    128|     ...props,
    129|   };
    130|   return render(<TimelineChart {...defaultProps} />);
       |          ^
    131| }
    132|
 Γ¥» packages/ui/tests/TimelineChart.test.tsx:138:5

ΓÄ»ΓÄ»ΓÄ»ΓÄ»ΓÄ»ΓÄ»ΓÄ»ΓÄ»ΓÄ»ΓÄ»ΓÄ»ΓÄ»ΓÄ»ΓÄ»ΓÄ»ΓÄ»ΓÄ»ΓÄ»ΓÄ»ΓÄ»[100/161]ΓÄ»

 FAIL  packages/ui/tests/TimelineChart.test.tsx > TimelineChart > applies the cs-timeline class
ReferenceError: document is not defined
 Γ¥» render packages/ui/node_modules/@testing-library/react/dist/pure.js:239:5
 Γ¥» renderChart packages/ui/tests/TimelineChart.test.tsx:130:10
    128|     ...props,
    129|   };
    130|   return render(<TimelineChart {...defaultProps} />);
       |          ^
    131| }
    132|
 Γ¥» packages/ui/tests/TimelineChart.test.tsx:143:5

ΓÄ»ΓÄ»ΓÄ»ΓÄ»ΓÄ»ΓÄ»ΓÄ»ΓÄ»ΓÄ»ΓÄ»ΓÄ»ΓÄ»ΓÄ»ΓÄ»ΓÄ»ΓÄ»ΓÄ»ΓÄ»ΓÄ»ΓÄ»[101/161]ΓÄ»

 FAIL  packages/ui/tests/TimelineChart.test.tsx > TimelineChart > merges custom className
ReferenceError: document is not defined
 Γ¥» render packages/ui/node_modules/@testing-library/react/dist/pure.js:239:5
 Γ¥» renderChart packages/ui/tests/TimelineChart.test.tsx:130:10
    128|     ...props,
    129|   };
    130|   return render(<TimelineChart {...defaultProps} />);
       |          ^
    131| }
    132|
 Γ¥» packages/ui/tests/TimelineChart.test.tsx:149:5

ΓÄ»ΓÄ»ΓÄ»ΓÄ»ΓÄ»ΓÄ»ΓÄ»ΓÄ»ΓÄ»ΓÄ»ΓÄ»ΓÄ»ΓÄ»ΓÄ»ΓÄ»ΓÄ»ΓÄ»ΓÄ»ΓÄ»ΓÄ»[102/161]ΓÄ»

 FAIL  packages/ui/tests/TimelineChart.test.tsx > TimelineChart > has accessible region role and label
ReferenceError: document is not defined
 Γ¥» render packages/ui/node_modules/@testing-library/react/dist/pure.js:239:5
 Γ¥» renderChart packages/ui/tests/TimelineChart.test.tsx:130:10
    128|     ...props,
    129|   };
    130|   return render(<TimelineChart {...defaultProps} />);
       |          ^
    131| }
    132|
 Γ¥» packages/ui/tests/TimelineChart.test.tsx:155:5

ΓÄ»ΓÄ»ΓÄ»ΓÄ»ΓÄ»ΓÄ»ΓÄ»ΓÄ»ΓÄ»ΓÄ»ΓÄ»ΓÄ»ΓÄ»ΓÄ»ΓÄ»ΓÄ»ΓÄ»ΓÄ»ΓÄ»ΓÄ»[103/161]ΓÄ»

 FAIL  packages/ui/tests/TimelineChart.test.tsx > TimelineChart > renders the SVG content area
ReferenceError: document is not defined
 Γ¥» render packages/ui/node_modules/@testing-library/react/dist/pure.js:239:5
 Γ¥» renderChart packages/ui/tests/TimelineChart.test.tsx:130:10
    128|     ...props,
    129|   };
    130|   return render(<TimelineChart {...defaultProps} />);
       |          ^
    131| }
    132|
 Γ¥» packages/ui/tests/TimelineChart.test.tsx:162:5

ΓÄ»ΓÄ»ΓÄ»ΓÄ»ΓÄ»ΓÄ»ΓÄ»ΓÄ»ΓÄ»ΓÄ»ΓÄ»ΓÄ»ΓÄ»ΓÄ»ΓÄ»ΓÄ»ΓÄ»ΓÄ»ΓÄ»ΓÄ»[104/161]ΓÄ»

 FAIL  packages/ui/tests/TimelineChart.test.tsx > TimelineChart > renders with empty events
ReferenceError: document is not defined
 Γ¥» render packages/ui/node_modules/@testing-library/react/dist/pure.js:239:5
 Γ¥» renderChart packages/ui/tests/TimelineChart.test.tsx:130:10
    128|     ...props,
    129|   };
    130|   return render(<TimelineChart {...defaultProps} />);
       |          ^
    131| }
    132|
 Γ¥» packages/ui/tests/TimelineChart.test.tsx:167:5

ΓÄ»ΓÄ»ΓÄ»ΓÄ»ΓÄ»ΓÄ»ΓÄ»ΓÄ»ΓÄ»ΓÄ»ΓÄ»ΓÄ»ΓÄ»ΓÄ»ΓÄ»ΓÄ»ΓÄ»ΓÄ»ΓÄ»ΓÄ»[105/161]ΓÄ»

 FAIL  packages/ui/tests/TimelineChart.test.tsx > TimelineChart > renders with empty agents
ReferenceError: document is not defined
 Γ¥» render packages/ui/node_modules/@testing-library/react/dist/pure.js:239:5
 Γ¥» renderChart packages/ui/tests/TimelineChart.test.tsx:130:10
    128|     ...props,
    129|   };
    130|   return render(<TimelineChart {...defaultProps} />);
       |          ^
    131| }
    132|
 Γ¥» packages/ui/tests/TimelineChart.test.tsx:172:5

ΓÄ»ΓÄ»ΓÄ»ΓÄ»ΓÄ»ΓÄ»ΓÄ»ΓÄ»ΓÄ»ΓÄ»ΓÄ»ΓÄ»ΓÄ»ΓÄ»ΓÄ»ΓÄ»ΓÄ»ΓÄ»ΓÄ»ΓÄ»[106/161]ΓÄ»

 FAIL  packages/ui/tests/TimelineChart.test.tsx > Agent lane labels > renders a label for each agent
ReferenceError: document is not defined
 Γ¥» render packages/ui/node_modules/@testing-library/react/dist/pure.js:239:5
 Γ¥» renderChart packages/ui/tests/TimelineChart.test.tsx:130:10
    128|     ...props,
    129|   };
    130|   return render(<TimelineChart {...defaultProps} />);
       |          ^
    131| }
    132|
 Γ¥» packages/ui/tests/TimelineChart.test.tsx:182:5

ΓÄ»ΓÄ»ΓÄ»ΓÄ»ΓÄ»ΓÄ»ΓÄ»ΓÄ»ΓÄ»ΓÄ»ΓÄ»ΓÄ»ΓÄ»ΓÄ»ΓÄ»ΓÄ»ΓÄ»ΓÄ»ΓÄ»ΓÄ»[107/161]ΓÄ»

 FAIL  packages/ui/tests/TimelineChart.test.tsx > Agent lane labels > displays agent names
ReferenceError: document is not defined
 Γ¥» render packages/ui/node_modules/@testing-library/react/dist/pure.js:239:5
 Γ¥» renderChart packages/ui/tests/TimelineChart.test.tsx:130:10
    128|     ...props,
    129|   };
    130|   return render(<TimelineChart {...defaultProps} />);
       |          ^
    131| }
    132|
 Γ¥» packages/ui/tests/TimelineChart.test.tsx:190:5

ΓÄ»ΓÄ»ΓÄ»ΓÄ»ΓÄ»ΓÄ»ΓÄ»ΓÄ»ΓÄ»ΓÄ»ΓÄ»ΓÄ»ΓÄ»ΓÄ»ΓÄ»ΓÄ»ΓÄ»ΓÄ»ΓÄ»ΓÄ»[108/161]ΓÄ»

 FAIL  packages/ui/tests/TimelineChart.test.tsx > Agent lane labels > renders agent color dots
ReferenceError: document is not defined
 Γ¥» render packages/ui/node_modules/@testing-library/react/dist/pure.js:239:5
 Γ¥» renderChart packages/ui/tests/TimelineChart.test.tsx:130:10
    128|     ...props,
    129|   };
    130|   return render(<TimelineChart {...defaultProps} />);
       |          ^
    131| }
    132|
 Γ¥» packages/ui/tests/TimelineChart.test.tsx:197:5

ΓÄ»ΓÄ»ΓÄ»ΓÄ»ΓÄ»ΓÄ»ΓÄ»ΓÄ»ΓÄ»ΓÄ»ΓÄ»ΓÄ»ΓÄ»ΓÄ»ΓÄ»ΓÄ»ΓÄ»ΓÄ»ΓÄ»ΓÄ»[109/161]ΓÄ»

 FAIL  packages/ui/tests/TimelineChart.test.tsx > Agent lanes > renders a lane for each agent
ReferenceError: document is not defined
 Γ¥» render packages/ui/node_modules/@testing-library/react/dist/pure.js:239:5
 Γ¥» renderChart packages/ui/tests/TimelineChart.test.tsx:130:10
    128|     ...props,
    129|   };
    130|   return render(<TimelineChart {...defaultProps} />);
       |          ^
    131| }
    132|
 Γ¥» packages/ui/tests/TimelineChart.test.tsx:210:5

ΓÄ»ΓÄ»ΓÄ»ΓÄ»ΓÄ»ΓÄ»ΓÄ»ΓÄ»ΓÄ»ΓÄ»ΓÄ»ΓÄ»ΓÄ»ΓÄ»ΓÄ»ΓÄ»ΓÄ»ΓÄ»ΓÄ»ΓÄ»[110/161]ΓÄ»

 FAIL  packages/ui/tests/TimelineChart.test.tsx > Event blocks > renders event blocks for duration events
ReferenceError: document is not defined
 Γ¥» render packages/ui/node_modules/@testing-library/react/dist/pure.js:239:5
 Γ¥» renderChart packages/ui/tests/TimelineChart.test.tsx:130:10
    128|     ...props,
    129|   };
    130|   return render(<TimelineChart {...defaultProps} />);
       |          ^
    131| }
    132|
 Γ¥» packages/ui/tests/TimelineChart.test.tsx:222:5

ΓÄ»ΓÄ»ΓÄ»ΓÄ»ΓÄ»ΓÄ»ΓÄ»ΓÄ»ΓÄ»ΓÄ»ΓÄ»ΓÄ»ΓÄ»ΓÄ»ΓÄ»ΓÄ»ΓÄ»ΓÄ»ΓÄ»ΓÄ»[111/161]ΓÄ»

 FAIL  packages/ui/tests/TimelineChart.test.tsx > Event blocks > has accessible aria-label on event blocks
ReferenceError: document is not defined
 Γ¥» render packages/ui/node_modules/@testing-library/react/dist/pure.js:239:5
 Γ¥» renderChart packages/ui/tests/TimelineChart.test.tsx:130:10
    128|     ...props,
    129|   };
    130|   return render(<TimelineChart {...defaultProps} />);
       |          ^
    131| }
    132|
 Γ¥» packages/ui/tests/TimelineChart.test.tsx:231:5

ΓÄ»ΓÄ»ΓÄ»ΓÄ»ΓÄ»ΓÄ»ΓÄ»ΓÄ»ΓÄ»ΓÄ»ΓÄ»ΓÄ»ΓÄ»ΓÄ»ΓÄ»ΓÄ»ΓÄ»ΓÄ»ΓÄ»ΓÄ»[112/161]ΓÄ»

 FAIL  packages/ui/tests/TimelineChart.test.tsx > Event blocks > applies correct CSS class for event type
ReferenceError: document is not defined
 Γ¥» render packages/ui/node_modules/@testing-library/react/dist/pure.js:239:5
 Γ¥» renderChart packages/ui/tests/TimelineChart.test.tsx:130:10
    128|     ...props,
    129|   };
    130|   return render(<TimelineChart {...defaultProps} />);
       |          ^
    131| }
    132|
 Γ¥» packages/ui/tests/TimelineChart.test.tsx:239:5

ΓÄ»ΓÄ»ΓÄ»ΓÄ»ΓÄ»ΓÄ»ΓÄ»ΓÄ»ΓÄ»ΓÄ»ΓÄ»ΓÄ»ΓÄ»ΓÄ»ΓÄ»ΓÄ»ΓÄ»ΓÄ»ΓÄ»ΓÄ»[113/161]ΓÄ»

 FAIL  packages/ui/tests/TimelineChart.test.tsx > Event blocks > fires onEventSelect when clicked
ReferenceError: document is not defined
 Γ¥» render packages/ui/node_modules/@testing-library/react/dist/pure.js:239:5
 Γ¥» renderChart packages/ui/tests/TimelineChart.test.tsx:130:10
    128|     ...props,
    129|   };
    130|   return render(<TimelineChart {...defaultProps} />);
       |          ^
    131| }
    132|
 Γ¥» packages/ui/tests/TimelineChart.test.tsx:246:5

ΓÄ»ΓÄ»ΓÄ»ΓÄ»ΓÄ»ΓÄ»ΓÄ»ΓÄ»ΓÄ»ΓÄ»ΓÄ»ΓÄ»ΓÄ»ΓÄ»ΓÄ»ΓÄ»ΓÄ»ΓÄ»ΓÄ»ΓÄ»[114/161]ΓÄ»

 FAIL  packages/ui/tests/TimelineChart.test.tsx > Event blocks > does not fire onEventSelect in readOnly mode
ReferenceError: document is not defined
 Γ¥» render packages/ui/node_modules/@testing-library/react/dist/pure.js:239:5
 Γ¥» renderChart packages/ui/tests/TimelineChart.test.tsx:130:10
    128|     ...props,
    129|   };
    130|   return render(<TimelineChart {...defaultProps} />);
       |          ^
    131| }
    132|
 Γ¥» packages/ui/tests/TimelineChart.test.tsx:254:5

ΓÄ»ΓÄ»ΓÄ»ΓÄ»ΓÄ»ΓÄ»ΓÄ»ΓÄ»ΓÄ»ΓÄ»ΓÄ»ΓÄ»ΓÄ»ΓÄ»ΓÄ»ΓÄ»ΓÄ»ΓÄ»ΓÄ»ΓÄ»[115/161]ΓÄ»

 FAIL  packages/ui/tests/TimelineChart.test.tsx > Event blocks > shows selection ring when event is selected
ReferenceError: document is not defined
 Γ¥» render packages/ui/node_modules/@testing-library/react/dist/pure.js:239:5
 Γ¥» renderChart packages/ui/tests/TimelineChart.test.tsx:130:10
    128|     ...props,
    129|   };
    130|   return render(<TimelineChart {...defaultProps} />);
       |          ^
    131| }
    132|
 Γ¥» packages/ui/tests/TimelineChart.test.tsx:262:5

ΓÄ»ΓÄ»ΓÄ»ΓÄ»ΓÄ»ΓÄ»ΓÄ»ΓÄ»ΓÄ»ΓÄ»ΓÄ»ΓÄ»ΓÄ»ΓÄ»ΓÄ»ΓÄ»ΓÄ»ΓÄ»ΓÄ»ΓÄ»[116/161]ΓÄ»

 FAIL  packages/ui/tests/TimelineChart.test.tsx > Event blocks > does not show selection ring for unselected events
ReferenceError: document is not defined
 Γ¥» render packages/ui/node_modules/@testing-library/react/dist/pure.js:239:5
 Γ¥» renderChart packages/ui/tests/TimelineChart.test.tsx:130:10
    128|     ...props,
    129|   };
    130|   return render(<TimelineChart {...defaultProps} />);
       |          ^
    131| }
    132|
 Γ¥» packages/ui/tests/TimelineChart.test.tsx:270:5

ΓÄ»ΓÄ»ΓÄ»ΓÄ»ΓÄ»ΓÄ»ΓÄ»ΓÄ»ΓÄ»ΓÄ»ΓÄ»ΓÄ»ΓÄ»ΓÄ»ΓÄ»ΓÄ»ΓÄ»ΓÄ»ΓÄ»ΓÄ»[117/161]ΓÄ»

 FAIL  packages/ui/tests/TimelineChart.test.tsx > Event markers > renders markers for task-start and task-complete events
ReferenceError: document is not defined
 Γ¥» render packages/ui/node_modules/@testing-library/react/dist/pure.js:239:5
 Γ¥» renderChart packages/ui/tests/TimelineChart.test.tsx:130:10
    128|     ...props,
    129|   };
    130|   return render(<TimelineChart {...defaultProps} />);
       |          ^
    131| }
    132|
 Γ¥» packages/ui/tests/TimelineChart.test.tsx:282:5

ΓÄ»ΓÄ»ΓÄ»ΓÄ»ΓÄ»ΓÄ»ΓÄ»ΓÄ»ΓÄ»ΓÄ»ΓÄ»ΓÄ»ΓÄ»ΓÄ»ΓÄ»ΓÄ»ΓÄ»ΓÄ»ΓÄ»ΓÄ»[118/161]ΓÄ»

 FAIL  packages/ui/tests/TimelineChart.test.tsx > Event markers > has accessible aria-label on markers
ReferenceError: document is not defined
 Γ¥» render packages/ui/node_modules/@testing-library/react/dist/pure.js:239:5
 Γ¥» renderChart packages/ui/tests/TimelineChart.test.tsx:130:10
    128|     ...props,
    129|   };
    130|   return render(<TimelineChart {...defaultProps} />);
       |          ^
    131| }
    132|
 Γ¥» packages/ui/tests/TimelineChart.test.tsx:288:5

ΓÄ»ΓÄ»ΓÄ»ΓÄ»ΓÄ»ΓÄ»ΓÄ»ΓÄ»ΓÄ»ΓÄ»ΓÄ»ΓÄ»ΓÄ»ΓÄ»ΓÄ»ΓÄ»ΓÄ»ΓÄ»ΓÄ»ΓÄ»[119/161]ΓÄ»

 FAIL  packages/ui/tests/TimelineChart.test.tsx > Event markers > fires onEventSelect when marker is clicked
ReferenceError: document is not defined
 Γ¥» render packages/ui/node_modules/@testing-library/react/dist/pure.js:239:5
 Γ¥» renderChart packages/ui/tests/TimelineChart.test.tsx:130:10
    128|     ...props,
    129|   };
    130|   return render(<TimelineChart {...defaultProps} />);
       |          ^
    131| }
    132|
 Γ¥» packages/ui/tests/TimelineChart.test.tsx:297:5

ΓÄ»ΓÄ»ΓÄ»ΓÄ»ΓÄ»ΓÄ»ΓÄ»ΓÄ»ΓÄ»ΓÄ»ΓÄ»ΓÄ»ΓÄ»ΓÄ»ΓÄ»ΓÄ»ΓÄ»ΓÄ»ΓÄ»ΓÄ»[120/161]ΓÄ»

 FAIL  packages/ui/tests/TimelineChart.test.tsx > Time axis > renders the time axis
ReferenceError: document is not defined
 Γ¥» render packages/ui/node_modules/@testing-library/react/dist/pure.js:239:5
 Γ¥» renderChart packages/ui/tests/TimelineChart.test.tsx:130:10
    128|     ...props,
    129|   };
    130|   return render(<TimelineChart {...defaultProps} />);
       |          ^
    131| }
    132|
 Γ¥» packages/ui/tests/TimelineChart.test.tsx:309:5

ΓÄ»ΓÄ»ΓÄ»ΓÄ»ΓÄ»ΓÄ»ΓÄ»ΓÄ»ΓÄ»ΓÄ»ΓÄ»ΓÄ»ΓÄ»ΓÄ»ΓÄ»ΓÄ»ΓÄ»ΓÄ»ΓÄ»ΓÄ»[121/161]ΓÄ»

 FAIL  packages/ui/tests/TimelineChart.test.tsx > Playhead > does not render playhead when playheadMs is undefined
ReferenceError: document is not defined
 Γ¥» render packages/ui/node_modules/@testing-library/react/dist/pure.js:239:5
 Γ¥» renderChart packages/ui/tests/TimelineChart.test.tsx:130:10
    128|     ...props,
    129|   };
    130|   return render(<TimelineChart {...defaultProps} />);
       |          ^
    131| }
    132|
 Γ¥» packages/ui/tests/TimelineChart.test.tsx:319:5

ΓÄ»ΓÄ»ΓÄ»ΓÄ»ΓÄ»ΓÄ»ΓÄ»ΓÄ»ΓÄ»ΓÄ»ΓÄ»ΓÄ»ΓÄ»ΓÄ»ΓÄ»ΓÄ»ΓÄ»ΓÄ»ΓÄ»ΓÄ»[122/161]ΓÄ»

 FAIL  packages/ui/tests/TimelineChart.test.tsx > Playhead > renders playhead when playheadMs is provided
ReferenceError: document is not defined
 Γ¥» render packages/ui/node_modules/@testing-library/react/dist/pure.js:239:5
 Γ¥» renderChart packages/ui/tests/TimelineChart.test.tsx:130:10
    128|     ...props,
    129|   };
    130|   return render(<TimelineChart {...defaultProps} />);
       |          ^
    131| }
    132|
 Γ¥» packages/ui/tests/TimelineChart.test.tsx:324:5

ΓÄ»ΓÄ»ΓÄ»ΓÄ»ΓÄ»ΓÄ»ΓÄ»ΓÄ»ΓÄ»ΓÄ»ΓÄ»ΓÄ»ΓÄ»ΓÄ»ΓÄ»ΓÄ»ΓÄ»ΓÄ»ΓÄ»ΓÄ»[123/161]ΓÄ»

 FAIL  packages/ui/tests/TimelineChart.test.tsx > Playhead > playhead has slider role for accessibility
ReferenceError: document is not defined
 Γ¥» render packages/ui/node_modules/@testing-library/react/dist/pure.js:239:5
 Γ¥» renderChart packages/ui/tests/TimelineChart.test.tsx:130:10
    128|     ...props,
    129|   };
    130|   return render(<TimelineChart {...defaultProps} />);
       |          ^
    131| }
    132|
 Γ¥» packages/ui/tests/TimelineChart.test.tsx:329:5

ΓÄ»ΓÄ»ΓÄ»ΓÄ»ΓÄ»ΓÄ»ΓÄ»ΓÄ»ΓÄ»ΓÄ»ΓÄ»ΓÄ»ΓÄ»ΓÄ»ΓÄ»ΓÄ»ΓÄ»ΓÄ»ΓÄ»ΓÄ»[124/161]ΓÄ»

 FAIL  packages/ui/tests/TimelineChart.test.tsx > Live events > renders pulsing indicator for live events
ReferenceError: document is not defined
 Γ¥» render packages/ui/node_modules/@testing-library/react/dist/pure.js:239:5
 Γ¥» renderChart packages/ui/tests/TimelineChart.test.tsx:130:10
    128|     ...props,
    129|   };
    130|   return render(<TimelineChart {...defaultProps} />);
       |          ^
    131| }
    132|
 Γ¥» packages/ui/tests/TimelineChart.test.tsx:439:5

ΓÄ»ΓÄ»ΓÄ»ΓÄ»ΓÄ»ΓÄ»ΓÄ»ΓÄ»ΓÄ»ΓÄ»ΓÄ»ΓÄ»ΓÄ»ΓÄ»ΓÄ»ΓÄ»ΓÄ»ΓÄ»ΓÄ»ΓÄ»[125/161]ΓÄ»

 FAIL  packages/ui/tests/Tooltip.test.tsx > Tooltip > renders children
ReferenceError: document is not defined
 Γ¥» render packages/ui/node_modules/@testing-library/react/dist/pure.js:239:5
 Γ¥» packages/ui/tests/Tooltip.test.tsx:7:5
      5| describe('Tooltip', () => {
      6|   it('renders children', () => {
      7|     render(<Tooltip label="Help text">Hover me</Tooltip>);
       |     ^
      8|     expect(screen.getByText('Hover me')).toBeInTheDocument();
      9|   });

ΓÄ»ΓÄ»ΓÄ»ΓÄ»ΓÄ»ΓÄ»ΓÄ»ΓÄ»ΓÄ»ΓÄ»ΓÄ»ΓÄ»ΓÄ»ΓÄ»ΓÄ»ΓÄ»ΓÄ»ΓÄ»ΓÄ»ΓÄ»[126/161]ΓÄ»

 FAIL  packages/ui/tests/Tooltip.test.tsx > Tooltip > renders tooltip label text
ReferenceError: document is not defined
 Γ¥» render packages/ui/node_modules/@testing-library/react/dist/pure.js:239:5
 Γ¥» packages/ui/tests/Tooltip.test.tsx:12:5
     10|
     11|   it('renders tooltip label text', () => {
     12|     render(<Tooltip label="Help text">Trigger</Tooltip>);
       |     ^
     13|     expect(screen.getByRole('tooltip')).toHaveTextContent('Help text');
     14|   });

ΓÄ»ΓÄ»ΓÄ»ΓÄ»ΓÄ»ΓÄ»ΓÄ»ΓÄ»ΓÄ»ΓÄ»ΓÄ»ΓÄ»ΓÄ»ΓÄ»ΓÄ»ΓÄ»ΓÄ»ΓÄ»ΓÄ»ΓÄ»[127/161]ΓÄ»

 FAIL  packages/ui/tests/Tooltip.test.tsx > Tooltip > tooltip is hidden by default (opacity-0)
ReferenceError: document is not defined
 Γ¥» render packages/ui/node_modules/@testing-library/react/dist/pure.js:239:5
 Γ¥» packages/ui/tests/Tooltip.test.tsx:17:5
     15|
     16|   it('tooltip is hidden by default (opacity-0)', () => {
     17|     render(<Tooltip label="Info">Trigger</Tooltip>);
       |     ^
     18|     expect(screen.getByRole('tooltip').className).toContain('opacity-0ΓÇª
     19|   });

ΓÄ»ΓÄ»ΓÄ»ΓÄ»ΓÄ»ΓÄ»ΓÄ»ΓÄ»ΓÄ»ΓÄ»ΓÄ»ΓÄ»ΓÄ»ΓÄ»ΓÄ»ΓÄ»ΓÄ»ΓÄ»ΓÄ»ΓÄ»[128/161]ΓÄ»

 FAIL  packages/ui/tests/Tooltip.test.tsx > Tooltip > applies top placement by default
ReferenceError: document is not defined
 Γ¥» render packages/ui/node_modules/@testing-library/react/dist/pure.js:239:5
 Γ¥» packages/ui/tests/Tooltip.test.tsx:22:5
     20|
     21|   it('applies top placement by default', () => {
     22|     render(<Tooltip label="Info">Trigger</Tooltip>);
       |     ^
     23|     expect(screen.getByRole('tooltip').className).toContain('bottom-fuΓÇª
     24|   });

ΓÄ»ΓÄ»ΓÄ»ΓÄ»ΓÄ»ΓÄ»ΓÄ»ΓÄ»ΓÄ»ΓÄ»ΓÄ»ΓÄ»ΓÄ»ΓÄ»ΓÄ»ΓÄ»ΓÄ»ΓÄ»ΓÄ»ΓÄ»[129/161]ΓÄ»

 FAIL  packages/ui/tests/Tooltip.test.tsx > Tooltip > applies bottom placement
ReferenceError: document is not defined
 Γ¥» render packages/ui/node_modules/@testing-library/react/dist/pure.js:239:5
 Γ¥» packages/ui/tests/Tooltip.test.tsx:27:5
     25|
     26|   it('applies bottom placement', () => {
     27|     render(<Tooltip label="Info" placement="bottom">Trigger</Tooltip>);
       |     ^
     28|     expect(screen.getByRole('tooltip').className).toContain('top-full'ΓÇª
     29|   });

ΓÄ»ΓÄ»ΓÄ»ΓÄ»ΓÄ»ΓÄ»ΓÄ»ΓÄ»ΓÄ»ΓÄ»ΓÄ»ΓÄ»ΓÄ»ΓÄ»ΓÄ»ΓÄ»ΓÄ»ΓÄ»ΓÄ»ΓÄ»[130/161]ΓÄ»

 FAIL  packages/ui/tests/Tooltip.test.tsx > Tooltip > applies left placement
ReferenceError: document is not defined
 Γ¥» render packages/ui/node_modules/@testing-library/react/dist/pure.js:239:5
 Γ¥» packages/ui/tests/Tooltip.test.tsx:32:5
     30|
     31|   it('applies left placement', () => {
     32|     render(<Tooltip label="Info" placement="left">Trigger</Tooltip>);
       |     ^
     33|     expect(screen.getByRole('tooltip').className).toContain('right-fulΓÇª
     34|   });

ΓÄ»ΓÄ»ΓÄ»ΓÄ»ΓÄ»ΓÄ»ΓÄ»ΓÄ»ΓÄ»ΓÄ»ΓÄ»ΓÄ»ΓÄ»ΓÄ»ΓÄ»ΓÄ»ΓÄ»ΓÄ»ΓÄ»ΓÄ»[131/161]ΓÄ»

 FAIL  packages/ui/tests/Tooltip.test.tsx > Tooltip > applies right placement
ReferenceError: document is not defined
 Γ¥» render packages/ui/node_modules/@testing-library/react/dist/pure.js:239:5
 Γ¥» packages/ui/tests/Tooltip.test.tsx:37:5
     35|
     36|   it('applies right placement', () => {
     37|     render(<Tooltip label="Info" placement="right">Trigger</Tooltip>);
       |     ^
     38|     expect(screen.getByRole('tooltip').className).toContain('left-fullΓÇª
     39|   });

ΓÄ»ΓÄ»ΓÄ»ΓÄ»ΓÄ»ΓÄ»ΓÄ»ΓÄ»ΓÄ»ΓÄ»ΓÄ»ΓÄ»ΓÄ»ΓÄ»ΓÄ»ΓÄ»ΓÄ»ΓÄ»ΓÄ»ΓÄ»[132/161]ΓÄ»

 FAIL  packages/ui/tests/WorkflowCanvas.test.tsx > WorkflowCanvas > renders the canvas root with correct testid
ReferenceError: document is not defined
 Γ¥» Proxy.render packages/ui/node_modules/@testing-library/react/dist/pure.js:239:5
 Γ¥» renderCanvas packages/ui/tests/WorkflowCanvas.test.tsx:125:10
    123|
    124| function renderCanvas(props: Partial<WorkflowCanvasProps> = {}) {
    125|   return render(
       |          ^
    126|     <div style={{ width: 800, height: 600 }}>
    127|       <WorkflowCanvas {...(props as any)} />
 Γ¥» packages/ui/tests/WorkflowCanvas.test.tsx:141:5

ΓÄ»ΓÄ»ΓÄ»ΓÄ»ΓÄ»ΓÄ»ΓÄ»ΓÄ»ΓÄ»ΓÄ»ΓÄ»ΓÄ»ΓÄ»ΓÄ»ΓÄ»ΓÄ»ΓÄ»ΓÄ»ΓÄ»ΓÄ»[133/161]ΓÄ»

 FAIL  packages/ui/tests/WorkflowCanvas.test.tsx > WorkflowCanvas > applies the cs-canvas class
ReferenceError: document is not defined
 Γ¥» Proxy.render packages/ui/node_modules/@testing-library/react/dist/pure.js:239:5
 Γ¥» renderCanvas packages/ui/tests/WorkflowCanvas.test.tsx:125:10
    123|
    124| function renderCanvas(props: Partial<WorkflowCanvasProps> = {}) {
    125|   return render(
       |          ^
    126|     <div style={{ width: 800, height: 600 }}>
    127|       <WorkflowCanvas {...(props as any)} />
 Γ¥» packages/ui/tests/WorkflowCanvas.test.tsx:146:5

ΓÄ»ΓÄ»ΓÄ»ΓÄ»ΓÄ»ΓÄ»ΓÄ»ΓÄ»ΓÄ»ΓÄ»ΓÄ»ΓÄ»ΓÄ»ΓÄ»ΓÄ»ΓÄ»ΓÄ»ΓÄ»ΓÄ»ΓÄ»[134/161]ΓÄ»

 FAIL  packages/ui/tests/WorkflowCanvas.test.tsx > WorkflowCanvas > merges custom className
ReferenceError: document is not defined
 Γ¥» Proxy.render packages/ui/node_modules/@testing-library/react/dist/pure.js:239:5
 Γ¥» renderCanvas packages/ui/tests/WorkflowCanvas.test.tsx:125:10
    123|
    124| function renderCanvas(props: Partial<WorkflowCanvasProps> = {}) {
    125|   return render(
       |          ^
    126|     <div style={{ width: 800, height: 600 }}>
    127|       <WorkflowCanvas {...(props as any)} />
 Γ¥» packages/ui/tests/WorkflowCanvas.test.tsx:152:5

ΓÄ»ΓÄ»ΓÄ»ΓÄ»ΓÄ»ΓÄ»ΓÄ»ΓÄ»ΓÄ»ΓÄ»ΓÄ»ΓÄ»ΓÄ»ΓÄ»ΓÄ»ΓÄ»ΓÄ»ΓÄ»ΓÄ»ΓÄ»[135/161]ΓÄ»

 FAIL  packages/ui/tests/WorkflowCanvas.test.tsx > WorkflowCanvas > passes nodes to ReactFlow
ReferenceError: document is not defined
 Γ¥» Proxy.render packages/ui/node_modules/@testing-library/react/dist/pure.js:239:5
 Γ¥» renderCanvas packages/ui/tests/WorkflowCanvas.test.tsx:125:10
    123|
    124| function renderCanvas(props: Partial<WorkflowCanvasProps> = {}) {
    125|   return render(
       |          ^
    126|     <div style={{ width: 800, height: 600 }}>
    127|       <WorkflowCanvas {...(props as any)} />
 Γ¥» packages/ui/tests/WorkflowCanvas.test.tsx:159:5

ΓÄ»ΓÄ»ΓÄ»ΓÄ»ΓÄ»ΓÄ»ΓÄ»ΓÄ»ΓÄ»ΓÄ»ΓÄ»ΓÄ»ΓÄ»ΓÄ»ΓÄ»ΓÄ»ΓÄ»ΓÄ»ΓÄ»ΓÄ»[136/161]ΓÄ»

 FAIL  packages/ui/tests/WorkflowCanvas.test.tsx > WorkflowCanvas > passes edges to ReactFlow
ReferenceError: document is not defined
 Γ¥» Proxy.render packages/ui/node_modules/@testing-library/react/dist/pure.js:239:5
 Γ¥» renderCanvas packages/ui/tests/WorkflowCanvas.test.tsx:125:10
    123|
    124| function renderCanvas(props: Partial<WorkflowCanvasProps> = {}) {
    125|   return render(
       |          ^
    126|     <div style={{ width: 800, height: 600 }}>
    127|       <WorkflowCanvas {...(props as any)} />
 Γ¥» packages/ui/tests/WorkflowCanvas.test.tsx:167:5

ΓÄ»ΓÄ»ΓÄ»ΓÄ»ΓÄ»ΓÄ»ΓÄ»ΓÄ»ΓÄ»ΓÄ»ΓÄ»ΓÄ»ΓÄ»ΓÄ»ΓÄ»ΓÄ»ΓÄ»ΓÄ»ΓÄ»ΓÄ»[137/161]ΓÄ»

 FAIL  packages/ui/tests/WorkflowCanvas.test.tsx > WorkflowCanvas > enables snap-to-grid
ReferenceError: document is not defined
 Γ¥» Proxy.render packages/ui/node_modules/@testing-library/react/dist/pure.js:239:5
 Γ¥» renderCanvas packages/ui/tests/WorkflowCanvas.test.tsx:125:10
    123|
    124| function renderCanvas(props: Partial<WorkflowCanvasProps> = {}) {
    125|   return render(
       |          ^
    126|     <div style={{ width: 800, height: 600 }}>
    127|       <WorkflowCanvas {...(props as any)} />
 Γ¥» packages/ui/tests/WorkflowCanvas.test.tsx:173:5

ΓÄ»ΓÄ»ΓÄ»ΓÄ»ΓÄ»ΓÄ»ΓÄ»ΓÄ»ΓÄ»ΓÄ»ΓÄ»ΓÄ»ΓÄ»ΓÄ»ΓÄ»ΓÄ»ΓÄ»ΓÄ»ΓÄ»ΓÄ»[138/161]ΓÄ»

 FAIL  packages/ui/tests/WorkflowCanvas.test.tsx > WorkflowCanvas > sets min/max zoom from config
ReferenceError: document is not defined
 Γ¥» Proxy.render packages/ui/node_modules/@testing-library/react/dist/pure.js:239:5
 Γ¥» renderCanvas packages/ui/tests/WorkflowCanvas.test.tsx:125:10
    123|
    124| function renderCanvas(props: Partial<WorkflowCanvasProps> = {}) {
    125|   return render(
       |          ^
    126|     <div style={{ width: 800, height: 600 }}>
    127|       <WorkflowCanvas {...(props as any)} />
 Γ¥» packages/ui/tests/WorkflowCanvas.test.tsx:179:5

ΓÄ»ΓÄ»ΓÄ»ΓÄ»ΓÄ»ΓÄ»ΓÄ»ΓÄ»ΓÄ»ΓÄ»ΓÄ»ΓÄ»ΓÄ»ΓÄ»ΓÄ»ΓÄ»ΓÄ»ΓÄ»ΓÄ»ΓÄ»[139/161]ΓÄ»

 FAIL  packages/ui/tests/WorkflowCanvas.test.tsx > WorkflowCanvas > disables dragging in readOnly mode
ReferenceError: document is not defined
 Γ¥» Proxy.render packages/ui/node_modules/@testing-library/react/dist/pure.js:239:5
 Γ¥» renderCanvas packages/ui/tests/WorkflowCanvas.test.tsx:125:10
    123|
    124| function renderCanvas(props: Partial<WorkflowCanvasProps> = {}) {
    125|   return render(
       |          ^
    126|     <div style={{ width: 800, height: 600 }}>
    127|       <WorkflowCanvas {...(props as any)} />
 Γ¥» packages/ui/tests/WorkflowCanvas.test.tsx:186:5

ΓÄ»ΓÄ»ΓÄ»ΓÄ»ΓÄ»ΓÄ»ΓÄ»ΓÄ»ΓÄ»ΓÄ»ΓÄ»ΓÄ»ΓÄ»ΓÄ»ΓÄ»ΓÄ»ΓÄ»ΓÄ»ΓÄ»ΓÄ»[140/161]ΓÄ»

 FAIL  packages/ui/tests/WorkflowCanvas.test.tsx > WorkflowNode > renders all four node types with correct testids
ReferenceError: document is not defined
 Γ¥» Proxy.render packages/ui/node_modules/@testing-library/react/dist/pure.js:239:5
 Γ¥» renderCanvas packages/ui/tests/WorkflowCanvas.test.tsx:125:10
    123|
    124| function renderCanvas(props: Partial<WorkflowCanvasProps> = {}) {
    125|   return render(
       |          ^
    126|     <div style={{ width: 800, height: 600 }}>
    127|       <WorkflowCanvas {...(props as any)} />
 Γ¥» packages/ui/tests/WorkflowCanvas.test.tsx:203:5

ΓÄ»ΓÄ»ΓÄ»ΓÄ»ΓÄ»ΓÄ»ΓÄ»ΓÄ»ΓÄ»ΓÄ»ΓÄ»ΓÄ»ΓÄ»ΓÄ»ΓÄ»ΓÄ»ΓÄ»ΓÄ»ΓÄ»ΓÄ»[141/161]ΓÄ»

 FAIL  packages/ui/tests/WorkflowCanvas.test.tsx > WorkflowNode > displays the node label
ReferenceError: document is not defined
 Γ¥» Proxy.render packages/ui/node_modules/@testing-library/react/dist/pure.js:239:5
 Γ¥» renderCanvas packages/ui/tests/WorkflowCanvas.test.tsx:125:10
    123|
    124| function renderCanvas(props: Partial<WorkflowCanvasProps> = {}) {
    125|   return render(
       |          ^
    126|     <div style={{ width: 800, height: 600 }}>
    127|       <WorkflowCanvas {...(props as any)} />
 Γ¥» packages/ui/tests/WorkflowCanvas.test.tsx:212:5

ΓÄ»ΓÄ»ΓÄ»ΓÄ»ΓÄ»ΓÄ»ΓÄ»ΓÄ»ΓÄ»ΓÄ»ΓÄ»ΓÄ»ΓÄ»ΓÄ»ΓÄ»ΓÄ»ΓÄ»ΓÄ»ΓÄ»ΓÄ»[142/161]ΓÄ»

 FAIL  packages/ui/tests/WorkflowCanvas.test.tsx > WorkflowNode > renders description when provided
ReferenceError: document is not defined
 Γ¥» Proxy.render packages/ui/node_modules/@testing-library/react/dist/pure.js:239:5
 Γ¥» renderCanvas packages/ui/tests/WorkflowCanvas.test.tsx:125:10
    123|
    124| function renderCanvas(props: Partial<WorkflowCanvasProps> = {}) {
    125|   return render(
       |          ^
    126|     <div style={{ width: 800, height: 600 }}>
    127|       <WorkflowCanvas {...(props as any)} />
 Γ¥» packages/ui/tests/WorkflowCanvas.test.tsx:227:5

ΓÄ»ΓÄ»ΓÄ»ΓÄ»ΓÄ»ΓÄ»ΓÄ»ΓÄ»ΓÄ»ΓÄ»ΓÄ»ΓÄ»ΓÄ»ΓÄ»ΓÄ»ΓÄ»ΓÄ»ΓÄ»ΓÄ»ΓÄ»[143/161]ΓÄ»

 FAIL  packages/ui/tests/WorkflowCanvas.test.tsx > WorkflowNode > hides description area when not provided
ReferenceError: document is not defined
 Γ¥» Proxy.render packages/ui/node_modules/@testing-library/react/dist/pure.js:239:5
 Γ¥» renderCanvas packages/ui/tests/WorkflowCanvas.test.tsx:125:10
    123|
    124| function renderCanvas(props: Partial<WorkflowCanvasProps> = {}) {
    125|   return render(
       |          ^
    126|     <div style={{ width: 800, height: 600 }}>
    127|       <WorkflowCanvas {...(props as any)} />
 Γ¥» packages/ui/tests/WorkflowCanvas.test.tsx:233:5

ΓÄ»ΓÄ»ΓÄ»ΓÄ»ΓÄ»ΓÄ»ΓÄ»ΓÄ»ΓÄ»ΓÄ»ΓÄ»ΓÄ»ΓÄ»ΓÄ»ΓÄ»ΓÄ»ΓÄ»ΓÄ»ΓÄ»ΓÄ»[144/161]ΓÄ»

 FAIL  packages/ui/tests/WorkflowCanvas.test.tsx > WorkflowNode > shows status badge for running nodes
ReferenceError: document is not defined
 Γ¥» Proxy.render packages/ui/node_modules/@testing-library/react/dist/pure.js:239:5
 Γ¥» renderCanvas packages/ui/tests/WorkflowCanvas.test.tsx:125:10
    123|
    124| function renderCanvas(props: Partial<WorkflowCanvasProps> = {}) {
    125|   return render(
       |          ^
    126|     <div style={{ width: 800, height: 600 }}>
    127|       <WorkflowCanvas {...(props as any)} />
 Γ¥» packages/ui/tests/WorkflowCanvas.test.tsx:245:5

ΓÄ»ΓÄ»ΓÄ»ΓÄ»ΓÄ»ΓÄ»ΓÄ»ΓÄ»ΓÄ»ΓÄ»ΓÄ»ΓÄ»ΓÄ»ΓÄ»ΓÄ»ΓÄ»ΓÄ»ΓÄ»ΓÄ»ΓÄ»[145/161]ΓÄ»

 FAIL  packages/ui/tests/WorkflowCanvas.test.tsx > WorkflowNode > shows status badge for error nodes
ReferenceError: document is not defined
 Γ¥» Proxy.render packages/ui/node_modules/@testing-library/react/dist/pure.js:239:5
 Γ¥» renderCanvas packages/ui/tests/WorkflowCanvas.test.tsx:125:10
    123|
    124| function renderCanvas(props: Partial<WorkflowCanvasProps> = {}) {
    125|   return render(
       |          ^
    126|     <div style={{ width: 800, height: 600 }}>
    127|       <WorkflowCanvas {...(props as any)} />
 Γ¥» packages/ui/tests/WorkflowCanvas.test.tsx:255:5

ΓÄ»ΓÄ»ΓÄ»ΓÄ»ΓÄ»ΓÄ»ΓÄ»ΓÄ»ΓÄ»ΓÄ»ΓÄ»ΓÄ»ΓÄ»ΓÄ»ΓÄ»ΓÄ»ΓÄ»ΓÄ»ΓÄ»ΓÄ»[146/161]ΓÄ»

 FAIL  packages/ui/tests/WorkflowCanvas.test.tsx > WorkflowNode > hides status badge for idle nodes
ReferenceError: document is not defined
 Γ¥» Proxy.render packages/ui/node_modules/@testing-library/react/dist/pure.js:239:5
 Γ¥» renderCanvas packages/ui/tests/WorkflowCanvas.test.tsx:125:10
    123|
    124| function renderCanvas(props: Partial<WorkflowCanvasProps> = {}) {
    125|   return render(
       |          ^
    126|     <div style={{ width: 800, height: 600 }}>
    127|       <WorkflowCanvas {...(props as any)} />
 Γ¥» packages/ui/tests/WorkflowCanvas.test.tsx:261:5

ΓÄ»ΓÄ»ΓÄ»ΓÄ»ΓÄ»ΓÄ»ΓÄ»ΓÄ»ΓÄ»ΓÄ»ΓÄ»ΓÄ»ΓÄ»ΓÄ»ΓÄ»ΓÄ»ΓÄ»ΓÄ»ΓÄ»ΓÄ»[147/161]ΓÄ»

 FAIL  packages/ui/tests/WorkflowCanvas.test.tsx > WorkflowNode > renders connection handles (source and target)
ReferenceError: document is not defined
 Γ¥» Proxy.render packages/ui/node_modules/@testing-library/react/dist/pure.js:239:5
 Γ¥» renderCanvas packages/ui/tests/WorkflowCanvas.test.tsx:125:10
    123|
    124| function renderCanvas(props: Partial<WorkflowCanvasProps> = {}) {
    125|   return render(
       |          ^
    126|     <div style={{ width: 800, height: 600 }}>
    127|       <WorkflowCanvas {...(props as any)} />
 Γ¥» packages/ui/tests/WorkflowCanvas.test.tsx:268:5

ΓÄ»ΓÄ»ΓÄ»ΓÄ»ΓÄ»ΓÄ»ΓÄ»ΓÄ»ΓÄ»ΓÄ»ΓÄ»ΓÄ»ΓÄ»ΓÄ»ΓÄ»ΓÄ»ΓÄ»ΓÄ»ΓÄ»ΓÄ»[148/161]ΓÄ»

 FAIL  packages/ui/tests/WorkflowCanvas.test.tsx > WorkflowNode > has accessible aria-label on the node
ReferenceError: document is not defined
 Γ¥» Proxy.render packages/ui/node_modules/@testing-library/react/dist/pure.js:239:5
 Γ¥» renderCanvas packages/ui/tests/WorkflowCanvas.test.tsx:125:10
    123|
    124| function renderCanvas(props: Partial<WorkflowCanvasProps> = {}) {
    125|   return render(
       |          ^
    126|     <div style={{ width: 800, height: 600 }}>
    127|       <WorkflowCanvas {...(props as any)} />
 Γ¥» packages/ui/tests/WorkflowCanvas.test.tsx:275:5

ΓÄ»ΓÄ»ΓÄ»ΓÄ»ΓÄ»ΓÄ»ΓÄ»ΓÄ»ΓÄ»ΓÄ»ΓÄ»ΓÄ»ΓÄ»ΓÄ»ΓÄ»ΓÄ»ΓÄ»ΓÄ»ΓÄ»ΓÄ»[149/161]ΓÄ»

 FAIL  packages/ui/tests/WorkflowCanvas.test.tsx > Canvas sub-components > renders background by default
ReferenceError: document is not defined
 Γ¥» Proxy.render packages/ui/node_modules/@testing-library/react/dist/pure.js:239:5
 Γ¥» renderCanvas packages/ui/tests/WorkflowCanvas.test.tsx:125:10
    123|
    124| function renderCanvas(props: Partial<WorkflowCanvasProps> = {}) {
    125|   return render(
       |          ^
    126|     <div style={{ width: 800, height: 600 }}>
    127|       <WorkflowCanvas {...(props as any)} />
 Γ¥» packages/ui/tests/WorkflowCanvas.test.tsx:286:5

ΓÄ»ΓÄ»ΓÄ»ΓÄ»ΓÄ»ΓÄ»ΓÄ»ΓÄ»ΓÄ»ΓÄ»ΓÄ»ΓÄ»ΓÄ»ΓÄ»ΓÄ»ΓÄ»ΓÄ»ΓÄ»ΓÄ»ΓÄ»[150/161]ΓÄ»

 FAIL  packages/ui/tests/WorkflowCanvas.test.tsx > Canvas sub-components > background uses design token grid size
ReferenceError: document is not defined
 Γ¥» Proxy.render packages/ui/node_modules/@testing-library/react/dist/pure.js:239:5
 Γ¥» renderCanvas packages/ui/tests/WorkflowCanvas.test.tsx:125:10
    123|
    124| function renderCanvas(props: Partial<WorkflowCanvasProps> = {}) {
    125|   return render(
       |          ^
    126|     <div style={{ width: 800, height: 600 }}>
    127|       <WorkflowCanvas {...(props as any)} />
 Γ¥» packages/ui/tests/WorkflowCanvas.test.tsx:291:5

ΓÄ»ΓÄ»ΓÄ»ΓÄ»ΓÄ»ΓÄ»ΓÄ»ΓÄ»ΓÄ»ΓÄ»ΓÄ»ΓÄ»ΓÄ»ΓÄ»ΓÄ»ΓÄ»ΓÄ»ΓÄ»ΓÄ»ΓÄ»[151/161]ΓÄ»

 FAIL  packages/ui/tests/WorkflowCanvas.test.tsx > Canvas sub-components > renders controls by default
ReferenceError: document is not defined
 Γ¥» Proxy.render packages/ui/node_modules/@testing-library/react/dist/pure.js:239:5
 Γ¥» renderCanvas packages/ui/tests/WorkflowCanvas.test.tsx:125:10
    123|
    124| function renderCanvas(props: Partial<WorkflowCanvasProps> = {}) {
    125|   return render(
       |          ^
    126|     <div style={{ width: 800, height: 600 }}>
    127|       <WorkflowCanvas {...(props as any)} />
 Γ¥» packages/ui/tests/WorkflowCanvas.test.tsx:298:5

ΓÄ»ΓÄ»ΓÄ»ΓÄ»ΓÄ»ΓÄ»ΓÄ»ΓÄ»ΓÄ»ΓÄ»ΓÄ»ΓÄ»ΓÄ»ΓÄ»ΓÄ»ΓÄ»ΓÄ»ΓÄ»ΓÄ»ΓÄ»[152/161]ΓÄ»

 FAIL  packages/ui/tests/WorkflowCanvas.test.tsx > Canvas sub-components > hides controls when showControls=false
ReferenceError: document is not defined
 Γ¥» Proxy.render packages/ui/node_modules/@testing-library/react/dist/pure.js:239:5
 Γ¥» renderCanvas packages/ui/tests/WorkflowCanvas.test.tsx:125:10
    123|
    124| function renderCanvas(props: Partial<WorkflowCanvasProps> = {}) {
    125|   return render(
       |          ^
    126|     <div style={{ width: 800, height: 600 }}>
    127|       <WorkflowCanvas {...(props as any)} />
 Γ¥» packages/ui/tests/WorkflowCanvas.test.tsx:303:5

ΓÄ»ΓÄ»ΓÄ»ΓÄ»ΓÄ»ΓÄ»ΓÄ»ΓÄ»ΓÄ»ΓÄ»ΓÄ»ΓÄ»ΓÄ»ΓÄ»ΓÄ»ΓÄ»ΓÄ»ΓÄ»ΓÄ»ΓÄ»[153/161]ΓÄ»

 FAIL  packages/ui/tests/WorkflowCanvas.test.tsx > Canvas sub-components > renders minimap by default
ReferenceError: document is not defined
 Γ¥» Proxy.render packages/ui/node_modules/@testing-library/react/dist/pure.js:239:5
 Γ¥» renderCanvas packages/ui/tests/WorkflowCanvas.test.tsx:125:10
    123|
    124| function renderCanvas(props: Partial<WorkflowCanvasProps> = {}) {
    125|   return render(
       |          ^
    126|     <div style={{ width: 800, height: 600 }}>
    127|       <WorkflowCanvas {...(props as any)} />
 Γ¥» packages/ui/tests/WorkflowCanvas.test.tsx:308:5

ΓÄ»ΓÄ»ΓÄ»ΓÄ»ΓÄ»ΓÄ»ΓÄ»ΓÄ»ΓÄ»ΓÄ»ΓÄ»ΓÄ»ΓÄ»ΓÄ»ΓÄ»ΓÄ»ΓÄ»ΓÄ»ΓÄ»ΓÄ»[154/161]ΓÄ»

 FAIL  packages/ui/tests/WorkflowCanvas.test.tsx > Canvas sub-components > hides minimap when showMinimap=false
ReferenceError: document is not defined
 Γ¥» Proxy.render packages/ui/node_modules/@testing-library/react/dist/pure.js:239:5
 Γ¥» renderCanvas packages/ui/tests/WorkflowCanvas.test.tsx:125:10
    123|
    124| function renderCanvas(props: Partial<WorkflowCanvasProps> = {}) {
    125|   return render(
       |          ^
    126|     <div style={{ width: 800, height: 600 }}>
    127|       <WorkflowCanvas {...(props as any)} />
 Γ¥» packages/ui/tests/WorkflowCanvas.test.tsx:313:5

ΓÄ»ΓÄ»ΓÄ»ΓÄ»ΓÄ»ΓÄ»ΓÄ»ΓÄ»ΓÄ»ΓÄ»ΓÄ»ΓÄ»ΓÄ»ΓÄ»ΓÄ»ΓÄ»ΓÄ»ΓÄ»ΓÄ»ΓÄ»[155/161]ΓÄ»

 FAIL  packages/core/tests/integration/bundler-compat.test.ts > webpack compatibility > should bundle CJS entry without errors
Error: Test timed out in 30000ms.
If this is a long-running test, pass a timeout value as the last argument or configure it globally with "testTimeout".
 Γ¥» packages/core/tests/integration/bundler-compat.test.ts:371:3
    369| // -------------------------------------------------------------------ΓÇª
    370| describe('webpack compatibility', () => {
    371|   it('should bundle CJS entry without errors', async () => {
       |   ^
    372|     const webpack = (await import('webpack')).default;
    373|     const entryFile = path.join(tmpDir, 'entry-webpack-cjs.cjs');

ΓÄ»ΓÄ»ΓÄ»ΓÄ»ΓÄ»ΓÄ»ΓÄ»ΓÄ»ΓÄ»ΓÄ»ΓÄ»ΓÄ»ΓÄ»ΓÄ»ΓÄ»ΓÄ»ΓÄ»ΓÄ»ΓÄ»ΓÄ»[156/161]ΓÄ»

 FAIL  packages/core/tests/integration/eslint-prettier-setup.test.ts > ESLint + Prettier Setup (TASK-003) > ESLint Execution > should run ESLint without errors on existing code
AssertionError: expected [Function] to not throw an error but 'Error: Command failed: npm run lint\nΓÇª' was thrown

- Expected:
undefined

+ Received:
"Error: Command failed: npm run lint

Oops! Something went wrong! :(

ESLint: 9.39.4

Error: Error while loading rule '@typescript-eslint/await-thenable': You have used a rule which requires type information, but don't have parserOptions set to generate type information for this file. See https://tseslint.com/typed-linting for enabling linting with type information.
Parser: typescript-eslint/parser
Occurred while linting C:\\Users\\aferdman\\OneDrive - Microsoft\\Desktop\\Meirson\\ProjectX2-Product\\packages\\ui\\src\\components\\Badge.tsx
    at throwError (C:\\Users\\aferdman\\OneDrive - Microsoft\\Desktop\\Meirson\\ProjectX2-Product\\node_modules\\@typescript-eslint\\utils\\dist\\eslint-utils\\getParserServices.js:40:11)
    at getParserServices (C:\\Users\\aferdman\\OneDrive - Microsoft\\Desktop\\Meirson\\ProjectX2-Product\\node_modules\\@typescript-eslint\\utils\\dist\\eslint-utils\\getParserServices.js:29:9)
    at create (C:\\Users\\aferdman\\OneDrive - Microsoft\\Desktop\\Meirson\\ProjectX2-Product\\node_modules\\@typescript-eslint\\eslint-plugin\\dist\\rules\\await-thenable.js:63:55)
    at Object.create (C:\\Users\\aferdman\\OneDrive - Microsoft\\Desktop\\Meirson\\ProjectX2-Product\\node_modules\\@typescript-eslint\\utils\\dist\\eslint-utils\\RuleCreator.js:39:20)
    at createRuleListeners (C:\\Users\\aferdman\\OneDrive - Microsoft\\Desktop\\Meirson\\ProjectX2-Product\\node_modules\\eslint\\lib\\linter\\linter.js:1019:15)
    at C:\\Users\\aferdman\\OneDrive - Microsoft\\Desktop\\Meirson\\ProjectX2-Product\\node_modules\\eslint\\lib\\linter\\linter.js:1151:7
    at Array.forEach (<anonymous>)
    at runRules (C:\\Users\\aferdman\\OneDrive - Microsoft\\Desktop\\Meirson\\ProjectX2-Product\\node_modules\\eslint\\lib\\linter\\linter.js:1085:31)
    at #flatVerifyWithoutProcessors (C:\\Users\\aferdman\\OneDrive - Microsoft\\Desktop\\Meirson\\ProjectX2-Product\\node_modules\\eslint\\lib\\linter\\linter.js:2115:4)
    at Linter._verifyWithFlatConfigArrayAndWithoutProcessors (C:\\Users\\aferdman\\OneDrive - Microsoft\\Desktop\\Meirson\\ProjectX2-Product\\node_modules\\eslint\\lib\\linter\\linter.js:2203:43)
"

 Γ¥» packages/core/tests/integration/eslint-prettier-setup.test.ts:199:14
    197|           encoding: 'utf-8',
    198|         });
    199|       }).not.toThrow();
       |              ^
    200|     }, 120_000); // 120 second timeout for ESLint
    201|   });

ΓÄ»ΓÄ»ΓÄ»ΓÄ»ΓÄ»ΓÄ»ΓÄ»ΓÄ»ΓÄ»ΓÄ»ΓÄ»ΓÄ»ΓÄ»ΓÄ»ΓÄ»ΓÄ»ΓÄ»ΓÄ»ΓÄ»ΓÄ»[157/161]ΓÄ»

 FAIL  packages/core/tests/integration/eslint-prettier-setup.test.ts > ESLint + Prettier Setup (TASK-003) > Prettier Execution > should verify all files are formatted correctly
AssertionError: expected [Function] to not throw an error but 'Error: Command failed: npm run formatΓÇª' was thrown

- Expected:
undefined

+ Received:
"Error: Command failed: npm run format:check
[warn] packages/core/src/usage/index.ts
[warn] packages/core/src/usage/usage-errors.ts
[warn] packages/core/src/usage/usage-storage.ts
[warn] packages/core/src/usage/usage-tracker.ts
[warn] packages/core/src/usage/usage-types.ts
[warn] packages/core/src/workflow/index.ts
[warn] packages/core/src/workflow/workflow-errors.ts
[warn] packages/core/src/workflow/workflow-storage-types.ts
[warn] packages/core/src/workflow/workflow-storage.ts
[warn] packages/core/tests/publish-readiness.test.ts
[warn] packages/core/tests/unit/usage-tracker.test.ts
[warn] packages/core/tests/unit/workflow-storage.test.ts
[warn] packages/ui/package.json
[warn] packages/ui/src/components/canvas/index.ts
[warn] packages/ui/src/components/canvas/types.ts
[warn] packages/ui/src/components/index.ts
[warn] packages/ui/src/components/timeline/constants.ts
[warn] packages/ui/src/components/timeline/index.ts
[warn] packages/ui/src/components/timeline/types.ts
[warn] packages/ui/src/index.ts
[warn] packages/ui/src/theme/index.ts
[warn] packages/ui/src/theme/tailwind-config.ts
[warn] packages/ui/src/theme/tokens.ts
[warn] packages/ui/tests/setup.ts
[warn] packages/ui/tests/tokens.test.ts
[warn] packages/ui/tsconfig.json
[warn] packages/ui/vitest.config.ts
[warn] scripts/__tests__/cli-publish-readiness.test.ts
[warn] scripts/__tests__/publish-check.test.ts
[warn] scripts/__tests__/tools-publish-readiness.test.ts
[warn] scripts/__tests__/validate-npm-credentials.test.ts
[warn] scripts/__tests__/validate-package-metadata.test.ts
[warn] scripts/generate-release-notes.ts
[warn] scripts/validate-npm-credentials.ts
[warn] scripts/validate-package-metadata.ts
[warn] scripts/verify-package-exports.ts
[warn] src/design/tailwind/canvas-theme.ts
[warn] src/design/tailwind/dashboard-theme.ts
[warn] src/design/tailwind/responsive-theme.ts
[warn] src/design/tailwind/template-library-theme.ts
[warn] src/design/tailwind/timeline-theme.ts
[warn] src/design/tokens/canvas.json
[warn] src/design/tokens/colors.json
[warn] src/design/tokens/dashboard.json
[warn] src/design/tokens/responsive.json
[warn] src/design/tokens/spacing.json
[warn] src/design/tokens/template-library.json
[warn] src/design/tokens/timeline.json
[warn] src/design/tokens/typography.json
[warn] test-results.json
[error] test-summary.json: SyntaxError: The input should contain exactly one expression, but the first expression is followed by the unexpected character `p`. (1:15)
[error] > 1 | - Scaffolding project╬ô├ç┬¬
[error]     |               ^
[error]   2 |
[error]   3 | ╬ô┬ú├┤ Crewspace project created in C:\\Users\\aferdman\\AppData\\Local\\Temp\\crewspace-init-test-XSm6zW\\cli-test
[error]   4 |
[warn] tsconfig.json
"

 Γ¥» packages/core/tests/integration/eslint-prettier-setup.test.ts:211:14
    209|           encoding: 'utf-8',
    210|         });
    211|       }).not.toThrow();
       |              ^
    212|     }, 60_000); // 60 second timeout for Prettier
    213|   });

ΓÄ»ΓÄ»ΓÄ»ΓÄ»ΓÄ»ΓÄ»ΓÄ»ΓÄ»ΓÄ»ΓÄ»ΓÄ»ΓÄ»ΓÄ»ΓÄ»ΓÄ»ΓÄ»ΓÄ»ΓÄ»ΓÄ»ΓÄ»[158/161]ΓÄ»

 FAIL  packages/core/tests/unit/jsdoc-coverage.test.ts > TASK-018: JSDoc coverage ΓÇö exported declarations > usage/usage-errors.ts ΓÇö all exports should have JSDoc
AssertionError: Missing JSDoc on: USAGE_LIMIT_EXCEEDED (line 14), USAGE_RUN_NOT_FOUND (line 15), USAGE_ACCOUNT_NOT_FOUND (line 16), USAGE_INVALID_TRANSITION (line 17): expected [ ΓÇª(4) ] to have a length of +0 but got 4

- Expected
+ Received

- 0
+ 4

 Γ¥» packages/core/tests/unit/jsdoc-coverage.test.ts:74:68
     72|     if (missing.length > 0) {
     73|       it(`${rel} ΓÇö all exports should have JSDoc`, () => {
     74|         expect(missing, `Missing JSDoc on: ${missing.join(', ')}`).toHΓÇª
       |                                                                    ^
     75|       });
     76|     }

ΓÄ»ΓÄ»ΓÄ»ΓÄ»ΓÄ»ΓÄ»ΓÄ»ΓÄ»ΓÄ»ΓÄ»ΓÄ»ΓÄ»ΓÄ»ΓÄ»ΓÄ»ΓÄ»ΓÄ»ΓÄ»ΓÄ»ΓÄ»[159/161]ΓÄ»

 FAIL  packages/core/tests/unit/jsdoc-coverage.test.ts > TASK-018: JSDoc coverage ΓÇö exported declarations > workflow/workflow-errors.ts ΓÇö all exports should have JSDoc
AssertionError: Missing JSDoc on: WORKFLOW_VALIDATION (line 15): expected [ 'WORKFLOW_VALIDATION (line 15)' ] to have a length of +0 but got 1

- Expected
+ Received

- 0
+ 1

 Γ¥» packages/core/tests/unit/jsdoc-coverage.test.ts:74:68
     72|     if (missing.length > 0) {
     73|       it(`${rel} ΓÇö all exports should have JSDoc`, () => {
     74|         expect(missing, `Missing JSDoc on: ${missing.join(', ')}`).toHΓÇª
       |                                                                    ^
     75|       });
     76|     }

ΓÄ»ΓÄ»ΓÄ»ΓÄ»ΓÄ»ΓÄ»ΓÄ»ΓÄ»ΓÄ»ΓÄ»ΓÄ»ΓÄ»ΓÄ»ΓÄ»ΓÄ»ΓÄ»ΓÄ»ΓÄ»ΓÄ»ΓÄ»[160/161]ΓÄ»

 FAIL  packages/core/tests/unit/task.test.ts > Task > public API exports > should export Task from index
Error: Test timed out in 15000ms.
If this is a long-running test, pass a timeout value as the last argument or configure it globally with "testTimeout".
 Γ¥» packages/core/tests/unit/task.test.ts:743:5
    741|
    742|   describe('public API exports', () => {
    743|     it('should export Task from index', async () => {
       |     ^
    744|       const mod = await import('../../src/index.js');
    745|       expect(mod.Task).toBeDefined();

ΓÄ»ΓÄ»ΓÄ»ΓÄ»ΓÄ»ΓÄ»ΓÄ»ΓÄ»ΓÄ»ΓÄ»ΓÄ»ΓÄ»ΓÄ»ΓÄ»ΓÄ»ΓÄ»ΓÄ»ΓÄ»ΓÄ»ΓÄ»[161/161]ΓÄ»


[2m Test Files [22m [1m[31m17 failed[39m[22m[2m | [22m[1m[32m172 passed[39m[22m[90m (189)[39m
[2m      Tests [22m [1m[31m161 failed[39m[22m[2m | [22m[1m[32m6314 passed[39m[22m[90m (6475)[39m
[2m   Start at [22m 11:11:29
[2m   Duration [22m 120.68s[2m (transform 132.70s, setup 0ms, import 274.44s, tests 387.14s, environment 65ms)[22m

